<html>
<body>
<pre>
<h1>µVision Build Log</h1>
<h2>Tool Versions:</h2>
IDE-Version: ¦ÌVision V5.35.0.0
Copyright (C) 2021 ARM Ltd and ARM Germany GmbH. All rights reserved.
License Information: Leon Shan, sd, LIC=KRMW3-A536A-Y81FK-ZIIXL-PX1RC-APUJC
 
Tool Versions:
Toolchain:       MDK-ARM Plus  Version: 5.35.0.2
Toolchain Path:  C:\UserProfession\Keil_v5\ARM\ARMCLANG\Bin
C Compiler:      ArmClang.exe V6.16
Assembler:       Armasm.exe V6.16
Linker/Locator:  ArmLink.exe V6.16
Library Manager: ArmAr.exe V6.16
Hex Converter:   FromElf.exe V6.16
CPU DLL:         SARMCM3.DLL V5.35.0.2
Dialog DLL:      DCM.DLL V1.17.3.0
Target DLL:      STLink\ST-LINKIII-KEIL_SWO.dll V3.0.9.0
Dialog DLL:      TCM.DLL V1.53.0.0
 
<h2>Project:</h2>
E:\01Work\03SL_RTE\example\stm32_h7_full_demo\cam_h7.uvprojx
Project File Date:  08/07/2021

<h2>Output:</h2>
*** Using Compiler 'V6.16', folder: 'C:\UserProfession\Keil_v5\ARM\ARMCLANG\Bin'
Build target 'Target 1'
user_bsp/bsp_lcd.c(3): warning: In file included from...
./user_bsp/bsp_lcd.h(6): warning: In file included from...
../../inc\rte_include.h(4): warning: In file included from...
../../inc/middle_layer/rte.h(139): warning: zero size arrays are an extension [-Wzero-length-array]
    uint8_t msg_buf[0];
                    ^
user_bsp/bsp_lcd.c(33): warning: implicit conversion loses integer precision: 'int' to 'uint16_t' (aka 'unsigned short') [-Wimplicit-int-conversion]
    x1 = (x1) << 8 | (x1) >> 8;
       ~ ~~~~~~~~~~^~~~~~~~~~~
user_bsp/bsp_lcd.c(34): warning: implicit conversion loses integer precision: 'int' to 'uint16_t' (aka 'unsigned short') [-Wimplicit-int-conversion]
    x2 = (x2) << 8 | (x2) >> 8;
       ~ ~~~~~~~~~~^~~~~~~~~~~
user_bsp/bsp_lcd.c(35): warning: implicit conversion loses integer precision: 'int' to 'uint16_t' (aka 'unsigned short') [-Wimplicit-int-conversion]
    y1 = (y1) << 8 | (y1) >> 8;
       ~ ~~~~~~~~~~^~~~~~~~~~~
user_bsp/bsp_lcd.c(36): warning: implicit conversion loses integer precision: 'int' to 'uint16_t' (aka 'unsigned short') [-Wimplicit-int-conversion]
    y2 = (y2) << 8 | (y2) >> 8;
       ~ ~~~~~~~~~~^~~~~~~~~~~
user_bsp/bsp_lcd.c(37): warning: incompatible pointer types passing 'uint16_t *' (aka 'unsigned short *') to parameter of type 'uint8_t *' (aka 'unsigned char *') [-Wincompatible-pointer-types]
    bsp_lcd_write_ndata(&x1, 2);
                        ^~~
user_bsp/bsp_lcd.c(15): note: passing argument to parameter 'data' here
static void bsp_lcd_write_ndata(uint8_t *data, uint16_t size)
                                         ^
user_bsp/bsp_lcd.c(38): warning: incompatible pointer types passing 'uint16_t *' (aka 'unsigned short *') to parameter of type 'uint8_t *' (aka 'unsigned char *') [-Wincompatible-pointer-types]
    bsp_lcd_write_ndata(&x2, 2);
                        ^~~
user_bsp/bsp_lcd.c(15): note: passing argument to parameter 'data' here
static void bsp_lcd_write_ndata(uint8_t *data, uint16_t size)
                                         ^
user_bsp/bsp_lcd.c(41): warning: incompatible pointer types passing 'uint16_t *' (aka 'unsigned short *') to parameter of type 'uint8_t *' (aka 'unsigned char *') [-Wincompatible-pointer-types]
    bsp_lcd_write_ndata(&y1, 2);
                        ^~~
user_bsp/bsp_lcd.c(15): note: passing argument to parameter 'data' here
static void bsp_lcd_write_ndata(uint8_t *data, uint16_t size)
                                         ^
user_bsp/bsp_lcd.c(42): warning: incompatible pointer types passing 'uint16_t *' (aka 'unsigned short *') to parameter of type 'uint8_t *' (aka 'unsigned char *') [-Wincompatible-pointer-types]
    bsp_lcd_write_ndata(&y2, 2);
                        ^~~
user_bsp/bsp_lcd.c(15): note: passing argument to parameter 'data' here
static void bsp_lcd_write_ndata(uint8_t *data, uint16_t size)
                                         ^
user_bsp/bsp_lcd.c(48): warning: implicit conversion loses integer precision: 'int' to 'uint16_t' (aka 'unsigned short') [-Wimplicit-int-conversion]
        color = (color) << 8 | (color) >> 8;
              ~ ~~~~~~~~~~~~~^~~~~~~~~~~~~~
user_bsp/bsp_lcd.c(3): warning: In file included from...
./user_bsp/bsp_lcd.h(7): warning: In file included from...
../../inc\hal_include.h(4): warning: In file included from...
../../inc/hal/hal_com.h(15): warning: In file included from...
../../inc/hal/hal.h(38): warning: padding struct 'struct __hal_device' with 3 bytes to align 'read' [-Wpadded]
    device_read_sync_f read;
                       ^
user_bsp/bsp_lcd.c(58): warning: implicit conversion loses integer precision: 'int' to 'uint16_t' (aka 'unsigned short') [-Wimplicit-int-conversion]
        color = (color) << 8 | (color) >> 8;
              ~ ~~~~~~~~~~~~~^~~~~~~~~~~~~~
user_bsp/bsp_lcd.c(80): warning: implicit conversion changes signedness: 'int' to 'unsigned int' [-Wsign-conversion]
        uint32_t alignedAddr = (uint32_t)line_buffer &  ~0x1F;
                                                     ~  ^~~~~
user_bsp/bsp_lcd.c(81): warning: implicit conversion changes signedness: 'unsigned int' to 'int32_t' (aka 'int') [-Wsign-conversion]
        SCB_CleanDCache_by_Addr((uint32_t *)alignedAddr, 2 * (x1 - x0 + 1) + ((uint32_t)line_buffer - alignedAddr));
        ~~~~~~~~~~~~~~~~~~~~~~~                          ~~~~~~~~~~~~~~~~~~^~~~~~~~~~~~~~~~~~~~~~~~~~~~~~~~~~~~~~~
user_bsp/bsp_lcd.c(65): warning: no previous prototype for function 'bsp_lcd_fill_color_normal' [-Wmissing-prototypes]
void bsp_lcd_fill_color_normal(uint16_t x0, uint16_t y0, uint16_t x1, uint16_t y1, uint16_t color)
     ^
user_bsp/bsp_lcd.c(65): note: declare 'static' if the function is not intended to be used outside of this translation unit
void bsp_lcd_fill_color_normal(uint16_t x0, uint16_t y0, uint16_t x1, uint16_t y1, uint16_t color)
^
static 
user_bsp/bsp_lcd.c(106): warning: implicit conversion changes signedness: 'int' to 'unsigned int' [-Wsign-conversion]
                uint32_t alignedAddr = (uint32_t)color_map &  ~0x1F;
                                                           ~  ^~~~~
user_bsp/bsp_lcd.c(107): warning: implicit conversion changes signedness: 'unsigned int' to 'int32_t' (aka 'int') [-Wsign-conversion]
                SCB_CleanDCache_by_Addr((uint32_t*)alignedAddr, send_count + ((uint32_t)color_map - alignedAddr));
                ~~~~~~~~~~~~~~~~~~~~~~~                         ~~~~~~~~~~~^~~~~~~~~~~~~~~~~~~~~~~~~~~~~~~~~~~~~
user_bsp/bsp_lcd.c(2): warning: In file included from...
./RTE/Device/STM32H743VITx/STCubeGenerated/Inc\spi.h(28): warning: In file included from...
./RTE/Device/STM32H743VITx/STCubeGenerated/Inc/main.h(31): warning: In file included from...
C:/UserProfession/Keil_v5/Packs/Keil/STM32H7xx_DFP/2.7.0/Drivers/STM32H7xx_HAL_Driver/Inc\stm32h7xx_hal.h(30): warning: In file included from...
./RTE/Device/STM32H743VITx/STCubeGenerated/Inc\stm32h7xx_hal_conf.h(442): warning: In file included from...
C:/UserProfession/Keil_v5/Packs/Keil/STM32H7xx_DFP/2.7.0/Drivers/STM32H7xx_HAL_Driver/Inc\stm32h7xx_hal_spi.h(197): warning: padding struct 'struct __SPI_HandleTypeDef' with 2 bytes to align 'ErrorCode' [-Wpadded]
  __IO uint32_t              ErrorCode;                    /*!< SPI Error code                           */
                             ^
user_bsp/bsp_lcd.c(2): warning: In file included from...
./RTE/Device/STM32H743VITx/STCubeGenerated/Inc\spi.h(28): warning: In file included from...
./RTE/Device/STM32H743VITx/STCubeGenerated/Inc/main.h(31): warning: In file included from...
C:/UserProfession/Keil_v5/Packs/Keil/STM32H7xx_DFP/2.7.0/Drivers/STM32H7xx_HAL_Driver/Inc\stm32h7xx_hal.h(30): warning: In file included from...
./RTE/Device/STM32H743VITx/STCubeGenerated/Inc\stm32h7xx_hal_conf.h(254): warning: In file included from...
C:/UserProfession/Keil_v5/Packs/Keil/STM32H7xx_DFP/2.7.0/Drivers/STM32H7xx_HAL_Driver/Inc\stm32h7xx_hal_dma.h(147): warning: padding struct 'struct __DMA_HandleTypeDef' with 2 bytes to align 'Parent' [-Wpadded]
  void                            *Parent;                                                          /*!< Parent object state                           */
                                   ^
19 warnings generated.
compiling bsp_lcd.c...
linking...
.\Objects\cam_h7.sct(16): warning: L6314W: No section matches pattern *(.RAM_MATH).
.\Objects\cam_h7.sct(19): warning: L6314W: No section matches pattern *(.RAM_CAM).
.\Objects\cam_h7.sct(23): warning: L6314W: No section matches pattern *(.RAM_GUI).
Program Size: Code=37280 RO-data=2776 RW-data=98588 ZI-data=13604  
Finished: 0 information, 3 warning and 0 error messages.
".\Objects\cam_h7.axf" - 0 Error(s), 22 Warning(s).

<h2>Software Packages used:</h2>

Package Vendor: ARM
                http://www.keil.com/pack/ARM.CMSIS.5.8.0.pack
                ARM.CMSIS.5.8.0
                CMSIS (Common Microcontroller Software Interface Standard)
   * Component: RTOS2 Version: 2.1.3
   * Component: CORE Version: 5.5.0
   * Component: Keil RTX5 Variant: Library Version: 5.5.3

Package Vendor: Keil
                project-path/Keil.FrameworkCubeMX.1.0.0.pack
                Keil.FrameworkCubeMX.1.0.0
                STM32CubeMX generated pack description
   * Component: STM32CubeMX Version: 1.1.0

Package Vendor: Keil
                http://www.keil.com/pack/Keil.STM32H7xx_DFP.2.7.0.pack
                Keil.STM32H7xx_DFP.2.7.0
                STMicroelectronics STM32H7 Series Device Support and Examples
   * Component: STM32Cube Framework Version: 1.1.0
   * Component: Common Version: 1.8.0
   * Component: Cortex Version: 1.8.0
   * Component: DMA Version: 1.8.0
   * Component: GPIO Version: 1.8.0
   * Component: PWR Version: 1.8.0
   * Component: RCC Version: 1.8.0
   * Component: SPI Version: 1.8.0
   * Component: UART Version: 1.8.0
   * Component: Startup Version: 1.8.0

<h2>Collection of Component include folders:</h2>
  .\RTE\CMSIS
  .\RTE\Device\STM32H743VITx
  .\RTE\Device\STM32H743VITx\STCubeGenerated
  .\RTE\Device\STM32H743VITx\STCubeGenerated\Inc
  .\RTE\_Target_1
  C:\UserProfession\Keil_v5\Packs\ARM\CMSIS\5.8.0\CMSIS\Core\Include
  C:\UserProfession\Keil_v5\Packs\ARM\CMSIS\5.8.0\CMSIS\RTOS2\Include
  C:\UserProfession\Keil_v5\Packs\ARM\CMSIS\5.8.0\CMSIS\RTOS2\RTX\Include
  C:\UserProfession\Keil_v5\Packs\Keil\STM32H7xx_DFP\2.7.0\Drivers\CMSIS\Device\ST\STM32H7xx\Include
  C:\UserProfession\Keil_v5\Packs\Keil\STM32H7xx_DFP\2.7.0\Drivers\STM32H7xx_HAL_Driver\Inc

<h2>Collection of Component Files used:</h2>

   * Component: ::CMSIS:RTOS2:2.1.3 (API)
      Include file:  CMSIS\RTOS2\Include\cmsis_os2.h

   * Component: ::Device:STM32Cube Framework:1.1.0 (API)

   * Component: ARM::CMSIS:CORE:5.5.0

   * Component: ARM::CMSIS:RTOS2:Keil RTX5:Library:5.5.3
      Include file:  CMSIS\RTOS2\RTX\Include\rtx_os.h
      Source file:   CMSIS\RTOS2\RTX\Config\RTX_Config.c
      Source file:   CMSIS\RTOS2\RTX\Template\Events.c
      Source file:   CMSIS\RTOS2\RTX\Template\MsgQueue.c
      Source file:   CMSIS\RTOS2\RTX\Template\Thread.c
      Source file:   CMSIS\RTOS2\RTX\Template\Semaphore.c
      Include file:  CMSIS\RTOS2\RTX\Config\RTX_Config.h
      Source file:   CMSIS\RTOS2\RTX\Source\rtx_lib.c
      Source file:   CMSIS\RTOS2\RTX\Template\MemPool.c
      Library file:  CMSIS\RTOS2\RTX\Library\ARM\RTX_CM4F.lib
      Source file:   CMSIS\RTOS2\RTX\Template\Timer.c
      Source file:   CMSIS\RTOS2\RTX\Template\main.c
      Source file:   CMSIS\RTOS2\RTX\Template\svc_user.c
      Source file:   CMSIS\RTOS2\RTX\Template\Mutex.c

   * Component: Keil::Device:STM32Cube Framework:STM32CubeMX:1.1.0
      Include file:  STCubeGenerated\Inc\stm32h7xx_hal_conf.h
      Source file:   STCubeGenerated\Src\stm32h7xx_hal_msp.c
      Include file:  MX_Device.h

   * Component: Keil::Device:STM32Cube HAL:Common:1.8.0
      Include file:  Drivers\STM32H7xx_HAL_Driver\Inc\stm32h7xx_hal.h
      Source file:   Drivers\STM32H7xx_HAL_Driver\Src\stm32h7xx_hal.c

   * Component: Keil::Device:STM32Cube HAL:Cortex:1.8.0
      Source file:   Drivers\STM32H7xx_HAL_Driver\Src\stm32h7xx_hal_cortex.c

   * Component: Keil::Device:STM32Cube HAL:DMA:1.8.0
      Source file:   Drivers\STM32H7xx_HAL_Driver\Src\stm32h7xx_hal_dma.c
      Source file:   Drivers\STM32H7xx_HAL_Driver\Src\stm32h7xx_hal_dma_ex.c

   * Component: Keil::Device:STM32Cube HAL:GPIO:1.8.0
      Source file:   Drivers\STM32H7xx_HAL_Driver\Src\stm32h7xx_hal_gpio.c

   * Component: Keil::Device:STM32Cube HAL:PWR:1.8.0
      Source file:   Drivers\STM32H7xx_HAL_Driver\Src\stm32h7xx_hal_pwr_ex.c
      Source file:   Drivers\STM32H7xx_HAL_Driver\Src\stm32h7xx_hal_pwr.c

   * Component: Keil::Device:STM32Cube HAL:RCC:1.8.0
      Source file:   Drivers\STM32H7xx_HAL_Driver\Src\stm32h7xx_hal_rcc_ex.c
      Source file:   Drivers\STM32H7xx_HAL_Driver\Src\stm32h7xx_hal_rcc.c

   * Component: Keil::Device:STM32Cube HAL:SPI:1.8.0
      Source file:   Drivers\STM32H7xx_HAL_Driver\Src\stm32h7xx_hal_spi.c
      Source file:   Drivers\STM32H7xx_HAL_Driver\Src\stm32h7xx_hal_spi_ex.c

   * Component: Keil::Device:STM32Cube HAL:UART:1.8.0
      Source file:   Drivers\STM32H7xx_HAL_Driver\Src\stm32h7xx_hal_uart.c
      Source file:   Drivers\STM32H7xx_HAL_Driver\Src\stm32h7xx_hal_uart_ex.c

   * Component: Keil::Device:Startup:1.8.0
      Source file:   Drivers\CMSIS\Device\ST\STM32H7xx\Source\Templates\arm\startup_stm32h743xx.s
      Include file:  Drivers\CMSIS\Device\ST\STM32H7xx\Include\stm32h7xx.h
      Source file:   Drivers\CMSIS\Device\ST\STM32H7xx\Source\Templates\system_stm32h7xx.c
Build Time Elapsed:  00:00:04
</pre>
</body>
</html>
