<html>
<body>
<pre>
<h1>µVision Build Log</h1>
<h2>Tool Versions:</h2>
IDE-Version: ¦ÌVision V5.35.0.0
Copyright (C) 2021 ARM Ltd and ARM Germany GmbH. All rights reserved.
License Information: Leon Shan, sd, LIC=KRMW3-A536A-Y81FK-ZIIXL-PX1RC-APUJC
 
Tool Versions:
Toolchain:       MDK-ARM Plus  Version: 5.35.0.2
Toolchain Path:  C:\UserProfession\Keil_v5\ARM\ARMCLANG\Bin
C Compiler:      ArmClang.exe V6.16
Assembler:       Armasm.exe V6.16
Linker/Locator:  ArmLink.exe V6.16
Library Manager: ArmAr.exe V6.16
Hex Converter:   FromElf.exe V6.16
CPU DLL:         SARMCM3.DLL V5.35.0.2
Dialog DLL:      DCM.DLL V1.17.3.0
Target DLL:      STLink\ST-LINKIII-KEIL_SWO.dll V3.0.9.0
Dialog DLL:      TCM.DLL V1.53.0.0
 
<h2>Project:</h2>
E:\01Work\03SL_RTE\example\stm32_h7_full_demo\cam_h7.uvprojx
Project File Date:  08/07/2021

<h2>Output:</h2>
*** Using Compiler 'V6.16', folder: 'C:\UserProfession\Keil_v5\ARM\ARMCLANG\Bin'
Build target 'Target 1'
compiling lv_obj_class.c...
compiling lv_disp.c...
compiling lv_group.c...
compiling lv_event.c...
compiling lv_obj.c...
compiling gui_thread.c...
compiling lv_indev_scroll.c...
compiling lv_indev.c...
compiling lv_obj_draw.c...
compiling lv_obj_style_gen.c...
compiling lv_obj_scroll.c...
compiling lv_obj_pos.c...
compiling lv_obj_style.c...
compiling lv_obj_tree.c...
compiling lv_theme.c...
compiling lv_refr.c...
compiling lv_draw_arc.c...
compiling lv_draw_line.c...
compiling lv_draw_label.c...
compiling lv_draw_img.c...
compiling lv_draw_blend.c...
compiling lv_draw_triangle.c...
compiling lv_draw_mask.c...
compiling lv_draw_rect.c...
compiling lv_img_cache.c...
compiling lv_img_decoder.c...
compiling lv_img_buf.c...
compiling lv_flex.c...
compiling lv_grid.c...
compiling lv_snapshot.c...
compiling lv_theme_basic.c...
compiling lv_theme_default.c...
compiling lv_calendar_header_arrow.c...
compiling lv_calendar_header_dropdown.c...
compiling lv_theme_mono.c...
compiling lv_calendar.c...
compiling lv_animimg.c...
compiling lv_colorwheel.c...
compiling lv_imgbtn.c...
compiling lv_chart.c...
compiling lv_keyboard.c...
compiling lv_msgbox.c...
compiling lv_meter.c...
compiling lv_list.c...
compiling lv_led.c...
compiling lv_spinner.c...
compiling lv_spinbox.c...
compiling lv_span.c...
compiling lv_font.c...
compiling lv_tileview.c...
compiling lv_tabview.c...
compiling lv_extra.c...
compiling lv_win.c...
compiling lv_font_loader.c...
compiling lv_font_dejavu_16_persian_hebrew.c...
compiling lv_font_fmt_txt.c...
compiling lv_font_montserrat_12.c...
compiling lv_font_montserrat_8.c...
compiling lv_font_montserrat_10.c...
compiling lv_font_montserrat_12_subpx.c...
compiling lv_font_montserrat_14.c...
compiling lv_font_montserrat_20.c...
compiling lv_font_montserrat_16.c...
compiling lv_font_montserrat_18.c...
compiling lv_font_montserrat_28_compressed.c...
compiling lv_font_montserrat_22.c...
compiling lv_font_montserrat_24.c...
compiling lv_font_montserrat_26.c...
compiling lv_font_montserrat_28.c...
compiling lv_font_montserrat_30.c...
compiling lv_font_montserrat_34.c...
compiling lv_font_montserrat_32.c...
compiling lv_font_montserrat_36.c...
compiling lv_font_montserrat_38.c...
compiling lv_font_montserrat_40.c...
compiling lv_font_montserrat_42.c...
compiling lv_font_montserrat_44.c...
compiling lv_font_montserrat_46.c...
compiling lv_font_montserrat_48.c...
compiling lv_font_simsun_16_cjk.c...
compiling lv_gpu_nxp_pxp.c...
compiling lv_gpu_nxp_pxp_osa.c...
compiling lv_gpu_nxp_vglite.c...
compiling lv_font_unscii_8.c...
compiling lv_font_unscii_16.c...
compiling lv_gpu_stm32_dma2d.c...
compiling lv_hal_indev.c...
compiling lv_hal_disp.c...
compiling lv_hal_tick.c...
compiling lv_bidi.c...
compiling lv_async.c...
compiling lv_anim.c...
compiling lv_anim_timeline.c...
compiling lv_color.c...
compiling lv_area.c...
compiling lv_fs.c...
compiling lv_gc.c...
compiling lv_ll.c...
compiling lv_log.c...
compiling lv_math.c...
compiling lv_mem.c...
compiling lv_style.c...
compiling lv_printf.c...
compiling lv_style_gen.c...
compiling lv_timer.c...
compiling lv_txt.c...
compiling lv_txt_ap.c...
compiling lv_tlsf.c...
compiling lv_utils.c...
compiling lv_btn.c...
compiling lv_bar.c...
compiling lv_arc.c...
compiling lv_btnmatrix.c...
compiling lv_checkbox.c...
compiling lv_dropdown.c...
compiling lv_canvas.c...
compiling lv_roller.c...
compiling lv_line.c...
compiling lv_label.c...
compiling lv_img.c...
compiling lv_slider.c...
compiling lv_switch.c...
compiling lv_table.c...
compiling lv_textarea.c...
linking...
.\Objects\cam_h7.sct(16): warning: L6314W: No section matches pattern *(.RAM_MATH).
.\Objects\cam_h7.sct(19): warning: L6314W: No section matches pattern *(.RAM_CAM).
Program Size: Code=119180 RO-data=19532 RW-data=360740 ZI-data=14700  
Finished: 0 information, 2 warning and 0 error messages.
".\Objects\cam_h7.axf" - 0 Error(s), 2 Warning(s).

<h2>Software Packages used:</h2>

Package Vendor: ARM
                http://www.keil.com/pack/ARM.CMSIS.5.8.0.pack
                ARM.CMSIS.5.8.0
                CMSIS (Common Microcontroller Software Interface Standard)
   * Component: RTOS2 Version: 2.1.3
   * Component: CORE Version: 5.5.0
   * Component: Keil RTX5 Variant: Library Version: 5.5.3

Package Vendor: Keil
                project-path/Keil.FrameworkCubeMX.1.0.0.pack
                Keil.FrameworkCubeMX.1.0.0
                STM32CubeMX generated pack description
   * Component: STM32CubeMX Version: 1.1.0

Package Vendor: Keil
                http://www.keil.com/pack/Keil.STM32H7xx_DFP.2.7.0.pack
                Keil.STM32H7xx_DFP.2.7.0
                STMicroelectronics STM32H7 Series Device Support and Examples
   * Component: STM32Cube Framework Version: 1.1.0
   * Component: Common Version: 1.8.0
   * Component: Cortex Version: 1.8.0
   * Component: DMA Version: 1.8.0
   * Component: GPIO Version: 1.8.0
   * Component: PWR Version: 1.8.0
   * Component: RCC Version: 1.8.0
   * Component: SPI Version: 1.8.0
   * Component: UART Version: 1.8.0
   * Component: Startup Version: 1.8.0

<h2>Collection of Component include folders:</h2>
  .\RTE\CMSIS
  .\RTE\Device\STM32H743VITx
  .\RTE\Device\STM32H743VITx\STCubeGenerated
  .\RTE\Device\STM32H743VITx\STCubeGenerated\Inc
  .\RTE\_Target_1
  C:\UserProfession\Keil_v5\Packs\ARM\CMSIS\5.8.0\CMSIS\Core\Include
  C:\UserProfession\Keil_v5\Packs\ARM\CMSIS\5.8.0\CMSIS\RTOS2\Include
  C:\UserProfession\Keil_v5\Packs\ARM\CMSIS\5.8.0\CMSIS\RTOS2\RTX\Include
  C:\UserProfession\Keil_v5\Packs\Keil\STM32H7xx_DFP\2.7.0\Drivers\CMSIS\Device\ST\STM32H7xx\Include
  C:\UserProfession\Keil_v5\Packs\Keil\STM32H7xx_DFP\2.7.0\Drivers\STM32H7xx_HAL_Driver\Inc

<h2>Collection of Component Files used:</h2>

   * Component: ::CMSIS:RTOS2:2.1.3 (API)
      Include file:  CMSIS\RTOS2\Include\cmsis_os2.h

   * Component: ::Device:STM32Cube Framework:1.1.0 (API)

   * Component: ARM::CMSIS:CORE:5.5.0

   * Component: ARM::CMSIS:RTOS2:Keil RTX5:Library:5.5.3
      Source file:   CMSIS\RTOS2\RTX\Template\main.c
      Source file:   CMSIS\RTOS2\RTX\Template\svc_user.c
      Source file:   CMSIS\RTOS2\RTX\Template\MsgQueue.c
      Source file:   CMSIS\RTOS2\RTX\Template\Events.c
      Include file:  CMSIS\RTOS2\RTX\Config\RTX_Config.h
      Source file:   CMSIS\RTOS2\RTX\Config\RTX_Config.c
      Source file:   CMSIS\RTOS2\RTX\Template\Semaphore.c
      Source file:   CMSIS\RTOS2\RTX\Template\Thread.c
      Include file:  CMSIS\RTOS2\RTX\Include\rtx_os.h
      Source file:   CMSIS\RTOS2\RTX\Template\Timer.c
      Source file:   CMSIS\RTOS2\RTX\Source\rtx_lib.c
      Source file:   CMSIS\RTOS2\RTX\Template\MemPool.c
      Source file:   CMSIS\RTOS2\RTX\Template\Mutex.c
      Library file:  CMSIS\RTOS2\RTX\Library\ARM\RTX_CM4F.lib

   * Component: Keil::Device:STM32Cube Framework:STM32CubeMX:1.1.0
      Include file:  STCubeGenerated\Inc\stm32h7xx_hal_conf.h
      Source file:   STCubeGenerated\Src\stm32h7xx_hal_msp.c
      Include file:  MX_Device.h

   * Component: Keil::Device:STM32Cube HAL:Common:1.8.0
      Include file:  Drivers\STM32H7xx_HAL_Driver\Inc\stm32h7xx_hal.h
      Source file:   Drivers\STM32H7xx_HAL_Driver\Src\stm32h7xx_hal.c

   * Component: Keil::Device:STM32Cube HAL:Cortex:1.8.0
      Source file:   Drivers\STM32H7xx_HAL_Driver\Src\stm32h7xx_hal_cortex.c

   * Component: Keil::Device:STM32Cube HAL:DMA:1.8.0
      Source file:   Drivers\STM32H7xx_HAL_Driver\Src\stm32h7xx_hal_dma_ex.c
      Source file:   Drivers\STM32H7xx_HAL_Driver\Src\stm32h7xx_hal_dma.c

   * Component: Keil::Device:STM32Cube HAL:GPIO:1.8.0
      Source file:   Drivers\STM32H7xx_HAL_Driver\Src\stm32h7xx_hal_gpio.c

   * Component: Keil::Device:STM32Cube HAL:PWR:1.8.0
      Source file:   Drivers\STM32H7xx_HAL_Driver\Src\stm32h7xx_hal_pwr_ex.c
      Source file:   Drivers\STM32H7xx_HAL_Driver\Src\stm32h7xx_hal_pwr.c

   * Component: Keil::Device:STM32Cube HAL:RCC:1.8.0
      Source file:   Drivers\STM32H7xx_HAL_Driver\Src\stm32h7xx_hal_rcc_ex.c
      Source file:   Drivers\STM32H7xx_HAL_Driver\Src\stm32h7xx_hal_rcc.c

   * Component: Keil::Device:STM32Cube HAL:SPI:1.8.0
      Source file:   Drivers\STM32H7xx_HAL_Driver\Src\stm32h7xx_hal_spi.c
      Source file:   Drivers\STM32H7xx_HAL_Driver\Src\stm32h7xx_hal_spi_ex.c

   * Component: Keil::Device:STM32Cube HAL:UART:1.8.0
      Source file:   Drivers\STM32H7xx_HAL_Driver\Src\stm32h7xx_hal_uart.c
      Source file:   Drivers\STM32H7xx_HAL_Driver\Src\stm32h7xx_hal_uart_ex.c

   * Component: Keil::Device:Startup:1.8.0
      Source file:   Drivers\CMSIS\Device\ST\STM32H7xx\Source\Templates\arm\startup_stm32h743xx.s
      Include file:  Drivers\CMSIS\Device\ST\STM32H7xx\Include\stm32h7xx.h
      Source file:   Drivers\CMSIS\Device\ST\STM32H7xx\Source\Templates\system_stm32h7xx.c
Build Time Elapsed:  00:00:33
</pre>
</body>
</html>
