<!doctype html public "-//w3c//dtd html 4.0 transitional//en">
<html><head>
<title>Static Call Graph - [.\Objects\cam_h7.axf]</title></head>
<body><HR>
<H1>Static Call Graph for image .\Objects\cam_h7.axf</H1><HR>
<BR><P>#&#060CALLGRAPH&#062# ARM Linker, 6160001: Last Updated: Sat Aug  7 23:48:37 2021
<BR><P>
<H3>Maximum Stack Usage =       2976 bytes + Unknown(Functions without stacksize, Cycles, Untraceable Function Pointers)</H3><H3>
Call chain for Maximum Stack Depth:</H3>
lv_arc_event &rArr; lv_draw_arc &rArr; lv_draw_rect &rArr; lv_draw_img &rArr; show_error &rArr;  lv_draw_rect (Cycle)
<P>
<H3>
Functions with no stack information
</H3><UL>
 <LI><a href="#[15f]">__user_initial_stackheap</a>
 <LI><a href="#[6]">SVC_Handler</a>
 <LI><a href="#[8]">PendSV_Handler</a>
 <LI><a href="#[9]">SysTick_Handler</a>
</UL>
</UL>
<P>
<H3>
Mutually Recursive functions
</H3> <LI><a href="#[81]">ADC3_IRQHandler</a>&nbsp;&nbsp;&nbsp;&rArr;&nbsp;&nbsp;&nbsp;<a href="#[81]">ADC3_IRQHandler</a><BR>
 <LI><a href="#[3be]">osRtxThreadListRoot</a>&nbsp;&nbsp;&nbsp;&rArr;&nbsp;&nbsp;&nbsp;<a href="#[3be]">osRtxThreadListRoot</a><BR>
 <LI><a href="#[4]">BusFault_Handler</a>&nbsp;&nbsp;&nbsp;&rArr;&nbsp;&nbsp;&nbsp;<a href="#[4]">BusFault_Handler</a><BR>
 <LI><a href="#[2]">HardFault_Handler</a>&nbsp;&nbsp;&nbsp;&rArr;&nbsp;&nbsp;&nbsp;<a href="#[2]">HardFault_Handler</a><BR>
 <LI><a href="#[3]">MemManage_Handler</a>&nbsp;&nbsp;&nbsp;&rArr;&nbsp;&nbsp;&nbsp;<a href="#[3]">MemManage_Handler</a><BR>
 <LI><a href="#[1]">NMI_Handler</a>&nbsp;&nbsp;&nbsp;&rArr;&nbsp;&nbsp;&nbsp;<a href="#[1]">NMI_Handler</a><BR>
 <LI><a href="#[3b5]">osRtxErrorNotify</a>&nbsp;&nbsp;&nbsp;&rArr;&nbsp;&nbsp;&nbsp;<a href="#[3b5]">osRtxErrorNotify</a><BR>
 <LI><a href="#[5]">UsageFault_Handler</a>&nbsp;&nbsp;&nbsp;&rArr;&nbsp;&nbsp;&nbsp;<a href="#[5]">UsageFault_Handler</a><BR>
 <LI><a href="#[f8]">osRtxIdleThread</a>&nbsp;&nbsp;&nbsp;&rArr;&nbsp;&nbsp;&nbsp;<a href="#[f8]">osRtxIdleThread</a><BR>
 <LI><a href="#[38b]">lv_refr_obj</a>&nbsp;&nbsp;&nbsp;&rArr;&nbsp;&nbsp;&nbsp;<a href="#[38b]">lv_refr_obj</a><BR>
 <LI><a href="#[38a]">lv_refr_get_top_obj</a>&nbsp;&nbsp;&nbsp;&rArr;&nbsp;&nbsp;&nbsp;<a href="#[38a]">lv_refr_get_top_obj</a><BR>
 <LI><a href="#[28d]">event_send_core</a>&nbsp;&nbsp;&nbsp;&rArr;&nbsp;&nbsp;&nbsp;<a href="#[28d]">event_send_core</a><BR>
 <LI><a href="#[226]">_lv_area_is_point_on</a>&nbsp;&nbsp;&nbsp;&rArr;&nbsp;&nbsp;&nbsp;<a href="#[226]">_lv_area_is_point_on</a><BR>
 <LI><a href="#[28c]">lv_draw_label</a>&nbsp;&nbsp;&nbsp;&rArr;&nbsp;&nbsp;&nbsp;<a href="#[28a]">lv_draw_rect</a><BR>
 <LI><a href="#[2f8]">lv_draw_line</a>&nbsp;&nbsp;&nbsp;&rArr;&nbsp;&nbsp;&nbsp;<a href="#[28a]">lv_draw_rect</a><BR>
 <LI><a href="#[2f2]">show_error</a>&nbsp;&nbsp;&nbsp;&rArr;&nbsp;&nbsp;&nbsp;<a href="#[28a]">lv_draw_rect</a><BR>
 <LI><a href="#[b0]">lv_obj_get_style_prop</a>&nbsp;&nbsp;&nbsp;&rArr;&nbsp;&nbsp;&nbsp;<a href="#[b0]">lv_obj_get_style_prop</a><BR>
 <LI><a href="#[276]">lv_obj_move_children_by</a>&nbsp;&nbsp;&nbsp;&rArr;&nbsp;&nbsp;&nbsp;<a href="#[276]">lv_obj_move_children_by</a><BR>
 <LI><a href="#[2c1]">layout_update_core</a>&nbsp;&nbsp;&nbsp;&rArr;&nbsp;&nbsp;&nbsp;<a href="#[2c1]">layout_update_core</a><BR>
 <LI><a href="#[384]">refresh_children_style</a>&nbsp;&nbsp;&nbsp;&rArr;&nbsp;&nbsp;&nbsp;<a href="#[384]">refresh_children_style</a><BR>
 <LI><a href="#[35a]">lv_obj_construct</a>&nbsp;&nbsp;&nbsp;&rArr;&nbsp;&nbsp;&nbsp;<a href="#[35a]">lv_obj_construct</a><BR>
 <LI><a href="#[24f]">apply_theme</a>&nbsp;&nbsp;&nbsp;&rArr;&nbsp;&nbsp;&nbsp;<a href="#[24f]">apply_theme</a><BR>
 <LI><a href="#[3a7]">report_style_change_core</a>&nbsp;&nbsp;&nbsp;&rArr;&nbsp;&nbsp;&nbsp;<a href="#[3a7]">report_style_change_core</a><BR>
 <LI><a href="#[35c]">obj_del_core</a>&nbsp;&nbsp;&nbsp;&rArr;&nbsp;&nbsp;&nbsp;<a href="#[35c]">obj_del_core</a><BR>
</UL>
<P>
<H3>
Function Pointers
</H3><UL>
 <LI><a href="#[81]">ADC3_IRQHandler</a> from startup_stm32h743xx.o(.text) referenced from startup_stm32h743xx.o(RESET)
 <LI><a href="#[1c]">ADC_IRQHandler</a> from startup_stm32h743xx.o(.text) referenced from startup_stm32h743xx.o(RESET)
 <LI><a href="#[83]">BDMA_Channel0_IRQHandler</a> from startup_stm32h743xx.o(.text) referenced from startup_stm32h743xx.o(RESET)
 <LI><a href="#[84]">BDMA_Channel1_IRQHandler</a> from startup_stm32h743xx.o(.text) referenced from startup_stm32h743xx.o(RESET)
 <LI><a href="#[85]">BDMA_Channel2_IRQHandler</a> from startup_stm32h743xx.o(.text) referenced from startup_stm32h743xx.o(RESET)
 <LI><a href="#[86]">BDMA_Channel3_IRQHandler</a> from startup_stm32h743xx.o(.text) referenced from startup_stm32h743xx.o(RESET)
 <LI><a href="#[87]">BDMA_Channel4_IRQHandler</a> from startup_stm32h743xx.o(.text) referenced from startup_stm32h743xx.o(RESET)
 <LI><a href="#[88]">BDMA_Channel5_IRQHandler</a> from startup_stm32h743xx.o(.text) referenced from startup_stm32h743xx.o(RESET)
 <LI><a href="#[89]">BDMA_Channel6_IRQHandler</a> from startup_stm32h743xx.o(.text) referenced from startup_stm32h743xx.o(RESET)
 <LI><a href="#[8a]">BDMA_Channel7_IRQHandler</a> from startup_stm32h743xx.o(.text) referenced from startup_stm32h743xx.o(RESET)
 <LI><a href="#[4]">BusFault_Handler</a> from lto-llvm-e2b3d9.o(.text.BusFault_Handler) referenced from startup_stm32h743xx.o(RESET)
 <LI><a href="#[62]">CEC_IRQHandler</a> from startup_stm32h743xx.o(.text) referenced from startup_stm32h743xx.o(RESET)
 <LI><a href="#[8b]">COMP1_IRQHandler</a> from startup_stm32h743xx.o(.text) referenced from startup_stm32h743xx.o(RESET)
 <LI><a href="#[91]">CRS_IRQHandler</a> from startup_stm32h743xx.o(.text) referenced from startup_stm32h743xx.o(RESET)
 <LI><a href="#[53]">DCMI_IRQHandler</a> from startup_stm32h743xx.o(.text) referenced from startup_stm32h743xx.o(RESET)
 <LI><a href="#[72]">DFSDM1_FLT0_IRQHandler</a> from startup_stm32h743xx.o(.text) referenced from startup_stm32h743xx.o(RESET)
 <LI><a href="#[73]">DFSDM1_FLT1_IRQHandler</a> from startup_stm32h743xx.o(.text) referenced from startup_stm32h743xx.o(RESET)
 <LI><a href="#[74]">DFSDM1_FLT2_IRQHandler</a> from startup_stm32h743xx.o(.text) referenced from startup_stm32h743xx.o(RESET)
 <LI><a href="#[75]">DFSDM1_FLT3_IRQHandler</a> from startup_stm32h743xx.o(.text) referenced from startup_stm32h743xx.o(RESET)
 <LI><a href="#[15]">DMA1_Stream0_IRQHandler</a> from lto-llvm-e2b3d9.o(.text.DMA1_Stream0_IRQHandler) referenced from startup_stm32h743xx.o(RESET)
 <LI><a href="#[16]">DMA1_Stream1_IRQHandler</a> from lto-llvm-e2b3d9.o(.text.DMA1_Stream1_IRQHandler) referenced from startup_stm32h743xx.o(RESET)
 <LI><a href="#[17]">DMA1_Stream2_IRQHandler</a> from startup_stm32h743xx.o(.text) referenced from startup_stm32h743xx.o(RESET)
 <LI><a href="#[18]">DMA1_Stream3_IRQHandler</a> from startup_stm32h743xx.o(.text) referenced from startup_stm32h743xx.o(RESET)
 <LI><a href="#[19]">DMA1_Stream4_IRQHandler</a> from startup_stm32h743xx.o(.text) referenced from startup_stm32h743xx.o(RESET)
 <LI><a href="#[1a]">DMA1_Stream5_IRQHandler</a> from startup_stm32h743xx.o(.text) referenced from startup_stm32h743xx.o(RESET)
 <LI><a href="#[1b]">DMA1_Stream6_IRQHandler</a> from startup_stm32h743xx.o(.text) referenced from startup_stm32h743xx.o(RESET)
 <LI><a href="#[38]">DMA1_Stream7_IRQHandler</a> from startup_stm32h743xx.o(.text) referenced from startup_stm32h743xx.o(RESET)
 <LI><a href="#[5e]">DMA2D_IRQHandler</a> from startup_stm32h743xx.o(.text) referenced from startup_stm32h743xx.o(RESET)
 <LI><a href="#[41]">DMA2_Stream0_IRQHandler</a> from startup_stm32h743xx.o(.text) referenced from startup_stm32h743xx.o(RESET)
 <LI><a href="#[42]">DMA2_Stream1_IRQHandler</a> from startup_stm32h743xx.o(.text) referenced from startup_stm32h743xx.o(RESET)
 <LI><a href="#[43]">DMA2_Stream2_IRQHandler</a> from startup_stm32h743xx.o(.text) referenced from startup_stm32h743xx.o(RESET)
 <LI><a href="#[44]">DMA2_Stream3_IRQHandler</a> from startup_stm32h743xx.o(.text) referenced from startup_stm32h743xx.o(RESET)
 <LI><a href="#[45]">DMA2_Stream4_IRQHandler</a> from startup_stm32h743xx.o(.text) referenced from startup_stm32h743xx.o(RESET)
 <LI><a href="#[49]">DMA2_Stream5_IRQHandler</a> from startup_stm32h743xx.o(.text) referenced from startup_stm32h743xx.o(RESET)
 <LI><a href="#[4a]">DMA2_Stream6_IRQHandler</a> from startup_stm32h743xx.o(.text) referenced from startup_stm32h743xx.o(RESET)
 <LI><a href="#[4b]">DMA2_Stream7_IRQHandler</a> from startup_stm32h743xx.o(.text) referenced from startup_stm32h743xx.o(RESET)
 <LI><a href="#[6a]">DMAMUX1_OVR_IRQHandler</a> from startup_stm32h743xx.o(.text) referenced from startup_stm32h743xx.o(RESET)
 <LI><a href="#[82]">DMAMUX2_OVR_IRQHandler</a> from startup_stm32h743xx.o(.text) referenced from startup_stm32h743xx.o(RESET)
 <LI><a href="#[7]">DebugMon_Handler</a> from lto-llvm-e2b3d9.o(.text.DebugMon_Handler) referenced from startup_stm32h743xx.o(RESET)
 <LI><a href="#[92]">ECC_IRQHandler</a> from startup_stm32h743xx.o(.text) referenced from startup_stm32h743xx.o(RESET)
 <LI><a href="#[46]">ETH_IRQHandler</a> from startup_stm32h743xx.o(.text) referenced from startup_stm32h743xx.o(RESET)
 <LI><a href="#[47]">ETH_WKUP_IRQHandler</a> from startup_stm32h743xx.o(.text) referenced from startup_stm32h743xx.o(RESET)
 <LI><a href="#[10]">EXTI0_IRQHandler</a> from startup_stm32h743xx.o(.text) referenced from startup_stm32h743xx.o(RESET)
 <LI><a href="#[32]">EXTI15_10_IRQHandler</a> from startup_stm32h743xx.o(.text) referenced from startup_stm32h743xx.o(RESET)
 <LI><a href="#[11]">EXTI1_IRQHandler</a> from startup_stm32h743xx.o(.text) referenced from startup_stm32h743xx.o(RESET)
 <LI><a href="#[12]">EXTI2_IRQHandler</a> from startup_stm32h743xx.o(.text) referenced from startup_stm32h743xx.o(RESET)
 <LI><a href="#[13]">EXTI3_IRQHandler</a> from startup_stm32h743xx.o(.text) referenced from startup_stm32h743xx.o(RESET)
 <LI><a href="#[14]">EXTI4_IRQHandler</a> from startup_stm32h743xx.o(.text) referenced from startup_stm32h743xx.o(RESET)
 <LI><a href="#[21]">EXTI9_5_IRQHandler</a> from startup_stm32h743xx.o(.text) referenced from startup_stm32h743xx.o(RESET)
 <LI><a href="#[1d]">FDCAN1_IT0_IRQHandler</a> from startup_stm32h743xx.o(.text) referenced from startup_stm32h743xx.o(RESET)
 <LI><a href="#[1f]">FDCAN1_IT1_IRQHandler</a> from startup_stm32h743xx.o(.text) referenced from startup_stm32h743xx.o(RESET)
 <LI><a href="#[1e]">FDCAN2_IT0_IRQHandler</a> from startup_stm32h743xx.o(.text) referenced from startup_stm32h743xx.o(RESET)
 <LI><a href="#[20]">FDCAN2_IT1_IRQHandler</a> from startup_stm32h743xx.o(.text) referenced from startup_stm32h743xx.o(RESET)
 <LI><a href="#[48]">FDCAN_CAL_IRQHandler</a> from startup_stm32h743xx.o(.text) referenced from startup_stm32h743xx.o(RESET)
 <LI><a href="#[e]">FLASH_IRQHandler</a> from startup_stm32h743xx.o(.text) referenced from startup_stm32h743xx.o(RESET)
 <LI><a href="#[39]">FMC_IRQHandler</a> from startup_stm32h743xx.o(.text) referenced from startup_stm32h743xx.o(RESET)
 <LI><a href="#[55]">FPU_IRQHandler</a> from startup_stm32h743xx.o(.text) referenced from startup_stm32h743xx.o(RESET)
 <LI><a href="#[ed]">HAL_GPIO_Init</a> from lto-llvm-e2b3d9.o(.text.HAL_GPIO_Init) referenced from lto-llvm-e2b3d9.o(.text.main)
 <LI><a href="#[ec]">HAL_MPU_ConfigRegion</a> from lto-llvm-e2b3d9.o(.text.HAL_MPU_ConfigRegion) referenced from lto-llvm-e2b3d9.o(.text.main)
 <LI><a href="#[71]">HRTIM1_FLT_IRQHandler</a> from startup_stm32h743xx.o(.text) referenced from startup_stm32h743xx.o(RESET)
 <LI><a href="#[6b]">HRTIM1_Master_IRQHandler</a> from startup_stm32h743xx.o(.text) referenced from startup_stm32h743xx.o(RESET)
 <LI><a href="#[6c]">HRTIM1_TIMA_IRQHandler</a> from startup_stm32h743xx.o(.text) referenced from startup_stm32h743xx.o(RESET)
 <LI><a href="#[6d]">HRTIM1_TIMB_IRQHandler</a> from startup_stm32h743xx.o(.text) referenced from startup_stm32h743xx.o(RESET)
 <LI><a href="#[6e]">HRTIM1_TIMC_IRQHandler</a> from startup_stm32h743xx.o(.text) referenced from startup_stm32h743xx.o(RESET)
 <LI><a href="#[6f]">HRTIM1_TIMD_IRQHandler</a> from startup_stm32h743xx.o(.text) referenced from startup_stm32h743xx.o(RESET)
 <LI><a href="#[70]">HRTIM1_TIME_IRQHandler</a> from startup_stm32h743xx.o(.text) referenced from startup_stm32h743xx.o(RESET)
 <LI><a href="#[80]">HSEM1_IRQHandler</a> from startup_stm32h743xx.o(.text) referenced from startup_stm32h743xx.o(RESET)
 <LI><a href="#[2]">HardFault_Handler</a> from lto-llvm-e2b3d9.o(.text.HardFault_Handler) referenced from startup_stm32h743xx.o(RESET)
 <LI><a href="#[2a]">I2C1_ER_IRQHandler</a> from startup_stm32h743xx.o(.text) referenced from startup_stm32h743xx.o(RESET)
 <LI><a href="#[29]">I2C1_EV_IRQHandler</a> from startup_stm32h743xx.o(.text) referenced from startup_stm32h743xx.o(RESET)
 <LI><a href="#[2c]">I2C2_ER_IRQHandler</a> from startup_stm32h743xx.o(.text) referenced from startup_stm32h743xx.o(RESET)
 <LI><a href="#[2b]">I2C2_EV_IRQHandler</a> from startup_stm32h743xx.o(.text) referenced from startup_stm32h743xx.o(RESET)
 <LI><a href="#[4e]">I2C3_ER_IRQHandler</a> from startup_stm32h743xx.o(.text) referenced from startup_stm32h743xx.o(RESET)
 <LI><a href="#[4d]">I2C3_EV_IRQHandler</a> from startup_stm32h743xx.o(.text) referenced from startup_stm32h743xx.o(RESET)
 <LI><a href="#[64]">I2C4_ER_IRQHandler</a> from startup_stm32h743xx.o(.text) referenced from startup_stm32h743xx.o(RESET)
 <LI><a href="#[63]">I2C4_EV_IRQHandler</a> from startup_stm32h743xx.o(.text) referenced from startup_stm32h743xx.o(RESET)
 <LI><a href="#[7d]">JPEG_IRQHandler</a> from startup_stm32h743xx.o(.text) referenced from startup_stm32h743xx.o(RESET)
 <LI><a href="#[61]">LPTIM1_IRQHandler</a> from startup_stm32h743xx.o(.text) referenced from startup_stm32h743xx.o(RESET)
 <LI><a href="#[8c]">LPTIM2_IRQHandler</a> from startup_stm32h743xx.o(.text) referenced from startup_stm32h743xx.o(RESET)
 <LI><a href="#[8d]">LPTIM3_IRQHandler</a> from startup_stm32h743xx.o(.text) referenced from startup_stm32h743xx.o(RESET)
 <LI><a href="#[8e]">LPTIM4_IRQHandler</a> from startup_stm32h743xx.o(.text) referenced from startup_stm32h743xx.o(RESET)
 <LI><a href="#[8f]">LPTIM5_IRQHandler</a> from startup_stm32h743xx.o(.text) referenced from startup_stm32h743xx.o(RESET)
 <LI><a href="#[90]">LPUART1_IRQHandler</a> from startup_stm32h743xx.o(.text) referenced from startup_stm32h743xx.o(RESET)
 <LI><a href="#[5d]">LTDC_ER_IRQHandler</a> from startup_stm32h743xx.o(.text) referenced from startup_stm32h743xx.o(RESET)
 <LI><a href="#[5c]">LTDC_IRQHandler</a> from startup_stm32h743xx.o(.text) referenced from startup_stm32h743xx.o(RESET)
 <LI><a href="#[7c]">MDIOS_IRQHandler</a> from startup_stm32h743xx.o(.text) referenced from startup_stm32h743xx.o(RESET)
 <LI><a href="#[7b]">MDIOS_WKUP_IRQHandler</a> from startup_stm32h743xx.o(.text) referenced from startup_stm32h743xx.o(RESET)
 <LI><a href="#[7e]">MDMA_IRQHandler</a> from startup_stm32h743xx.o(.text) referenced from startup_stm32h743xx.o(RESET)
 <LI><a href="#[3]">MemManage_Handler</a> from lto-llvm-e2b3d9.o(.text.MemManage_Handler) referenced from startup_stm32h743xx.o(RESET)
 <LI><a href="#[1]">NMI_Handler</a> from lto-llvm-e2b3d9.o(.text.NMI_Handler) referenced from startup_stm32h743xx.o(RESET)
 <LI><a href="#[67]">OTG_FS_EP1_IN_IRQHandler</a> from startup_stm32h743xx.o(.text) referenced from startup_stm32h743xx.o(RESET)
 <LI><a href="#[66]">OTG_FS_EP1_OUT_IRQHandler</a> from startup_stm32h743xx.o(.text) referenced from startup_stm32h743xx.o(RESET)
 <LI><a href="#[69]">OTG_FS_IRQHandler</a> from startup_stm32h743xx.o(.text) referenced from startup_stm32h743xx.o(RESET)
 <LI><a href="#[68]">OTG_FS_WKUP_IRQHandler</a> from startup_stm32h743xx.o(.text) referenced from startup_stm32h743xx.o(RESET)
 <LI><a href="#[50]">OTG_HS_EP1_IN_IRQHandler</a> from startup_stm32h743xx.o(.text) referenced from startup_stm32h743xx.o(RESET)
 <LI><a href="#[4f]">OTG_HS_EP1_OUT_IRQHandler</a> from startup_stm32h743xx.o(.text) referenced from startup_stm32h743xx.o(RESET)
 <LI><a href="#[52]">OTG_HS_IRQHandler</a> from startup_stm32h743xx.o(.text) referenced from startup_stm32h743xx.o(RESET)
 <LI><a href="#[51]">OTG_HS_WKUP_IRQHandler</a> from startup_stm32h743xx.o(.text) referenced from startup_stm32h743xx.o(RESET)
 <LI><a href="#[b]">PVD_AVD_IRQHandler</a> from startup_stm32h743xx.o(.text) referenced from startup_stm32h743xx.o(RESET)
 <LI><a href="#[8]">PendSV_Handler</a> from irq_armv7m.o(.text) referenced from startup_stm32h743xx.o(RESET)
 <LI><a href="#[60]">QUADSPI_IRQHandler</a> from startup_stm32h743xx.o(.text) referenced from startup_stm32h743xx.o(RESET)
 <LI><a href="#[f]">RCC_IRQHandler</a> from startup_stm32h743xx.o(.text) referenced from startup_stm32h743xx.o(RESET)
 <LI><a href="#[54]">RNG_IRQHandler</a> from startup_stm32h743xx.o(.text) referenced from startup_stm32h743xx.o(RESET)
 <LI><a href="#[33]">RTC_Alarm_IRQHandler</a> from startup_stm32h743xx.o(.text) referenced from startup_stm32h743xx.o(RESET)
 <LI><a href="#[d]">RTC_WKUP_IRQHandler</a> from startup_stm32h743xx.o(.text) referenced from startup_stm32h743xx.o(RESET)
 <LI><a href="#[0]">Reset_Handler</a> from startup_stm32h743xx.o(.text) referenced from startup_stm32h743xx.o(RESET)
 <LI><a href="#[5b]">SAI1_IRQHandler</a> from startup_stm32h743xx.o(.text) referenced from startup_stm32h743xx.o(RESET)
 <LI><a href="#[5f]">SAI2_IRQHandler</a> from startup_stm32h743xx.o(.text) referenced from startup_stm32h743xx.o(RESET)
 <LI><a href="#[76]">SAI3_IRQHandler</a> from startup_stm32h743xx.o(.text) referenced from startup_stm32h743xx.o(RESET)
 <LI><a href="#[93]">SAI4_IRQHandler</a> from startup_stm32h743xx.o(.text) referenced from startup_stm32h743xx.o(RESET)
 <LI><a href="#[3a]">SDMMC1_IRQHandler</a> from startup_stm32h743xx.o(.text) referenced from startup_stm32h743xx.o(RESET)
 <LI><a href="#[7f]">SDMMC2_IRQHandler</a> from startup_stm32h743xx.o(.text) referenced from startup_stm32h743xx.o(RESET)
 <LI><a href="#[65]">SPDIF_RX_IRQHandler</a> from startup_stm32h743xx.o(.text) referenced from startup_stm32h743xx.o(RESET)
 <LI><a href="#[2d]">SPI1_IRQHandler</a> from startup_stm32h743xx.o(.text) referenced from startup_stm32h743xx.o(RESET)
 <LI><a href="#[2e]">SPI2_IRQHandler</a> from lto-llvm-e2b3d9.o(.text.SPI2_IRQHandler) referenced from startup_stm32h743xx.o(RESET)
 <LI><a href="#[3c]">SPI3_IRQHandler</a> from startup_stm32h743xx.o(.text) referenced from startup_stm32h743xx.o(RESET)
 <LI><a href="#[58]">SPI4_IRQHandler</a> from startup_stm32h743xx.o(.text) referenced from startup_stm32h743xx.o(RESET)
 <LI><a href="#[59]">SPI5_IRQHandler</a> from startup_stm32h743xx.o(.text) referenced from startup_stm32h743xx.o(RESET)
 <LI><a href="#[5a]">SPI6_IRQHandler</a> from startup_stm32h743xx.o(.text) referenced from startup_stm32h743xx.o(RESET)
 <LI><a href="#[97]">SPI_DMAAbortOnError</a> from lto-llvm-e2b3d9.o(.text.SPI_DMAAbortOnError) referenced from lto-llvm-e2b3d9.o(.text.HAL_SPI_IRQHandler)
 <LI><a href="#[103]">SPI_DMAError</a> from lto-llvm-e2b3d9.o(.text.SPI_DMAError) referenced from lto-llvm-e2b3d9.o(.text.spi_send_async)
 <LI><a href="#[105]">SPI_DMAHalfTransmitCplt</a> from lto-llvm-e2b3d9.o(.text.SPI_DMAHalfTransmitCplt) referenced from lto-llvm-e2b3d9.o(.text.spi_send_async)
 <LI><a href="#[104]">SPI_DMATransmitCplt</a> from lto-llvm-e2b3d9.o(.text.SPI_DMATransmitCplt) referenced from lto-llvm-e2b3d9.o(.text.spi_send_async)
 <LI><a href="#[6]">SVC_Handler</a> from irq_armv7m.o(.text) referenced from startup_stm32h743xx.o(RESET)
 <LI><a href="#[77]">SWPMI1_IRQHandler</a> from startup_stm32h743xx.o(.text) referenced from startup_stm32h743xx.o(RESET)
 <LI><a href="#[9]">SysTick_Handler</a> from irq_armv7m.o(.text) referenced from rtx_kernel.o(.text.svcRtxKernelStart)
 <LI><a href="#[9]">SysTick_Handler</a> from irq_armv7m.o(.text) referenced from startup_stm32h743xx.o(RESET)
 <LI><a href="#[95]">SystemInit</a> from lto-llvm-e2b3d9.o(.text.SystemInit) referenced from startup_stm32h743xx.o(.text)
 <LI><a href="#[c]">TAMP_STAMP_IRQHandler</a> from startup_stm32h743xx.o(.text) referenced from startup_stm32h743xx.o(RESET)
 <LI><a href="#[78]">TIM15_IRQHandler</a> from startup_stm32h743xx.o(.text) referenced from startup_stm32h743xx.o(RESET)
 <LI><a href="#[79]">TIM16_IRQHandler</a> from startup_stm32h743xx.o(.text) referenced from startup_stm32h743xx.o(RESET)
 <LI><a href="#[7a]">TIM17_IRQHandler</a> from startup_stm32h743xx.o(.text) referenced from startup_stm32h743xx.o(RESET)
 <LI><a href="#[22]">TIM1_BRK_IRQHandler</a> from startup_stm32h743xx.o(.text) referenced from startup_stm32h743xx.o(RESET)
 <LI><a href="#[25]">TIM1_CC_IRQHandler</a> from startup_stm32h743xx.o(.text) referenced from startup_stm32h743xx.o(RESET)
 <LI><a href="#[24]">TIM1_TRG_COM_IRQHandler</a> from startup_stm32h743xx.o(.text) referenced from startup_stm32h743xx.o(RESET)
 <LI><a href="#[23]">TIM1_UP_IRQHandler</a> from startup_stm32h743xx.o(.text) referenced from startup_stm32h743xx.o(RESET)
 <LI><a href="#[26]">TIM2_IRQHandler</a> from startup_stm32h743xx.o(.text) referenced from startup_stm32h743xx.o(RESET)
 <LI><a href="#[27]">TIM3_IRQHandler</a> from startup_stm32h743xx.o(.text) referenced from startup_stm32h743xx.o(RESET)
 <LI><a href="#[28]">TIM4_IRQHandler</a> from startup_stm32h743xx.o(.text) referenced from startup_stm32h743xx.o(RESET)
 <LI><a href="#[3b]">TIM5_IRQHandler</a> from startup_stm32h743xx.o(.text) referenced from startup_stm32h743xx.o(RESET)
 <LI><a href="#[3f]">TIM6_DAC_IRQHandler</a> from startup_stm32h743xx.o(.text) referenced from startup_stm32h743xx.o(RESET)
 <LI><a href="#[40]">TIM7_IRQHandler</a> from startup_stm32h743xx.o(.text) referenced from startup_stm32h743xx.o(RESET)
 <LI><a href="#[34]">TIM8_BRK_TIM12_IRQHandler</a> from startup_stm32h743xx.o(.text) referenced from startup_stm32h743xx.o(RESET)
 <LI><a href="#[37]">TIM8_CC_IRQHandler</a> from startup_stm32h743xx.o(.text) referenced from startup_stm32h743xx.o(RESET)
 <LI><a href="#[36]">TIM8_TRG_COM_TIM14_IRQHandler</a> from startup_stm32h743xx.o(.text) referenced from startup_stm32h743xx.o(RESET)
 <LI><a href="#[35]">TIM8_UP_TIM13_IRQHandler</a> from startup_stm32h743xx.o(.text) referenced from startup_stm32h743xx.o(RESET)
 <LI><a href="#[3d]">UART4_IRQHandler</a> from startup_stm32h743xx.o(.text) referenced from startup_stm32h743xx.o(RESET)
 <LI><a href="#[3e]">UART5_IRQHandler</a> from startup_stm32h743xx.o(.text) referenced from startup_stm32h743xx.o(RESET)
 <LI><a href="#[56]">UART7_IRQHandler</a> from startup_stm32h743xx.o(.text) referenced from startup_stm32h743xx.o(RESET)
 <LI><a href="#[57]">UART8_IRQHandler</a> from startup_stm32h743xx.o(.text) referenced from startup_stm32h743xx.o(RESET)
 <LI><a href="#[98]">UART_DMAAbortOnError</a> from lto-llvm-e2b3d9.o(.text.UART_DMAAbortOnError) referenced from lto-llvm-e2b3d9.o(.text.HAL_UART_IRQHandler)
 <LI><a href="#[a9]">UART_DMAError</a> from lto-llvm-e2b3d9.o(.text.UART_DMAError) referenced from lto-llvm-e2b3d9.o(.text.com_recv)
 <LI><a href="#[ab]">UART_DMAReceiveCplt</a> from lto-llvm-e2b3d9.o(.text.UART_DMAReceiveCplt) referenced from lto-llvm-e2b3d9.o(.text.com_recv)
 <LI><a href="#[aa]">UART_DMARxHalfCplt</a> from lto-llvm-e2b3d9.o(.text.UART_DMARxHalfCplt) referenced from lto-llvm-e2b3d9.o(.text.com_recv)
 <LI><a href="#[99]">UART_RxISR_16BIT</a> from lto-llvm-e2b3d9.o(.text.UART_RxISR_16BIT) referenced from lto-llvm-e2b3d9.o(.text.UART_RxISR_16BIT_FIFOEN)
 <LI><a href="#[99]">UART_RxISR_16BIT</a> from lto-llvm-e2b3d9.o(.text.UART_RxISR_16BIT) referenced from lto-llvm-e2b3d9.o(.text.com_recv)
 <LI><a href="#[ac]">UART_RxISR_16BIT_FIFOEN</a> from lto-llvm-e2b3d9.o(.text.UART_RxISR_16BIT_FIFOEN) referenced from lto-llvm-e2b3d9.o(.text.com_recv)
 <LI><a href="#[9a]">UART_RxISR_8BIT</a> from lto-llvm-e2b3d9.o(.text.UART_RxISR_8BIT) referenced from lto-llvm-e2b3d9.o(.text.UART_RxISR_8BIT_FIFOEN)
 <LI><a href="#[9a]">UART_RxISR_8BIT</a> from lto-llvm-e2b3d9.o(.text.UART_RxISR_8BIT) referenced from lto-llvm-e2b3d9.o(.text.com_recv)
 <LI><a href="#[ad]">UART_RxISR_8BIT_FIFOEN</a> from lto-llvm-e2b3d9.o(.text.UART_RxISR_8BIT_FIFOEN) referenced from lto-llvm-e2b3d9.o(.text.com_recv)
 <LI><a href="#[2f]">USART1_IRQHandler</a> from lto-llvm-e2b3d9.o(.text.USART1_IRQHandler) referenced from startup_stm32h743xx.o(RESET)
 <LI><a href="#[30]">USART2_IRQHandler</a> from startup_stm32h743xx.o(.text) referenced from startup_stm32h743xx.o(RESET)
 <LI><a href="#[31]">USART3_IRQHandler</a> from startup_stm32h743xx.o(.text) referenced from startup_stm32h743xx.o(RESET)
 <LI><a href="#[4c]">USART6_IRQHandler</a> from startup_stm32h743xx.o(.text) referenced from startup_stm32h743xx.o(RESET)
 <LI><a href="#[5]">UsageFault_Handler</a> from lto-llvm-e2b3d9.o(.text.UsageFault_Handler) referenced from startup_stm32h743xx.o(RESET)
 <LI><a href="#[94]">WAKEUP_PIN_IRQHandler</a> from startup_stm32h743xx.o(.text) referenced from startup_stm32h743xx.o(RESET)
 <LI><a href="#[a]">WWDG_IRQHandler</a> from startup_stm32h743xx.o(.text) referenced from startup_stm32h743xx.o(RESET)
 <LI><a href="#[96]">__main</a> from __main.o(!!!main) referenced from startup_stm32h743xx.o(.text)
 <LI><a href="#[c1]">_lv_disp_refr_timer</a> from lto-llvm-e2b3d9.o(.text._lv_disp_refr_timer) referenced from lto-llvm-e2b3d9.o(.text.lv_disp_drv_register)
 <LI><a href="#[d2]">_lv_ll_get_head</a> from lto-llvm-e2b3d9.o(.text._lv_ll_get_head) referenced from lto-llvm-e2b3d9.o(.text.lv_obj_destructor)
 <LI><a href="#[d3]">_lv_ll_get_next</a> from lto-llvm-e2b3d9.o(.text._lv_ll_get_next) referenced from lto-llvm-e2b3d9.o(.text.lv_obj_destructor)
 <LI><a href="#[d1]">_lv_ll_get_prev</a> from lto-llvm-e2b3d9.o(.text._lv_ll_get_prev) referenced from lto-llvm-e2b3d9.o(.text.lv_obj_destructor)
 <LI><a href="#[d0]">_lv_ll_get_tail</a> from lto-llvm-e2b3d9.o(.text._lv_ll_get_tail) referenced from lto-llvm-e2b3d9.o(.text.lv_obj_destructor)
 <LI><a href="#[9f]">_out_buffer</a> from lto-llvm-e2b3d9.o(.text._out_buffer) referenced from lto-llvm-e2b3d9.o(.text._vsnprintf)
 <LI><a href="#[9e]">_out_null</a> from lto-llvm-e2b3d9.o(.text._out_null) referenced from lto-llvm-e2b3d9.o(.text._vsnprintf)
 <LI><a href="#[b4]">anim_timer</a> from lto-llvm-e2b3d9.o(.text.anim_timer) referenced from lto-llvm-e2b3d9.o(.text.gui_thread)
 <LI><a href="#[bb]">bsp_lcd_write_command</a> from lto-llvm-e2b3d9.o(.text.bsp_lcd_write_command) referenced from lto-llvm-e2b3d9.o(.text.gui_thread)
 <LI><a href="#[bc]">bsp_lcd_write_data</a> from lto-llvm-e2b3d9.o(.text.bsp_lcd_write_data) referenced from lto-llvm-e2b3d9.o(.text.gui_thread)
 <LI><a href="#[a0]">bsp_lcd_write_ndata</a> from lto-llvm-e2b3d9.o(.text.bsp_lcd_write_ndata) referenced from lto-llvm-e2b3d9.o(.text.bsp_lcd_set_cursor)
 <LI><a href="#[9b]">color_blend_true_color_additive</a> from lto-llvm-e2b3d9.o(.text.color_blend_true_color_additive) referenced from lto-llvm-e2b3d9.o(.text._lv_blend_fill)
 <LI><a href="#[9b]">color_blend_true_color_additive</a> from lto-llvm-e2b3d9.o(.text.color_blend_true_color_additive) referenced from lto-llvm-e2b3d9.o(.text._lv_blend_map)
 <LI><a href="#[9c]">color_blend_true_color_subtractive</a> from lto-llvm-e2b3d9.o(.text.color_blend_true_color_subtractive) referenced from lto-llvm-e2b3d9.o(.text._lv_blend_fill)
 <LI><a href="#[9c]">color_blend_true_color_subtractive</a> from lto-llvm-e2b3d9.o(.text.color_blend_true_color_subtractive) referenced from lto-llvm-e2b3d9.o(.text._lv_blend_map)
 <LI><a href="#[a8]">com_recv</a> from lto-llvm-e2b3d9.o(.text.com_recv) referenced from lto-llvm-e2b3d9.o(.text.com_create)
 <LI><a href="#[a7]">com_send</a> from lto-llvm-e2b3d9.o(.text.com_send) referenced from lto-llvm-e2b3d9.o(.text.com_create)
 <LI><a href="#[e8]">dark_color_filter_cb.459</a> from lto-llvm-e2b3d9.o(.text.dark_color_filter_cb.459) referenced from lto-llvm-e2b3d9.o(.text.lv_theme_default_init)
 <LI><a href="#[bd]">disp_flush</a> from lto-llvm-e2b3d9.o(.text.disp_flush) referenced from lto-llvm-e2b3d9.o(.text.gui_thread)
 <LI><a href="#[b9]">flex_update</a> from lto-llvm-e2b3d9.o(.text.flex_update) referenced from lto-llvm-e2b3d9.o(.text.gui_thread)
 <LI><a href="#[e9]">grey_filter_cb.461</a> from lto-llvm-e2b3d9.o(.text.grey_filter_cb.461) referenced from lto-llvm-e2b3d9.o(.text.lv_theme_default_init)
 <LI><a href="#[ba]">grid_update</a> from lto-llvm-e2b3d9.o(.text.grid_update) referenced from lto-llvm-e2b3d9.o(.text.gui_thread)
 <LI><a href="#[117]">gui_thread</a> from lto-llvm-e2b3d9.o(.text.gui_thread) referenced from lto-llvm-e2b3d9.o(.text.system_thread)
 <LI><a href="#[c6]">hex_char_to_num</a> from lto-llvm-e2b3d9.o(.text.hex_char_to_num) referenced from lto-llvm-e2b3d9.o(.text.lv_draw_label)
 <LI><a href="#[cb]">kern_pair_16_compare</a> from lto-llvm-e2b3d9.o(.text.kern_pair_16_compare) referenced from lto-llvm-e2b3d9.o(.text.lv_font_get_glyph_dsc_fmt_txt)
 <LI><a href="#[cc]">kern_pair_8_compare</a> from lto-llvm-e2b3d9.o(.text.kern_pair_8_compare) referenced from lto-llvm-e2b3d9.o(.text.lv_font_get_glyph_dsc_fmt_txt)
 <LI><a href="#[d7]">lv_anim_path_ease_out</a> from lto-llvm-e2b3d9.o(.text.lv_anim_path_ease_out) referenced from lto-llvm-e2b3d9.o(.text.lv_obj_scroll_by)
 <LI><a href="#[cf]">lv_anim_path_linear</a> from lto-llvm-e2b3d9.o(.text.lv_anim_path_linear) referenced from lto-llvm-e2b3d9.o(.text.lv_label_refr_text)
 <LI><a href="#[cf]">lv_anim_path_linear</a> from lto-llvm-e2b3d9.o(.text.lv_anim_path_linear) referenced from lto-llvm-e2b3d9.o(.text.lv_obj_scroll_by)
 <LI><a href="#[cf]">lv_anim_path_linear</a> from lto-llvm-e2b3d9.o(.text.lv_anim_path_linear) referenced from lto-llvm-e2b3d9.o(.text.lv_theme_default_init)
 <LI><a href="#[11f]">lv_arc_constructor</a> from lto-llvm-e2b3d9.o(.text.lv_arc_constructor) referenced from lto-llvm-e2b3d9.o(.rodata)
 <LI><a href="#[120]">lv_arc_event</a> from lto-llvm-e2b3d9.o(.text.lv_arc_event) referenced from lto-llvm-e2b3d9.o(.rodata)
 <LI><a href="#[a2]">lv_area_get_height</a> from lto-llvm-e2b3d9.o(.text.lv_area_get_height) referenced from lto-llvm-e2b3d9.o(.text.children_repos)
 <LI><a href="#[c0]">lv_area_get_height.951</a> from lto-llvm-e2b3d9.o(.text.lv_area_get_height.951) referenced from lto-llvm-e2b3d9.o(.text.lv_bar_event)
 <LI><a href="#[9d]">lv_area_get_size</a> from lto-llvm-e2b3d9.o(.text.lv_area_get_size) referenced from lto-llvm-e2b3d9.o(.text._lv_disp_refr_timer)
 <LI><a href="#[a1]">lv_area_get_width</a> from lto-llvm-e2b3d9.o(.text.lv_area_get_width) referenced from lto-llvm-e2b3d9.o(.text.children_repos)
 <LI><a href="#[bf]">lv_area_get_width.950</a> from lto-llvm-e2b3d9.o(.text.lv_area_get_width.950) referenced from lto-llvm-e2b3d9.o(.text.lv_bar_event)
 <LI><a href="#[a3]">lv_area_set_height</a> from lto-llvm-e2b3d9.o(.text.lv_area_set_height) referenced from lto-llvm-e2b3d9.o(.text.children_repos)
 <LI><a href="#[a4]">lv_area_set_width</a> from lto-llvm-e2b3d9.o(.text.lv_area_set_width) referenced from lto-llvm-e2b3d9.o(.text.children_repos)
 <LI><a href="#[121]">lv_bar_constructor</a> from lto-llvm-e2b3d9.o(.text.lv_bar_constructor) referenced from lto-llvm-e2b3d9.o(.rodata)
 <LI><a href="#[122]">lv_bar_destructor</a> from lto-llvm-e2b3d9.o(.text.lv_bar_destructor) referenced from lto-llvm-e2b3d9.o(.rodata)
 <LI><a href="#[123]">lv_bar_event</a> from lto-llvm-e2b3d9.o(.text.lv_bar_event) referenced from lto-llvm-e2b3d9.o(.rodata)
 <LI><a href="#[124]">lv_btn_constructor</a> from lto-llvm-e2b3d9.o(.text.lv_btn_constructor) referenced from lto-llvm-e2b3d9.o(.rodata)
 <LI><a href="#[e2]">lv_disp_dpx</a> from lto-llvm-e2b3d9.o(.text.lv_disp_dpx) referenced from lto-llvm-e2b3d9.o(.text.lv_theme_default_init)
 <LI><a href="#[c3]">lv_draw_mask_angle</a> from lto-llvm-e2b3d9.o(.text.lv_draw_mask_angle) referenced from lto-llvm-e2b3d9.o(.text.lv_draw_arc)
 <LI><a href="#[c4]">lv_draw_mask_free_param</a> from lto-llvm-e2b3d9.o(.text.lv_draw_mask_free_param) referenced from lto-llvm-e2b3d9.o(.text.lv_draw_arc)
 <LI><a href="#[c9]">lv_draw_mask_line</a> from lto-llvm-e2b3d9.o(.text.lv_draw_mask_line) referenced from lto-llvm-e2b3d9.o(.text.lv_draw_mask_line_points_init)
 <LI><a href="#[ca]">lv_draw_mask_radius</a> from lto-llvm-e2b3d9.o(.text.lv_draw_mask_radius) referenced from lto-llvm-e2b3d9.o(.text.lv_draw_mask_radius_init)
 <LI><a href="#[c5]">lv_draw_mask_remove_id</a> from lto-llvm-e2b3d9.o(.text.lv_draw_mask_remove_id) referenced from lto-llvm-e2b3d9.o(.text.lv_draw_arc)
 <LI><a href="#[c5]">lv_draw_mask_remove_id</a> from lto-llvm-e2b3d9.o(.text.lv_draw_mask_remove_id) referenced from lto-llvm-e2b3d9.o(.text.lv_draw_line)
 <LI><a href="#[125]">lv_dropdown_constructor</a> from lto-llvm-e2b3d9.o(.text.lv_dropdown_constructor) referenced from lto-llvm-e2b3d9.o(.rodata)
 <LI><a href="#[126]">lv_dropdown_destructor</a> from lto-llvm-e2b3d9.o(.text.lv_dropdown_destructor) referenced from lto-llvm-e2b3d9.o(.rodata)
 <LI><a href="#[127]">lv_dropdown_event</a> from lto-llvm-e2b3d9.o(.text.lv_dropdown_event) referenced from lto-llvm-e2b3d9.o(.rodata)
 <LI><a href="#[12a]">lv_dropdown_list_event</a> from lto-llvm-e2b3d9.o(.text.lv_dropdown_list_event) referenced from lto-llvm-e2b3d9.o(.rodata)
 <LI><a href="#[128]">lv_dropdownlist_constructor</a> from lto-llvm-e2b3d9.o(.text.lv_dropdownlist_constructor) referenced from lto-llvm-e2b3d9.o(.rodata)
 <LI><a href="#[129]">lv_dropdownlist_destructor</a> from lto-llvm-e2b3d9.o(.text.lv_dropdownlist_destructor) referenced from lto-llvm-e2b3d9.o(.rodata)
 <LI><a href="#[dc]">lv_event_send</a> from lto-llvm-e2b3d9.o(.text.lv_event_send) referenced from lto-llvm-e2b3d9.o(.text.lv_refr_obj_and_children)
 <LI><a href="#[11e]">lv_font_get_bitmap_fmt_txt</a> from lto-llvm-e2b3d9.o(.text.lv_font_get_bitmap_fmt_txt) referenced from lto-llvm-e2b3d9.o(.rodata)
 <LI><a href="#[11d]">lv_font_get_glyph_dsc_fmt_txt</a> from lto-llvm-e2b3d9.o(.text.lv_font_get_glyph_dsc_fmt_txt) referenced from lto-llvm-e2b3d9.o(.rodata)
 <LI><a href="#[c8]">lv_img_buf_get_px_alpha</a> from lto-llvm-e2b3d9.o(.text.lv_img_buf_get_px_alpha) referenced from lto-llvm-e2b3d9.o(.text.lv_draw_map)
 <LI><a href="#[c7]">lv_img_buf_get_px_color</a> from lto-llvm-e2b3d9.o(.text.lv_img_buf_get_px_color) referenced from lto-llvm-e2b3d9.o(.text.lv_draw_map)
 <LI><a href="#[b5]">lv_img_decoder_built_in_close</a> from lto-llvm-e2b3d9.o(.text.lv_img_decoder_built_in_close) referenced from lto-llvm-e2b3d9.o(.text.gui_thread)
 <LI><a href="#[b8]">lv_img_decoder_built_in_info</a> from lto-llvm-e2b3d9.o(.text.lv_img_decoder_built_in_info) referenced from lto-llvm-e2b3d9.o(.text.gui_thread)
 <LI><a href="#[b7]">lv_img_decoder_built_in_open</a> from lto-llvm-e2b3d9.o(.text.lv_img_decoder_built_in_open) referenced from lto-llvm-e2b3d9.o(.text.gui_thread)
 <LI><a href="#[b6]">lv_img_decoder_built_in_read_line</a> from lto-llvm-e2b3d9.o(.text.lv_img_decoder_built_in_read_line) referenced from lto-llvm-e2b3d9.o(.text.gui_thread)
 <LI><a href="#[12b]">lv_label_constructor</a> from lto-llvm-e2b3d9.o(.text.lv_label_constructor) referenced from lto-llvm-e2b3d9.o(.rodata)
 <LI><a href="#[12c]">lv_label_destructor</a> from lto-llvm-e2b3d9.o(.text.lv_label_destructor) referenced from lto-llvm-e2b3d9.o(.rodata)
 <LI><a href="#[12d]">lv_label_event</a> from lto-llvm-e2b3d9.o(.text.lv_label_event) referenced from lto-llvm-e2b3d9.o(.rodata)
 <LI><a href="#[12e]">lv_line_constructor</a> from lto-llvm-e2b3d9.o(.text.lv_line_constructor) referenced from lto-llvm-e2b3d9.o(.rodata)
 <LI><a href="#[12f]">lv_line_event</a> from lto-llvm-e2b3d9.o(.text.lv_line_event) referenced from lto-llvm-e2b3d9.o(.rodata)
 <LI><a href="#[b2]">lv_mem_buf_release</a> from lto-llvm-e2b3d9.o(.text.lv_mem_buf_release) referenced from lto-llvm-e2b3d9.o(.text.grid_update)
 <LI><a href="#[118]">lv_obj_add_style</a> from lto-llvm-e2b3d9.o(.text.lv_obj_add_style) referenced from lto-llvm-e2b3d9.o(.text.theme_apply.455)
 <LI><a href="#[119]">lv_obj_constructor</a> from lto-llvm-e2b3d9.o(.text.lv_obj_constructor) referenced from lto-llvm-e2b3d9.o(.rodata)
 <LI><a href="#[c2]">lv_obj_create</a> from lto-llvm-e2b3d9.o(.text.lv_obj_create) referenced from lto-llvm-e2b3d9.o(.text.lv_disp_drv_register)
 <LI><a href="#[11a]">lv_obj_destructor</a> from lto-llvm-e2b3d9.o(.text.lv_obj_destructor) referenced from lto-llvm-e2b3d9.o(.rodata)
 <LI><a href="#[11b]">lv_obj_event</a> from lto-llvm-e2b3d9.o(.text.lv_obj_event) referenced from lto-llvm-e2b3d9.o(.rodata)
 <LI><a href="#[af]">lv_obj_get_height</a> from lto-llvm-e2b3d9.o(.text.lv_obj_get_height) referenced from lto-llvm-e2b3d9.o(.text.find_track_end)
 <LI><a href="#[b0]">lv_obj_get_style_prop</a> from lto-llvm-e2b3d9.o(.text.lv_obj_get_style_prop) referenced from lto-llvm-e2b3d9.o(.text.flex_update)
 <LI><a href="#[b0]">lv_obj_get_style_prop</a> from lto-llvm-e2b3d9.o(.text.lv_obj_get_style_prop) referenced from lto-llvm-e2b3d9.o(.text.grid_update)
 <LI><a href="#[b0]">lv_obj_get_style_prop</a> from lto-llvm-e2b3d9.o(.text.lv_obj_get_style_prop) referenced from lto-llvm-e2b3d9.o(.text.lv_obj_init_draw_rect_dsc)
 <LI><a href="#[ae]">lv_obj_get_width</a> from lto-llvm-e2b3d9.o(.text.lv_obj_get_width) referenced from lto-llvm-e2b3d9.o(.text.find_track_end)
 <LI><a href="#[eb]">lv_obj_set_local_style_prop</a> from lto-llvm-e2b3d9.o(.text.lv_obj_set_local_style_prop) referenced from lto-llvm-e2b3d9.o(.text.lv_win_constructor)
 <LI><a href="#[db]">lv_refr_obj_and_children</a> from lto-llvm-e2b3d9.o(.text.lv_refr_obj_and_children) referenced from lto-llvm-e2b3d9.o(.text.lv_refr_area_part)
 <LI><a href="#[e0]">lv_style_set_bg_color</a> from lto-llvm-e2b3d9.o(.text.lv_style_set_bg_color) referenced from lto-llvm-e2b3d9.o(.text.lv_theme_default_init)
 <LI><a href="#[e4]">lv_style_set_bg_opa</a> from lto-llvm-e2b3d9.o(.text.lv_style_set_bg_opa) referenced from lto-llvm-e2b3d9.o(.text.lv_theme_default_init)
 <LI><a href="#[ea]">lv_style_set_pad_all.457</a> from lto-llvm-e2b3d9.o(.text.lv_style_set_pad_all.457) referenced from lto-llvm-e2b3d9.o(.text.lv_theme_default_init)
 <LI><a href="#[e6]">lv_style_set_pad_column</a> from lto-llvm-e2b3d9.o(.text.lv_style_set_pad_column) referenced from lto-llvm-e2b3d9.o(.text.lv_theme_default_init)
 <LI><a href="#[e7]">lv_style_set_pad_row</a> from lto-llvm-e2b3d9.o(.text.lv_style_set_pad_row) referenced from lto-llvm-e2b3d9.o(.text.lv_theme_default_init)
 <LI><a href="#[e3]">lv_style_set_prop</a> from lto-llvm-e2b3d9.o(.text.lv_style_set_prop) referenced from lto-llvm-e2b3d9.o(.text.lv_theme_default_init)
 <LI><a href="#[e1]">lv_style_set_radius</a> from lto-llvm-e2b3d9.o(.text.lv_style_set_radius) referenced from lto-llvm-e2b3d9.o(.text.lv_theme_default_init)
 <LI><a href="#[e5]">lv_style_set_text_color</a> from lto-llvm-e2b3d9.o(.text.lv_style_set_text_color) referenced from lto-llvm-e2b3d9.o(.text.lv_theme_default_init)
 <LI><a href="#[df]">lv_style_set_transition</a> from lto-llvm-e2b3d9.o(.text.lv_style_set_transition) referenced from lto-llvm-e2b3d9.o(.text.lv_theme_default_init)
 <LI><a href="#[be]">lv_trigo_sin</a> from lto-llvm-e2b3d9.o(.text.lv_trigo_sin) referenced from lto-llvm-e2b3d9.o(.text.inv_arc_area)
 <LI><a href="#[be]">lv_trigo_sin</a> from lto-llvm-e2b3d9.o(.text.lv_trigo_sin) referenced from lto-llvm-e2b3d9.o(.text.lv_draw_arc)
 <LI><a href="#[be]">lv_trigo_sin</a> from lto-llvm-e2b3d9.o(.text.lv_trigo_sin) referenced from lto-llvm-e2b3d9.o(.text.lv_draw_img)
 <LI><a href="#[be]">lv_trigo_sin</a> from lto-llvm-e2b3d9.o(.text.lv_trigo_sin) referenced from lto-llvm-e2b3d9.o(.text.lv_draw_map)
 <LI><a href="#[11c]">lv_win_constructor</a> from lto-llvm-e2b3d9.o(.text.lv_win_constructor) referenced from lto-llvm-e2b3d9.o(.rodata)
 <LI><a href="#[b3]">lvgl_log_output</a> from lto-llvm-e2b3d9.o(.text.lvgl_log_output) referenced from lto-llvm-e2b3d9.o(.text.gui_thread)
 <LI><a href="#[10b]">memory_pool</a> from lto-llvm-e2b3d9.o(.text.memory_pool) referenced from lto-llvm-e2b3d9.o(.text.system_thread)
 <LI><a href="#[10a]">osMutexNew</a> from rtx_mutex.o(.text.osMutexNew) referenced from lto-llvm-e2b3d9.o(.text.system_thread)
 <LI><a href="#[f8]">osRtxIdleThread</a> from lto-llvm-e2b3d9.o(.text.osRtxIdleThread) referenced from rtx_thread.o(.text.osRtxThreadStartup)
 <LI><a href="#[106]">osRtxMemoryInit</a> from rtx_memory.o(.text.osRtxMemoryInit) referenced from rtx_kernel.o(.text.svcRtxKernelInitialize)
 <LI><a href="#[107]">osRtxSemaphorePostProcess</a> from rtx_semaphore.o(.text.osRtxSemaphorePostProcess) referenced from rtx_semaphore.o(.text.svcRtxSemaphoreNew)
 <LI><a href="#[109]">osRtxThreadPostProcess</a> from rtx_thread.o(.text.osRtxThreadPostProcess) referenced from rtx_thread.o(.text.svcRtxThreadNew)
 <LI><a href="#[108]">osThreadExit</a> from rtx_thread.o(.text.osThreadExit) referenced from rtx_thread.o(.text.svcRtxThreadNew)
 <LI><a href="#[10e]">rte_calloc</a> from lto-llvm-e2b3d9.o(.text.rte_calloc) referenced from lto-llvm-e2b3d9.o(.text.system_thread)
 <LI><a href="#[112]">rte_data_out</a> from lto-llvm-e2b3d9.o(.text.rte_data_out) referenced from lto-llvm-e2b3d9.o(.text.system_thread)
 <LI><a href="#[10c]">rte_free</a> from lto-llvm-e2b3d9.o(.text.rte_free) referenced from lto-llvm-e2b3d9.o(.text.system_thread)
 <LI><a href="#[110]">rte_get_tick</a> from lto-llvm-e2b3d9.o(.text.rte_get_tick) referenced from lto-llvm-e2b3d9.o(.text.system_thread)
 <LI><a href="#[10f]">rte_malloc</a> from lto-llvm-e2b3d9.o(.text.rte_malloc) referenced from lto-llvm-e2b3d9.o(.text.system_thread)
 <LI><a href="#[a6]">rte_mutex_lock</a> from lto-llvm-e2b3d9.o(.text.rte_mutex_lock) referenced from lto-llvm-e2b3d9.o(.text.com_create)
 <LI><a href="#[a6]">rte_mutex_lock</a> from lto-llvm-e2b3d9.o(.text.rte_mutex_lock) referenced from lto-llvm-e2b3d9.o(.text.system_thread)
 <LI><a href="#[a5]">rte_mutex_unlock</a> from lto-llvm-e2b3d9.o(.text.rte_mutex_unlock) referenced from lto-llvm-e2b3d9.o(.text.com_create)
 <LI><a href="#[a5]">rte_mutex_unlock</a> from lto-llvm-e2b3d9.o(.text.rte_mutex_unlock) referenced from lto-llvm-e2b3d9.o(.text.system_thread)
 <LI><a href="#[10d]">rte_realloc</a> from lto-llvm-e2b3d9.o(.text.rte_realloc) referenced from lto-llvm-e2b3d9.o(.text.system_thread)
 <LI><a href="#[113]">running_timer</a> from lto-llvm-e2b3d9.o(.text.running_timer) referenced from lto-llvm-e2b3d9.o(.text.system_thread)
 <LI><a href="#[d6]">scroll_anim_ready_cb</a> from lto-llvm-e2b3d9.o(.text.scroll_anim_ready_cb) referenced from lto-llvm-e2b3d9.o(.text.lv_obj_scroll_by)
 <LI><a href="#[d5]">scroll_x_anim</a> from lto-llvm-e2b3d9.o(.text.scroll_x_anim) referenced from lto-llvm-e2b3d9.o(.text.lv_obj_event)
 <LI><a href="#[d5]">scroll_x_anim</a> from lto-llvm-e2b3d9.o(.text.scroll_x_anim) referenced from lto-llvm-e2b3d9.o(.text.lv_obj_scroll_to_x)
 <LI><a href="#[d4]">scroll_y_anim</a> from lto-llvm-e2b3d9.o(.text.scroll_y_anim) referenced from lto-llvm-e2b3d9.o(.text.lv_obj_event)
 <LI><a href="#[d4]">scroll_y_anim</a> from lto-llvm-e2b3d9.o(.text.scroll_y_anim) referenced from lto-llvm-e2b3d9.o(.text.lv_obj_scroll_to_y)
 <LI><a href="#[cd]">set_ofs_x_anim</a> from lto-llvm-e2b3d9.o(.text.set_ofs_x_anim) referenced from lto-llvm-e2b3d9.o(.text.lv_label_constructor)
 <LI><a href="#[cd]">set_ofs_x_anim</a> from lto-llvm-e2b3d9.o(.text.set_ofs_x_anim) referenced from lto-llvm-e2b3d9.o(.text.lv_label_refr_text)
 <LI><a href="#[ce]">set_ofs_y_anim</a> from lto-llvm-e2b3d9.o(.text.set_ofs_y_anim) referenced from lto-llvm-e2b3d9.o(.text.lv_label_constructor)
 <LI><a href="#[ce]">set_ofs_y_anim</a> from lto-llvm-e2b3d9.o(.text.set_ofs_y_anim) referenced from lto-llvm-e2b3d9.o(.text.lv_label_refr_text)
 <LI><a href="#[136]">shellBackspace</a> from lto-llvm-e2b3d9.o(.text.shellBackspace) referenced 2 times from lto-llvm-e2b3d9.o(shellCommand)
 <LI><a href="#[13e]">shellClear</a> from lto-llvm-e2b3d9.o(.text.shellClear) referenced from lto-llvm-e2b3d9.o(shellCommand)
 <LI><a href="#[13b]">shellCmds</a> from lto-llvm-e2b3d9.o(.text.shellCmds) referenced from lto-llvm-e2b3d9.o(shellCommand)
 <LI><a href="#[137]">shellDelete</a> from lto-llvm-e2b3d9.o(.text.shellDelete) referenced from lto-llvm-e2b3d9.o(shellCommand)
 <LI><a href="#[132]">shellDown</a> from lto-llvm-e2b3d9.o(.text.shellDown) referenced from lto-llvm-e2b3d9.o(shellCommand)
 <LI><a href="#[138]">shellEnter</a> from lto-llvm-e2b3d9.o(.text.shellEnter) referenced 2 times from lto-llvm-e2b3d9.o(shellCommand)
 <LI><a href="#[139]">shellHelp</a> from lto-llvm-e2b3d9.o(.text.shellHelp) referenced from lto-llvm-e2b3d9.o(shellCommand)
 <LI><a href="#[13d]">shellKeys</a> from lto-llvm-e2b3d9.o(.text.shellKeys) referenced from lto-llvm-e2b3d9.o(shellCommand)
 <LI><a href="#[134]">shellLeft</a> from lto-llvm-e2b3d9.o(.text.shellLeft) referenced from lto-llvm-e2b3d9.o(shellCommand)
 <LI><a href="#[133]">shellRight</a> from lto-llvm-e2b3d9.o(.text.shellRight) referenced from lto-llvm-e2b3d9.o(shellCommand)
 <LI><a href="#[130]">shellSetVar</a> from lto-llvm-e2b3d9.o(.text.shellSetVar) referenced from lto-llvm-e2b3d9.o(shellCommand)
 <LI><a href="#[135]">shellTab</a> from lto-llvm-e2b3d9.o(.text.shellTab) referenced from lto-llvm-e2b3d9.o(shellCommand)
 <LI><a href="#[116]">shellTask</a> from lto-llvm-e2b3d9.o(.text.shellTask) referenced from lto-llvm-e2b3d9.o(.text.system_thread)
 <LI><a href="#[131]">shellUp</a> from lto-llvm-e2b3d9.o(.text.shellUp) referenced from lto-llvm-e2b3d9.o(shellCommand)
 <LI><a href="#[13a]">shellUsers</a> from lto-llvm-e2b3d9.o(.text.shellUsers) referenced from lto-llvm-e2b3d9.o(shellCommand)
 <LI><a href="#[13c]">shellVars</a> from lto-llvm-e2b3d9.o(.text.shellVars) referenced from lto-llvm-e2b3d9.o(shellCommand)
 <LI><a href="#[ff]">shellWriteString</a> from lto-llvm-e2b3d9.o(.text.shellWriteString) referenced from lto-llvm-e2b3d9.o(.text.shellShowVar)
 <LI><a href="#[ff]">shellWriteString</a> from lto-llvm-e2b3d9.o(.text.shellWriteString) referenced from lto-llvm-e2b3d9.o(.text.shellWritePrompt)
 <LI><a href="#[ff]">shellWriteString</a> from lto-llvm-e2b3d9.o(.text.shellWriteString) referenced from lto-llvm-e2b3d9.o(.text.shellWriteReturnValue)
 <LI><a href="#[111]">single_timer_free_cb</a> from lto-llvm-e2b3d9.o(.text.single_timer_free_cb) referenced from lto-llvm-e2b3d9.o(.text.system_thread)
 <LI><a href="#[101]">spi_recv</a> from lto-llvm-e2b3d9.o(.text.spi_recv) referenced from lto-llvm-e2b3d9.o(.text.spi_create)
 <LI><a href="#[100]">spi_send</a> from lto-llvm-e2b3d9.o(.text.spi_send) referenced from lto-llvm-e2b3d9.o(.text.spi_create)
 <LI><a href="#[102]">spi_send_async</a> from lto-llvm-e2b3d9.o(.text.spi_send_async) referenced from lto-llvm-e2b3d9.o(.text.spi_create)
 <LI><a href="#[de]">style_init_reset.456</a> from lto-llvm-e2b3d9.o(.text.style_init_reset.456) referenced from lto-llvm-e2b3d9.o(.text.lv_theme_default_init)
 <LI><a href="#[ef]">svcRtxDelay</a> from rtx_delay.o(.text.svcRtxDelay) referenced from rtx_delay.o(.text.osDelay)
 <LI><a href="#[f0]">svcRtxKernelGetState</a> from rtx_kernel.o(.text.svcRtxKernelGetState) referenced from rtx_kernel.o(.text.osKernelGetState)
 <LI><a href="#[f1]">svcRtxKernelGetTickCount</a> from rtx_kernel.o(.text.svcRtxKernelGetTickCount) referenced from rtx_kernel.o(.text.osKernelGetTickCount)
 <LI><a href="#[f2]">svcRtxKernelInitialize</a> from rtx_kernel.o(.text.svcRtxKernelInitialize) referenced from rtx_kernel.o(.text.osKernelInitialize)
 <LI><a href="#[f3]">svcRtxKernelStart</a> from rtx_kernel.o(.text.svcRtxKernelStart) referenced from rtx_kernel.o(.text.osKernelStart)
 <LI><a href="#[f4]">svcRtxMutexAcquire</a> from rtx_mutex.o(.text.svcRtxMutexAcquire) referenced from rtx_mutex.o(.text.osMutexAcquire)
 <LI><a href="#[f5]">svcRtxMutexDelete</a> from rtx_mutex.o(.text.svcRtxMutexDelete) referenced from rtx_mutex.o(.text.osMutexDelete)
 <LI><a href="#[f6]">svcRtxMutexNew</a> from rtx_mutex.o(.text.svcRtxMutexNew) referenced from rtx_mutex.o(.text.osMutexNew)
 <LI><a href="#[f7]">svcRtxMutexRelease</a> from rtx_mutex.o(.text.svcRtxMutexRelease) referenced from rtx_mutex.o(.text.osMutexRelease)
 <LI><a href="#[f9]">svcRtxSemaphoreAcquire</a> from rtx_semaphore.o(.text.svcRtxSemaphoreAcquire) referenced from rtx_semaphore.o(.text.osSemaphoreAcquire)
 <LI><a href="#[fa]">svcRtxSemaphoreNew</a> from rtx_semaphore.o(.text.svcRtxSemaphoreNew) referenced from rtx_semaphore.o(.text.osSemaphoreNew)
 <LI><a href="#[fb]">svcRtxSemaphoreRelease</a> from rtx_semaphore.o(.text.svcRtxSemaphoreRelease) referenced from rtx_semaphore.o(.text.osSemaphoreRelease)
 <LI><a href="#[fc]">svcRtxThreadExit</a> from rtx_thread.o(.text.svcRtxThreadExit) referenced from rtx_thread.o(.text.osThreadExit)
 <LI><a href="#[fd]">svcRtxThreadNew</a> from rtx_thread.o(.text.svcRtxThreadNew) referenced from rtx_thread.o(.text.osThreadNew)
 <LI><a href="#[fe]">svcRtxThreadSetPriority</a> from rtx_thread.o(.text.svcRtxThreadSetPriority) referenced from rtx_thread.o(.text.osThreadSetPriority)
 <LI><a href="#[ee]">system_thread</a> from lto-llvm-e2b3d9.o(.text.system_thread) referenced from lto-llvm-e2b3d9.o(.text.main)
 <LI><a href="#[dd]">theme_apply.455</a> from lto-llvm-e2b3d9.o(.text.theme_apply.455) referenced from lto-llvm-e2b3d9.o(.text.lv_theme_default_init)
 <LI><a href="#[da]">trans_anim_cb</a> from lto-llvm-e2b3d9.o(.text.trans_anim_cb) referenced from lto-llvm-e2b3d9.o(.text.lv_obj_set_state)
 <LI><a href="#[d8]">trans_anim_ready_cb</a> from lto-llvm-e2b3d9.o(.text.trans_anim_ready_cb) referenced from lto-llvm-e2b3d9.o(.text.lv_obj_set_state)
 <LI><a href="#[d9]">trans_anim_start_cb</a> from lto-llvm-e2b3d9.o(.text.trans_anim_start_cb) referenced from lto-llvm-e2b3d9.o(.text.lv_obj_set_state)
 <LI><a href="#[b1]">unicode_list_compare</a> from lto-llvm-e2b3d9.o(.text.unicode_list_compare) referenced from lto-llvm-e2b3d9.o(.text.get_glyph_dsc_id)
 <LI><a href="#[114]">userShellRead</a> from lto-llvm-e2b3d9.o(.text.userShellRead) referenced from lto-llvm-e2b3d9.o(.text.system_thread)
 <LI><a href="#[115]">userShellWrite</a> from lto-llvm-e2b3d9.o(.text.userShellWrite) referenced from lto-llvm-e2b3d9.o(.text.system_thread)
</UL>
<P>
<H3>
Global Symbols
</H3>
<P><STRONG><a name="[96]"></a>__main</STRONG> (Thumb, 8 bytes, Stack size 0 bytes, __main.o(!!!main))
<BR><BR>[Calls]<UL><LI><a href="#[144]">&gt;&gt;</a>&nbsp;&nbsp;&nbsp;__rt_entry
<LI><a href="#[143]">&gt;&gt;</a>&nbsp;&nbsp;&nbsp;__scatterload
</UL>
<BR>[Address Reference Count : 1]<UL><LI> startup_stm32h743xx.o(.text)
</UL>
<P><STRONG><a name="[143]"></a>__scatterload</STRONG> (Thumb, 0 bytes, Stack size unknown bytes, __scatter.o(!!!scatter))
<BR><BR>[Called By]<UL><LI><a href="#[96]">&gt;&gt;</a>&nbsp;&nbsp;&nbsp;__main
</UL>

<P><STRONG><a name="[145]"></a>__scatterload_rt2</STRONG> (Thumb, 44 bytes, Stack size unknown bytes, __scatter.o(!!!scatter), UNUSED)
<BR><BR>[Calls]<UL><LI><a href="#[144]">&gt;&gt;</a>&nbsp;&nbsp;&nbsp;__rt_entry
</UL>

<P><STRONG><a name="[402]"></a>__scatterload_rt2_thumb_only</STRONG> (Thumb, 0 bytes, Stack size unknown bytes, __scatter.o(!!!scatter), UNUSED)

<P><STRONG><a name="[403]"></a>__scatterload_null</STRONG> (Thumb, 0 bytes, Stack size unknown bytes, __scatter.o(!!!scatter), UNUSED)

<P><STRONG><a name="[404]"></a>__decompress</STRONG> (Thumb, 58 bytes, Stack size unknown bytes, __dczerorl.o(!!dczerorl), UNUSED)

<P><STRONG><a name="[405]"></a>__decompress0</STRONG> (Thumb, 0 bytes, Stack size unknown bytes, __dczerorl.o(!!dczerorl), UNUSED)

<P><STRONG><a name="[146]"></a>__scatterload_copy</STRONG> (Thumb, 26 bytes, Stack size unknown bytes, __scatter_copy.o(!!handler_copy), UNUSED)
<BR><BR>[Calls]<UL><LI><a href="#[146]">&gt;&gt;</a>&nbsp;&nbsp;&nbsp;__scatterload_copy
</UL>
<BR>[Called By]<UL><LI><a href="#[146]">&gt;&gt;</a>&nbsp;&nbsp;&nbsp;__scatterload_copy
</UL>

<P><STRONG><a name="[406]"></a>__scatterload_zeroinit</STRONG> (Thumb, 28 bytes, Stack size unknown bytes, __scatter_zi.o(!!handler_zi), UNUSED)

<P><STRONG><a name="[14e]"></a>__rt_lib_init</STRONG> (Thumb, 0 bytes, Stack size unknown bytes, libinit.o(.ARM.Collect$$libinit$$00000000))
<BR><BR>[Called By]<UL><LI><a href="#[14d]">&gt;&gt;</a>&nbsp;&nbsp;&nbsp;__rt_entry_li
</UL>

<P><STRONG><a name="[147]"></a>__rt_lib_init_fp_1</STRONG> (Thumb, 0 bytes, Stack size unknown bytes, libinit2.o(.ARM.Collect$$libinit$$00000001))
<BR><BR>[Calls]<UL><LI><a href="#[148]">&gt;&gt;</a>&nbsp;&nbsp;&nbsp;_fp_init
</UL>

<P><STRONG><a name="[407]"></a>__rt_lib_init_alloca_1</STRONG> (Thumb, 0 bytes, Stack size unknown bytes, libinit2.o(.ARM.Collect$$libinit$$0000002E))

<P><STRONG><a name="[408]"></a>__rt_lib_init_argv_1</STRONG> (Thumb, 0 bytes, Stack size unknown bytes, libinit2.o(.ARM.Collect$$libinit$$0000002C))

<P><STRONG><a name="[409]"></a>__rt_lib_init_atexit_1</STRONG> (Thumb, 0 bytes, Stack size unknown bytes, libinit2.o(.ARM.Collect$$libinit$$0000001B))

<P><STRONG><a name="[40a]"></a>__rt_lib_init_clock_1</STRONG> (Thumb, 0 bytes, Stack size unknown bytes, libinit2.o(.ARM.Collect$$libinit$$00000021))

<P><STRONG><a name="[40b]"></a>__rt_lib_init_cpp_1</STRONG> (Thumb, 0 bytes, Stack size unknown bytes, libinit2.o(.ARM.Collect$$libinit$$00000032))

<P><STRONG><a name="[40c]"></a>__rt_lib_init_exceptions_1</STRONG> (Thumb, 0 bytes, Stack size unknown bytes, libinit2.o(.ARM.Collect$$libinit$$00000030))

<P><STRONG><a name="[40d]"></a>__rt_lib_init_fp_trap_1</STRONG> (Thumb, 0 bytes, Stack size unknown bytes, libinit2.o(.ARM.Collect$$libinit$$0000001F))

<P><STRONG><a name="[40e]"></a>__rt_lib_init_getenv_1</STRONG> (Thumb, 0 bytes, Stack size unknown bytes, libinit2.o(.ARM.Collect$$libinit$$00000023))

<P><STRONG><a name="[40f]"></a>__rt_lib_init_heap_1</STRONG> (Thumb, 0 bytes, Stack size unknown bytes, libinit2.o(.ARM.Collect$$libinit$$0000000A))

<P><STRONG><a name="[410]"></a>__rt_lib_init_lc_collate_1</STRONG> (Thumb, 0 bytes, Stack size unknown bytes, libinit2.o(.ARM.Collect$$libinit$$00000011))

<P><STRONG><a name="[411]"></a>__rt_lib_init_lc_ctype_1</STRONG> (Thumb, 0 bytes, Stack size unknown bytes, libinit2.o(.ARM.Collect$$libinit$$00000013))

<P><STRONG><a name="[412]"></a>__rt_lib_init_lc_monetary_1</STRONG> (Thumb, 0 bytes, Stack size unknown bytes, libinit2.o(.ARM.Collect$$libinit$$00000015))

<P><STRONG><a name="[413]"></a>__rt_lib_init_lc_numeric_1</STRONG> (Thumb, 0 bytes, Stack size unknown bytes, libinit2.o(.ARM.Collect$$libinit$$00000017))

<P><STRONG><a name="[414]"></a>__rt_lib_init_lc_time_1</STRONG> (Thumb, 0 bytes, Stack size unknown bytes, libinit2.o(.ARM.Collect$$libinit$$00000019))

<P><STRONG><a name="[415]"></a>__rt_lib_init_preinit_1</STRONG> (Thumb, 0 bytes, Stack size unknown bytes, libinit2.o(.ARM.Collect$$libinit$$00000004))

<P><STRONG><a name="[416]"></a>__rt_lib_init_rand_1</STRONG> (Thumb, 0 bytes, Stack size unknown bytes, libinit2.o(.ARM.Collect$$libinit$$0000000E))

<P><STRONG><a name="[417]"></a>__rt_lib_init_return</STRONG> (Thumb, 0 bytes, Stack size unknown bytes, libinit2.o(.ARM.Collect$$libinit$$00000033))

<P><STRONG><a name="[418]"></a>__rt_lib_init_signal_1</STRONG> (Thumb, 0 bytes, Stack size unknown bytes, libinit2.o(.ARM.Collect$$libinit$$0000001D))

<P><STRONG><a name="[419]"></a>__rt_lib_init_stdio_1</STRONG> (Thumb, 0 bytes, Stack size unknown bytes, libinit2.o(.ARM.Collect$$libinit$$00000025))

<P><STRONG><a name="[41a]"></a>__rt_lib_init_user_alloc_1</STRONG> (Thumb, 0 bytes, Stack size unknown bytes, libinit2.o(.ARM.Collect$$libinit$$0000000C))

<P><STRONG><a name="[153]"></a>__rt_lib_shutdown</STRONG> (Thumb, 0 bytes, Stack size unknown bytes, libshutdown.o(.ARM.Collect$$libshutdown$$00000000))
<BR><BR>[Called By]<UL><LI><a href="#[152]">&gt;&gt;</a>&nbsp;&nbsp;&nbsp;__rt_exit_ls
</UL>

<P><STRONG><a name="[41b]"></a>__rt_lib_shutdown_cpp_1</STRONG> (Thumb, 0 bytes, Stack size unknown bytes, libshutdown2.o(.ARM.Collect$$libshutdown$$00000002))

<P><STRONG><a name="[41c]"></a>__rt_lib_shutdown_fp_trap_1</STRONG> (Thumb, 0 bytes, Stack size unknown bytes, libshutdown2.o(.ARM.Collect$$libshutdown$$00000007))

<P><STRONG><a name="[41d]"></a>__rt_lib_shutdown_heap_1</STRONG> (Thumb, 0 bytes, Stack size unknown bytes, libshutdown2.o(.ARM.Collect$$libshutdown$$0000000F))

<P><STRONG><a name="[41e]"></a>__rt_lib_shutdown_return</STRONG> (Thumb, 0 bytes, Stack size unknown bytes, libshutdown2.o(.ARM.Collect$$libshutdown$$00000010))

<P><STRONG><a name="[41f]"></a>__rt_lib_shutdown_signal_1</STRONG> (Thumb, 0 bytes, Stack size unknown bytes, libshutdown2.o(.ARM.Collect$$libshutdown$$0000000A))

<P><STRONG><a name="[420]"></a>__rt_lib_shutdown_stdio_1</STRONG> (Thumb, 0 bytes, Stack size unknown bytes, libshutdown2.o(.ARM.Collect$$libshutdown$$00000004))

<P><STRONG><a name="[421]"></a>__rt_lib_shutdown_user_alloc_1</STRONG> (Thumb, 0 bytes, Stack size unknown bytes, libshutdown2.o(.ARM.Collect$$libshutdown$$0000000C))

<P><STRONG><a name="[144]"></a>__rt_entry</STRONG> (Thumb, 0 bytes, Stack size unknown bytes, __rtentry.o(.ARM.Collect$$rtentry$$00000000))
<BR><BR>[Called By]<UL><LI><a href="#[96]">&gt;&gt;</a>&nbsp;&nbsp;&nbsp;__main
<LI><a href="#[145]">&gt;&gt;</a>&nbsp;&nbsp;&nbsp;__scatterload_rt2
</UL>

<P><STRONG><a name="[422]"></a>__rt_entry_presh_1</STRONG> (Thumb, 0 bytes, Stack size unknown bytes, __rtentry2.o(.ARM.Collect$$rtentry$$00000002))

<P><STRONG><a name="[149]"></a>__rt_entry_sh</STRONG> (Thumb, 0 bytes, Stack size unknown bytes, __rtentry4.o(.ARM.Collect$$rtentry$$00000004))
<BR><BR>[Stack]<UL><LI>Max Depth = 8 + Unknown Stack Size
<LI>Call Chain = __rt_entry_sh &rArr; __user_setup_stackheap
</UL>
<BR>[Calls]<UL><LI><a href="#[14a]">&gt;&gt;</a>&nbsp;&nbsp;&nbsp;__user_setup_stackheap
</UL>

<P><STRONG><a name="[14b]"></a>__rt_entry_postsh_1</STRONG> (Thumb, 0 bytes, Stack size unknown bytes, __rtentry2.o(.ARM.Collect$$rtentry$$00000008))
<BR><BR>[Stack]<UL><LI>Max Depth = 8 + Unknown Stack Size
<LI>Call Chain = __rt_entry_postsh_1 &rArr; _platform_post_stackheap_init &rArr; osKernelInitialize
</UL>
<BR>[Calls]<UL><LI><a href="#[14c]">&gt;&gt;</a>&nbsp;&nbsp;&nbsp;_platform_post_stackheap_init
</UL>

<P><STRONG><a name="[14d]"></a>__rt_entry_li</STRONG> (Thumb, 0 bytes, Stack size unknown bytes, __rtentry2.o(.ARM.Collect$$rtentry$$0000000A))
<BR><BR>[Calls]<UL><LI><a href="#[14e]">&gt;&gt;</a>&nbsp;&nbsp;&nbsp;__rt_lib_init
</UL>

<P><STRONG><a name="[14f]"></a>__rt_entry_main</STRONG> (Thumb, 0 bytes, Stack size unknown bytes, __rtentry2.o(.ARM.Collect$$rtentry$$0000000D))
<BR><BR>[Stack]<UL><LI>Max Depth = 272 + Unknown Stack Size
<LI>Call Chain = __rt_entry_main &rArr; main &rArr; HAL_RCCEx_PeriphCLKConfig &rArr; OUTLINED_FUNCTION_89 &rArr; RCCEx_PLL2_Config
</UL>
<BR>[Calls]<UL><LI><a href="#[151]">&gt;&gt;</a>&nbsp;&nbsp;&nbsp;exit
<LI><a href="#[150]">&gt;&gt;</a>&nbsp;&nbsp;&nbsp;main
</UL>

<P><STRONG><a name="[423]"></a>__rt_entry_postli_1</STRONG> (Thumb, 0 bytes, Stack size unknown bytes, __rtentry2.o(.ARM.Collect$$rtentry$$0000000C))

<P><STRONG><a name="[160]"></a>__rt_exit</STRONG> (Thumb, 0 bytes, Stack size unknown bytes, rtexit.o(.ARM.Collect$$rtexit$$00000000))
<BR><BR>[Called By]<UL><LI><a href="#[151]">&gt;&gt;</a>&nbsp;&nbsp;&nbsp;exit
</UL>

<P><STRONG><a name="[152]"></a>__rt_exit_ls</STRONG> (Thumb, 0 bytes, Stack size unknown bytes, rtexit2.o(.ARM.Collect$$rtexit$$00000003))
<BR><BR>[Calls]<UL><LI><a href="#[153]">&gt;&gt;</a>&nbsp;&nbsp;&nbsp;__rt_lib_shutdown
</UL>

<P><STRONG><a name="[424]"></a>__rt_exit_prels_1</STRONG> (Thumb, 0 bytes, Stack size unknown bytes, rtexit2.o(.ARM.Collect$$rtexit$$00000002))

<P><STRONG><a name="[154]"></a>__rt_exit_exit</STRONG> (Thumb, 0 bytes, Stack size unknown bytes, rtexit2.o(.ARM.Collect$$rtexit$$00000004))
<BR><BR>[Calls]<UL><LI><a href="#[155]">&gt;&gt;</a>&nbsp;&nbsp;&nbsp;_sys_exit
</UL>

<P><STRONG><a name="[0]"></a>Reset_Handler</STRONG> (Thumb, 8 bytes, Stack size 0 bytes, startup_stm32h743xx.o(.text))
<BR>[Address Reference Count : 1]<UL><LI> startup_stm32h743xx.o(RESET)
</UL>
<P><STRONG><a name="[81]"></a>ADC3_IRQHandler</STRONG> (Thumb, 0 bytes, Stack size 0 bytes, startup_stm32h743xx.o(.text))
<BR><BR>[Calls]<UL><LI><a href="#[81]">&gt;&gt;</a>&nbsp;&nbsp;&nbsp;ADC3_IRQHandler
</UL>
<BR>[Called By]<UL><LI><a href="#[81]">&gt;&gt;</a>&nbsp;&nbsp;&nbsp;ADC3_IRQHandler
</UL>
<BR>[Address Reference Count : 1]<UL><LI> startup_stm32h743xx.o(RESET)
</UL>
<P><STRONG><a name="[1c]"></a>ADC_IRQHandler</STRONG> (Thumb, 0 bytes, Stack size 0 bytes, startup_stm32h743xx.o(.text))
<BR>[Address Reference Count : 1]<UL><LI> startup_stm32h743xx.o(RESET)
</UL>
<P><STRONG><a name="[83]"></a>BDMA_Channel0_IRQHandler</STRONG> (Thumb, 0 bytes, Stack size 0 bytes, startup_stm32h743xx.o(.text))
<BR>[Address Reference Count : 1]<UL><LI> startup_stm32h743xx.o(RESET)
</UL>
<P><STRONG><a name="[84]"></a>BDMA_Channel1_IRQHandler</STRONG> (Thumb, 0 bytes, Stack size 0 bytes, startup_stm32h743xx.o(.text))
<BR>[Address Reference Count : 1]<UL><LI> startup_stm32h743xx.o(RESET)
</UL>
<P><STRONG><a name="[85]"></a>BDMA_Channel2_IRQHandler</STRONG> (Thumb, 0 bytes, Stack size 0 bytes, startup_stm32h743xx.o(.text))
<BR>[Address Reference Count : 1]<UL><LI> startup_stm32h743xx.o(RESET)
</UL>
<P><STRONG><a name="[86]"></a>BDMA_Channel3_IRQHandler</STRONG> (Thumb, 0 bytes, Stack size 0 bytes, startup_stm32h743xx.o(.text))
<BR>[Address Reference Count : 1]<UL><LI> startup_stm32h743xx.o(RESET)
</UL>
<P><STRONG><a name="[87]"></a>BDMA_Channel4_IRQHandler</STRONG> (Thumb, 0 bytes, Stack size 0 bytes, startup_stm32h743xx.o(.text))
<BR>[Address Reference Count : 1]<UL><LI> startup_stm32h743xx.o(RESET)
</UL>
<P><STRONG><a name="[88]"></a>BDMA_Channel5_IRQHandler</STRONG> (Thumb, 0 bytes, Stack size 0 bytes, startup_stm32h743xx.o(.text))
<BR>[Address Reference Count : 1]<UL><LI> startup_stm32h743xx.o(RESET)
</UL>
<P><STRONG><a name="[89]"></a>BDMA_Channel6_IRQHandler</STRONG> (Thumb, 0 bytes, Stack size 0 bytes, startup_stm32h743xx.o(.text))
<BR>[Address Reference Count : 1]<UL><LI> startup_stm32h743xx.o(RESET)
</UL>
<P><STRONG><a name="[8a]"></a>BDMA_Channel7_IRQHandler</STRONG> (Thumb, 0 bytes, Stack size 0 bytes, startup_stm32h743xx.o(.text))
<BR>[Address Reference Count : 1]<UL><LI> startup_stm32h743xx.o(RESET)
</UL>
<P><STRONG><a name="[62]"></a>CEC_IRQHandler</STRONG> (Thumb, 0 bytes, Stack size 0 bytes, startup_stm32h743xx.o(.text))
<BR>[Address Reference Count : 1]<UL><LI> startup_stm32h743xx.o(RESET)
</UL>
<P><STRONG><a name="[8b]"></a>COMP1_IRQHandler</STRONG> (Thumb, 0 bytes, Stack size 0 bytes, startup_stm32h743xx.o(.text))
<BR>[Address Reference Count : 1]<UL><LI> startup_stm32h743xx.o(RESET)
</UL>
<P><STRONG><a name="[91]"></a>CRS_IRQHandler</STRONG> (Thumb, 0 bytes, Stack size 0 bytes, startup_stm32h743xx.o(.text))
<BR>[Address Reference Count : 1]<UL><LI> startup_stm32h743xx.o(RESET)
</UL>
<P><STRONG><a name="[53]"></a>DCMI_IRQHandler</STRONG> (Thumb, 0 bytes, Stack size 0 bytes, startup_stm32h743xx.o(.text))
<BR>[Address Reference Count : 1]<UL><LI> startup_stm32h743xx.o(RESET)
</UL>
<P><STRONG><a name="[72]"></a>DFSDM1_FLT0_IRQHandler</STRONG> (Thumb, 0 bytes, Stack size 0 bytes, startup_stm32h743xx.o(.text))
<BR>[Address Reference Count : 1]<UL><LI> startup_stm32h743xx.o(RESET)
</UL>
<P><STRONG><a name="[73]"></a>DFSDM1_FLT1_IRQHandler</STRONG> (Thumb, 0 bytes, Stack size 0 bytes, startup_stm32h743xx.o(.text))
<BR>[Address Reference Count : 1]<UL><LI> startup_stm32h743xx.o(RESET)
</UL>
<P><STRONG><a name="[74]"></a>DFSDM1_FLT2_IRQHandler</STRONG> (Thumb, 0 bytes, Stack size 0 bytes, startup_stm32h743xx.o(.text))
<BR>[Address Reference Count : 1]<UL><LI> startup_stm32h743xx.o(RESET)
</UL>
<P><STRONG><a name="[75]"></a>DFSDM1_FLT3_IRQHandler</STRONG> (Thumb, 0 bytes, Stack size 0 bytes, startup_stm32h743xx.o(.text))
<BR>[Address Reference Count : 1]<UL><LI> startup_stm32h743xx.o(RESET)
</UL>
<P><STRONG><a name="[17]"></a>DMA1_Stream2_IRQHandler</STRONG> (Thumb, 0 bytes, Stack size 0 bytes, startup_stm32h743xx.o(.text))
<BR>[Address Reference Count : 1]<UL><LI> startup_stm32h743xx.o(RESET)
</UL>
<P><STRONG><a name="[18]"></a>DMA1_Stream3_IRQHandler</STRONG> (Thumb, 0 bytes, Stack size 0 bytes, startup_stm32h743xx.o(.text))
<BR>[Address Reference Count : 1]<UL><LI> startup_stm32h743xx.o(RESET)
</UL>
<P><STRONG><a name="[19]"></a>DMA1_Stream4_IRQHandler</STRONG> (Thumb, 0 bytes, Stack size 0 bytes, startup_stm32h743xx.o(.text))
<BR>[Address Reference Count : 1]<UL><LI> startup_stm32h743xx.o(RESET)
</UL>
<P><STRONG><a name="[1a]"></a>DMA1_Stream5_IRQHandler</STRONG> (Thumb, 0 bytes, Stack size 0 bytes, startup_stm32h743xx.o(.text))
<BR>[Address Reference Count : 1]<UL><LI> startup_stm32h743xx.o(RESET)
</UL>
<P><STRONG><a name="[1b]"></a>DMA1_Stream6_IRQHandler</STRONG> (Thumb, 0 bytes, Stack size 0 bytes, startup_stm32h743xx.o(.text))
<BR>[Address Reference Count : 1]<UL><LI> startup_stm32h743xx.o(RESET)
</UL>
<P><STRONG><a name="[38]"></a>DMA1_Stream7_IRQHandler</STRONG> (Thumb, 0 bytes, Stack size 0 bytes, startup_stm32h743xx.o(.text))
<BR>[Address Reference Count : 1]<UL><LI> startup_stm32h743xx.o(RESET)
</UL>
<P><STRONG><a name="[5e]"></a>DMA2D_IRQHandler</STRONG> (Thumb, 0 bytes, Stack size 0 bytes, startup_stm32h743xx.o(.text))
<BR>[Address Reference Count : 1]<UL><LI> startup_stm32h743xx.o(RESET)
</UL>
<P><STRONG><a name="[41]"></a>DMA2_Stream0_IRQHandler</STRONG> (Thumb, 0 bytes, Stack size 0 bytes, startup_stm32h743xx.o(.text))
<BR>[Address Reference Count : 1]<UL><LI> startup_stm32h743xx.o(RESET)
</UL>
<P><STRONG><a name="[42]"></a>DMA2_Stream1_IRQHandler</STRONG> (Thumb, 0 bytes, Stack size 0 bytes, startup_stm32h743xx.o(.text))
<BR>[Address Reference Count : 1]<UL><LI> startup_stm32h743xx.o(RESET)
</UL>
<P><STRONG><a name="[43]"></a>DMA2_Stream2_IRQHandler</STRONG> (Thumb, 0 bytes, Stack size 0 bytes, startup_stm32h743xx.o(.text))
<BR>[Address Reference Count : 1]<UL><LI> startup_stm32h743xx.o(RESET)
</UL>
<P><STRONG><a name="[44]"></a>DMA2_Stream3_IRQHandler</STRONG> (Thumb, 0 bytes, Stack size 0 bytes, startup_stm32h743xx.o(.text))
<BR>[Address Reference Count : 1]<UL><LI> startup_stm32h743xx.o(RESET)
</UL>
<P><STRONG><a name="[45]"></a>DMA2_Stream4_IRQHandler</STRONG> (Thumb, 0 bytes, Stack size 0 bytes, startup_stm32h743xx.o(.text))
<BR>[Address Reference Count : 1]<UL><LI> startup_stm32h743xx.o(RESET)
</UL>
<P><STRONG><a name="[49]"></a>DMA2_Stream5_IRQHandler</STRONG> (Thumb, 0 bytes, Stack size 0 bytes, startup_stm32h743xx.o(.text))
<BR>[Address Reference Count : 1]<UL><LI> startup_stm32h743xx.o(RESET)
</UL>
<P><STRONG><a name="[4a]"></a>DMA2_Stream6_IRQHandler</STRONG> (Thumb, 0 bytes, Stack size 0 bytes, startup_stm32h743xx.o(.text))
<BR>[Address Reference Count : 1]<UL><LI> startup_stm32h743xx.o(RESET)
</UL>
<P><STRONG><a name="[4b]"></a>DMA2_Stream7_IRQHandler</STRONG> (Thumb, 0 bytes, Stack size 0 bytes, startup_stm32h743xx.o(.text))
<BR>[Address Reference Count : 1]<UL><LI> startup_stm32h743xx.o(RESET)
</UL>
<P><STRONG><a name="[6a]"></a>DMAMUX1_OVR_IRQHandler</STRONG> (Thumb, 0 bytes, Stack size 0 bytes, startup_stm32h743xx.o(.text))
<BR>[Address Reference Count : 1]<UL><LI> startup_stm32h743xx.o(RESET)
</UL>
<P><STRONG><a name="[82]"></a>DMAMUX2_OVR_IRQHandler</STRONG> (Thumb, 0 bytes, Stack size 0 bytes, startup_stm32h743xx.o(.text))
<BR>[Address Reference Count : 1]<UL><LI> startup_stm32h743xx.o(RESET)
</UL>
<P><STRONG><a name="[92]"></a>ECC_IRQHandler</STRONG> (Thumb, 0 bytes, Stack size 0 bytes, startup_stm32h743xx.o(.text))
<BR>[Address Reference Count : 1]<UL><LI> startup_stm32h743xx.o(RESET)
</UL>
<P><STRONG><a name="[46]"></a>ETH_IRQHandler</STRONG> (Thumb, 0 bytes, Stack size 0 bytes, startup_stm32h743xx.o(.text))
<BR>[Address Reference Count : 1]<UL><LI> startup_stm32h743xx.o(RESET)
</UL>
<P><STRONG><a name="[47]"></a>ETH_WKUP_IRQHandler</STRONG> (Thumb, 0 bytes, Stack size 0 bytes, startup_stm32h743xx.o(.text))
<BR>[Address Reference Count : 1]<UL><LI> startup_stm32h743xx.o(RESET)
</UL>
<P><STRONG><a name="[10]"></a>EXTI0_IRQHandler</STRONG> (Thumb, 0 bytes, Stack size 0 bytes, startup_stm32h743xx.o(.text))
<BR>[Address Reference Count : 1]<UL><LI> startup_stm32h743xx.o(RESET)
</UL>
<P><STRONG><a name="[32]"></a>EXTI15_10_IRQHandler</STRONG> (Thumb, 0 bytes, Stack size 0 bytes, startup_stm32h743xx.o(.text))
<BR>[Address Reference Count : 1]<UL><LI> startup_stm32h743xx.o(RESET)
</UL>
<P><STRONG><a name="[11]"></a>EXTI1_IRQHandler</STRONG> (Thumb, 0 bytes, Stack size 0 bytes, startup_stm32h743xx.o(.text))
<BR>[Address Reference Count : 1]<UL><LI> startup_stm32h743xx.o(RESET)
</UL>
<P><STRONG><a name="[12]"></a>EXTI2_IRQHandler</STRONG> (Thumb, 0 bytes, Stack size 0 bytes, startup_stm32h743xx.o(.text))
<BR>[Address Reference Count : 1]<UL><LI> startup_stm32h743xx.o(RESET)
</UL>
<P><STRONG><a name="[13]"></a>EXTI3_IRQHandler</STRONG> (Thumb, 0 bytes, Stack size 0 bytes, startup_stm32h743xx.o(.text))
<BR>[Address Reference Count : 1]<UL><LI> startup_stm32h743xx.o(RESET)
</UL>
<P><STRONG><a name="[14]"></a>EXTI4_IRQHandler</STRONG> (Thumb, 0 bytes, Stack size 0 bytes, startup_stm32h743xx.o(.text))
<BR>[Address Reference Count : 1]<UL><LI> startup_stm32h743xx.o(RESET)
</UL>
<P><STRONG><a name="[21]"></a>EXTI9_5_IRQHandler</STRONG> (Thumb, 0 bytes, Stack size 0 bytes, startup_stm32h743xx.o(.text))
<BR>[Address Reference Count : 1]<UL><LI> startup_stm32h743xx.o(RESET)
</UL>
<P><STRONG><a name="[1d]"></a>FDCAN1_IT0_IRQHandler</STRONG> (Thumb, 0 bytes, Stack size 0 bytes, startup_stm32h743xx.o(.text))
<BR>[Address Reference Count : 1]<UL><LI> startup_stm32h743xx.o(RESET)
</UL>
<P><STRONG><a name="[1f]"></a>FDCAN1_IT1_IRQHandler</STRONG> (Thumb, 0 bytes, Stack size 0 bytes, startup_stm32h743xx.o(.text))
<BR>[Address Reference Count : 1]<UL><LI> startup_stm32h743xx.o(RESET)
</UL>
<P><STRONG><a name="[1e]"></a>FDCAN2_IT0_IRQHandler</STRONG> (Thumb, 0 bytes, Stack size 0 bytes, startup_stm32h743xx.o(.text))
<BR>[Address Reference Count : 1]<UL><LI> startup_stm32h743xx.o(RESET)
</UL>
<P><STRONG><a name="[20]"></a>FDCAN2_IT1_IRQHandler</STRONG> (Thumb, 0 bytes, Stack size 0 bytes, startup_stm32h743xx.o(.text))
<BR>[Address Reference Count : 1]<UL><LI> startup_stm32h743xx.o(RESET)
</UL>
<P><STRONG><a name="[48]"></a>FDCAN_CAL_IRQHandler</STRONG> (Thumb, 0 bytes, Stack size 0 bytes, startup_stm32h743xx.o(.text))
<BR>[Address Reference Count : 1]<UL><LI> startup_stm32h743xx.o(RESET)
</UL>
<P><STRONG><a name="[e]"></a>FLASH_IRQHandler</STRONG> (Thumb, 0 bytes, Stack size 0 bytes, startup_stm32h743xx.o(.text))
<BR>[Address Reference Count : 1]<UL><LI> startup_stm32h743xx.o(RESET)
</UL>
<P><STRONG><a name="[39]"></a>FMC_IRQHandler</STRONG> (Thumb, 0 bytes, Stack size 0 bytes, startup_stm32h743xx.o(.text))
<BR>[Address Reference Count : 1]<UL><LI> startup_stm32h743xx.o(RESET)
</UL>
<P><STRONG><a name="[55]"></a>FPU_IRQHandler</STRONG> (Thumb, 0 bytes, Stack size 0 bytes, startup_stm32h743xx.o(.text))
<BR>[Address Reference Count : 1]<UL><LI> startup_stm32h743xx.o(RESET)
</UL>
<P><STRONG><a name="[71]"></a>HRTIM1_FLT_IRQHandler</STRONG> (Thumb, 0 bytes, Stack size 0 bytes, startup_stm32h743xx.o(.text))
<BR>[Address Reference Count : 1]<UL><LI> startup_stm32h743xx.o(RESET)
</UL>
<P><STRONG><a name="[6b]"></a>HRTIM1_Master_IRQHandler</STRONG> (Thumb, 0 bytes, Stack size 0 bytes, startup_stm32h743xx.o(.text))
<BR>[Address Reference Count : 1]<UL><LI> startup_stm32h743xx.o(RESET)
</UL>
<P><STRONG><a name="[6c]"></a>HRTIM1_TIMA_IRQHandler</STRONG> (Thumb, 0 bytes, Stack size 0 bytes, startup_stm32h743xx.o(.text))
<BR>[Address Reference Count : 1]<UL><LI> startup_stm32h743xx.o(RESET)
</UL>
<P><STRONG><a name="[6d]"></a>HRTIM1_TIMB_IRQHandler</STRONG> (Thumb, 0 bytes, Stack size 0 bytes, startup_stm32h743xx.o(.text))
<BR>[Address Reference Count : 1]<UL><LI> startup_stm32h743xx.o(RESET)
</UL>
<P><STRONG><a name="[6e]"></a>HRTIM1_TIMC_IRQHandler</STRONG> (Thumb, 0 bytes, Stack size 0 bytes, startup_stm32h743xx.o(.text))
<BR>[Address Reference Count : 1]<UL><LI> startup_stm32h743xx.o(RESET)
</UL>
<P><STRONG><a name="[6f]"></a>HRTIM1_TIMD_IRQHandler</STRONG> (Thumb, 0 bytes, Stack size 0 bytes, startup_stm32h743xx.o(.text))
<BR>[Address Reference Count : 1]<UL><LI> startup_stm32h743xx.o(RESET)
</UL>
<P><STRONG><a name="[70]"></a>HRTIM1_TIME_IRQHandler</STRONG> (Thumb, 0 bytes, Stack size 0 bytes, startup_stm32h743xx.o(.text))
<BR>[Address Reference Count : 1]<UL><LI> startup_stm32h743xx.o(RESET)
</UL>
<P><STRONG><a name="[80]"></a>HSEM1_IRQHandler</STRONG> (Thumb, 0 bytes, Stack size 0 bytes, startup_stm32h743xx.o(.text))
<BR>[Address Reference Count : 1]<UL><LI> startup_stm32h743xx.o(RESET)
</UL>
<P><STRONG><a name="[2a]"></a>I2C1_ER_IRQHandler</STRONG> (Thumb, 0 bytes, Stack size 0 bytes, startup_stm32h743xx.o(.text))
<BR>[Address Reference Count : 1]<UL><LI> startup_stm32h743xx.o(RESET)
</UL>
<P><STRONG><a name="[29]"></a>I2C1_EV_IRQHandler</STRONG> (Thumb, 0 bytes, Stack size 0 bytes, startup_stm32h743xx.o(.text))
<BR>[Address Reference Count : 1]<UL><LI> startup_stm32h743xx.o(RESET)
</UL>
<P><STRONG><a name="[2c]"></a>I2C2_ER_IRQHandler</STRONG> (Thumb, 0 bytes, Stack size 0 bytes, startup_stm32h743xx.o(.text))
<BR>[Address Reference Count : 1]<UL><LI> startup_stm32h743xx.o(RESET)
</UL>
<P><STRONG><a name="[2b]"></a>I2C2_EV_IRQHandler</STRONG> (Thumb, 0 bytes, Stack size 0 bytes, startup_stm32h743xx.o(.text))
<BR>[Address Reference Count : 1]<UL><LI> startup_stm32h743xx.o(RESET)
</UL>
<P><STRONG><a name="[4e]"></a>I2C3_ER_IRQHandler</STRONG> (Thumb, 0 bytes, Stack size 0 bytes, startup_stm32h743xx.o(.text))
<BR>[Address Reference Count : 1]<UL><LI> startup_stm32h743xx.o(RESET)
</UL>
<P><STRONG><a name="[4d]"></a>I2C3_EV_IRQHandler</STRONG> (Thumb, 0 bytes, Stack size 0 bytes, startup_stm32h743xx.o(.text))
<BR>[Address Reference Count : 1]<UL><LI> startup_stm32h743xx.o(RESET)
</UL>
<P><STRONG><a name="[64]"></a>I2C4_ER_IRQHandler</STRONG> (Thumb, 0 bytes, Stack size 0 bytes, startup_stm32h743xx.o(.text))
<BR>[Address Reference Count : 1]<UL><LI> startup_stm32h743xx.o(RESET)
</UL>
<P><STRONG><a name="[63]"></a>I2C4_EV_IRQHandler</STRONG> (Thumb, 0 bytes, Stack size 0 bytes, startup_stm32h743xx.o(.text))
<BR>[Address Reference Count : 1]<UL><LI> startup_stm32h743xx.o(RESET)
</UL>
<P><STRONG><a name="[7d]"></a>JPEG_IRQHandler</STRONG> (Thumb, 0 bytes, Stack size 0 bytes, startup_stm32h743xx.o(.text))
<BR>[Address Reference Count : 1]<UL><LI> startup_stm32h743xx.o(RESET)
</UL>
<P><STRONG><a name="[61]"></a>LPTIM1_IRQHandler</STRONG> (Thumb, 0 bytes, Stack size 0 bytes, startup_stm32h743xx.o(.text))
<BR>[Address Reference Count : 1]<UL><LI> startup_stm32h743xx.o(RESET)
</UL>
<P><STRONG><a name="[8c]"></a>LPTIM2_IRQHandler</STRONG> (Thumb, 0 bytes, Stack size 0 bytes, startup_stm32h743xx.o(.text))
<BR>[Address Reference Count : 1]<UL><LI> startup_stm32h743xx.o(RESET)
</UL>
<P><STRONG><a name="[8d]"></a>LPTIM3_IRQHandler</STRONG> (Thumb, 0 bytes, Stack size 0 bytes, startup_stm32h743xx.o(.text))
<BR>[Address Reference Count : 1]<UL><LI> startup_stm32h743xx.o(RESET)
</UL>
<P><STRONG><a name="[8e]"></a>LPTIM4_IRQHandler</STRONG> (Thumb, 0 bytes, Stack size 0 bytes, startup_stm32h743xx.o(.text))
<BR>[Address Reference Count : 1]<UL><LI> startup_stm32h743xx.o(RESET)
</UL>
<P><STRONG><a name="[8f]"></a>LPTIM5_IRQHandler</STRONG> (Thumb, 0 bytes, Stack size 0 bytes, startup_stm32h743xx.o(.text))
<BR>[Address Reference Count : 1]<UL><LI> startup_stm32h743xx.o(RESET)
</UL>
<P><STRONG><a name="[90]"></a>LPUART1_IRQHandler</STRONG> (Thumb, 0 bytes, Stack size 0 bytes, startup_stm32h743xx.o(.text))
<BR>[Address Reference Count : 1]<UL><LI> startup_stm32h743xx.o(RESET)
</UL>
<P><STRONG><a name="[5d]"></a>LTDC_ER_IRQHandler</STRONG> (Thumb, 0 bytes, Stack size 0 bytes, startup_stm32h743xx.o(.text))
<BR>[Address Reference Count : 1]<UL><LI> startup_stm32h743xx.o(RESET)
</UL>
<P><STRONG><a name="[5c]"></a>LTDC_IRQHandler</STRONG> (Thumb, 0 bytes, Stack size 0 bytes, startup_stm32h743xx.o(.text))
<BR>[Address Reference Count : 1]<UL><LI> startup_stm32h743xx.o(RESET)
</UL>
<P><STRONG><a name="[7c]"></a>MDIOS_IRQHandler</STRONG> (Thumb, 0 bytes, Stack size 0 bytes, startup_stm32h743xx.o(.text))
<BR>[Address Reference Count : 1]<UL><LI> startup_stm32h743xx.o(RESET)
</UL>
<P><STRONG><a name="[7b]"></a>MDIOS_WKUP_IRQHandler</STRONG> (Thumb, 0 bytes, Stack size 0 bytes, startup_stm32h743xx.o(.text))
<BR>[Address Reference Count : 1]<UL><LI> startup_stm32h743xx.o(RESET)
</UL>
<P><STRONG><a name="[7e]"></a>MDMA_IRQHandler</STRONG> (Thumb, 0 bytes, Stack size 0 bytes, startup_stm32h743xx.o(.text))
<BR>[Address Reference Count : 1]<UL><LI> startup_stm32h743xx.o(RESET)
</UL>
<P><STRONG><a name="[67]"></a>OTG_FS_EP1_IN_IRQHandler</STRONG> (Thumb, 0 bytes, Stack size 0 bytes, startup_stm32h743xx.o(.text))
<BR>[Address Reference Count : 1]<UL><LI> startup_stm32h743xx.o(RESET)
</UL>
<P><STRONG><a name="[66]"></a>OTG_FS_EP1_OUT_IRQHandler</STRONG> (Thumb, 0 bytes, Stack size 0 bytes, startup_stm32h743xx.o(.text))
<BR>[Address Reference Count : 1]<UL><LI> startup_stm32h743xx.o(RESET)
</UL>
<P><STRONG><a name="[69]"></a>OTG_FS_IRQHandler</STRONG> (Thumb, 0 bytes, Stack size 0 bytes, startup_stm32h743xx.o(.text))
<BR>[Address Reference Count : 1]<UL><LI> startup_stm32h743xx.o(RESET)
</UL>
<P><STRONG><a name="[68]"></a>OTG_FS_WKUP_IRQHandler</STRONG> (Thumb, 0 bytes, Stack size 0 bytes, startup_stm32h743xx.o(.text))
<BR>[Address Reference Count : 1]<UL><LI> startup_stm32h743xx.o(RESET)
</UL>
<P><STRONG><a name="[50]"></a>OTG_HS_EP1_IN_IRQHandler</STRONG> (Thumb, 0 bytes, Stack size 0 bytes, startup_stm32h743xx.o(.text))
<BR>[Address Reference Count : 1]<UL><LI> startup_stm32h743xx.o(RESET)
</UL>
<P><STRONG><a name="[4f]"></a>OTG_HS_EP1_OUT_IRQHandler</STRONG> (Thumb, 0 bytes, Stack size 0 bytes, startup_stm32h743xx.o(.text))
<BR>[Address Reference Count : 1]<UL><LI> startup_stm32h743xx.o(RESET)
</UL>
<P><STRONG><a name="[52]"></a>OTG_HS_IRQHandler</STRONG> (Thumb, 0 bytes, Stack size 0 bytes, startup_stm32h743xx.o(.text))
<BR>[Address Reference Count : 1]<UL><LI> startup_stm32h743xx.o(RESET)
</UL>
<P><STRONG><a name="[51]"></a>OTG_HS_WKUP_IRQHandler</STRONG> (Thumb, 0 bytes, Stack size 0 bytes, startup_stm32h743xx.o(.text))
<BR>[Address Reference Count : 1]<UL><LI> startup_stm32h743xx.o(RESET)
</UL>
<P><STRONG><a name="[b]"></a>PVD_AVD_IRQHandler</STRONG> (Thumb, 0 bytes, Stack size 0 bytes, startup_stm32h743xx.o(.text))
<BR>[Address Reference Count : 1]<UL><LI> startup_stm32h743xx.o(RESET)
</UL>
<P><STRONG><a name="[60]"></a>QUADSPI_IRQHandler</STRONG> (Thumb, 0 bytes, Stack size 0 bytes, startup_stm32h743xx.o(.text))
<BR>[Address Reference Count : 1]<UL><LI> startup_stm32h743xx.o(RESET)
</UL>
<P><STRONG><a name="[f]"></a>RCC_IRQHandler</STRONG> (Thumb, 0 bytes, Stack size 0 bytes, startup_stm32h743xx.o(.text))
<BR>[Address Reference Count : 1]<UL><LI> startup_stm32h743xx.o(RESET)
</UL>
<P><STRONG><a name="[54]"></a>RNG_IRQHandler</STRONG> (Thumb, 0 bytes, Stack size 0 bytes, startup_stm32h743xx.o(.text))
<BR>[Address Reference Count : 1]<UL><LI> startup_stm32h743xx.o(RESET)
</UL>
<P><STRONG><a name="[33]"></a>RTC_Alarm_IRQHandler</STRONG> (Thumb, 0 bytes, Stack size 0 bytes, startup_stm32h743xx.o(.text))
<BR>[Address Reference Count : 1]<UL><LI> startup_stm32h743xx.o(RESET)
</UL>
<P><STRONG><a name="[d]"></a>RTC_WKUP_IRQHandler</STRONG> (Thumb, 0 bytes, Stack size 0 bytes, startup_stm32h743xx.o(.text))
<BR>[Address Reference Count : 1]<UL><LI> startup_stm32h743xx.o(RESET)
</UL>
<P><STRONG><a name="[5b]"></a>SAI1_IRQHandler</STRONG> (Thumb, 0 bytes, Stack size 0 bytes, startup_stm32h743xx.o(.text))
<BR>[Address Reference Count : 1]<UL><LI> startup_stm32h743xx.o(RESET)
</UL>
<P><STRONG><a name="[5f]"></a>SAI2_IRQHandler</STRONG> (Thumb, 0 bytes, Stack size 0 bytes, startup_stm32h743xx.o(.text))
<BR>[Address Reference Count : 1]<UL><LI> startup_stm32h743xx.o(RESET)
</UL>
<P><STRONG><a name="[76]"></a>SAI3_IRQHandler</STRONG> (Thumb, 0 bytes, Stack size 0 bytes, startup_stm32h743xx.o(.text))
<BR>[Address Reference Count : 1]<UL><LI> startup_stm32h743xx.o(RESET)
</UL>
[...]
</UL>
<P><STRONG><a name="[116]"></a>shellTask</STRONG> (Thumb, 476 bytes, Stack size 24 bytes, lto-llvm-e2b3d9.o(.text.shellTask))
<BR><BR>[Stack]<UL><LI>Max Depth = 48<LI>Call Chain = shellTask &rArr; OUTLINED_FUNCTION_182 &rArr; shellWritePrompt &rArr; shellWriteString
</UL>
<BR>[Calls]<UL><LI><a href="#[16c]">&gt;&gt;</a>&nbsp;&nbsp;&nbsp;osKernelGetTickCount
<LI><a href="#[213]">&gt;&gt;</a>&nbsp;&nbsp;&nbsp;OUTLINED_FUNCTION_73
<LI><a href="#[1d2]">&gt;&gt;</a>&nbsp;&nbsp;&nbsp;OUTLINED_FUNCTION_182
<LI><a href="#[ff]">&gt;&gt;</a>&nbsp;&nbsp;&nbsp;shellWriteString
<LI><a href="#[1cd]">&gt;&gt;</a>&nbsp;&nbsp;&nbsp;shellCheckPermission
</UL>
<BR>[Address Reference Count : 1]<UL><LI> lto-llvm-e2b3d9.o(.text.system_thread)
</UL>
<P><STRONG><a name="[3e5]"></a>shellToDec</STRONG> (Thumb, 72 bytes, Stack size 20 bytes, lto-llvm-e2b3d9.o(.text.shellToDec))
<BR><BR>[Stack]<UL><LI>Max Depth = 20<LI>Call Chain = shellToDec
</UL>
<BR>[Called By]<UL><LI><a href="#[3df]">&gt;&gt;</a>&nbsp;&nbsp;&nbsp;shellWriteReturnValue
<LI><a href="#[3dd]">&gt;&gt;</a>&nbsp;&nbsp;&nbsp;shellShowVar
</UL>

<P><STRONG><a name="[3e1]"></a>shellToHex</STRONG> (Thumb, 38 bytes, Stack size 8 bytes, lto-llvm-e2b3d9.o(.text.shellToHex))
<BR><BR>[Stack]<UL><LI>Max Depth = 8<LI>Call Chain = shellToHex
</UL>
<BR>[Called By]<UL><LI><a href="#[3df]">&gt;&gt;</a>&nbsp;&nbsp;&nbsp;shellWriteReturnValue
<LI><a href="#[3dd]">&gt;&gt;</a>&nbsp;&nbsp;&nbsp;shellShowVar
<LI><a href="#[3e0]">&gt;&gt;</a>&nbsp;&nbsp;&nbsp;shellGetCommandName
</UL>

<P><STRONG><a name="[131]"></a>shellUp</STRONG> (Thumb, 6 bytes, Stack size 0 bytes, lto-llvm-e2b3d9.o(.text.shellUp))
<BR><BR>[Stack]<UL><LI>Max Depth = 56<LI>Call Chain = shellUp &rArr; shellHistory &rArr; shellClearCommandLine &rArr; shellDeleteCommandLine &rArr; shellWriteString
</UL>
<BR>[Calls]<UL><LI><a href="#[3d8]">&gt;&gt;</a>&nbsp;&nbsp;&nbsp;shellHistory
</UL>
<BR>[Address Reference Count : 1]<UL><LI> lto-llvm-e2b3d9.o(shellCommand)
</UL>
<P><STRONG><a name="[13a]"></a>shellUsers</STRONG> (Thumb, 52 bytes, Stack size 24 bytes, lto-llvm-e2b3d9.o(.text.shellUsers))
<BR><BR>[Stack]<UL><LI>Max Depth = 72<LI>Call Chain = shellUsers &rArr; OUTLINED_FUNCTION_109 &rArr; shellListItem &rArr; shellGetCommandName &rArr; shellToHex
</UL>
<BR>[Calls]<UL><LI><a href="#[1cc]">&gt;&gt;</a>&nbsp;&nbsp;&nbsp;OUTLINED_FUNCTION_179
<LI><a href="#[3e3]">&gt;&gt;</a>&nbsp;&nbsp;&nbsp;OUTLINED_FUNCTION_123
<LI><a href="#[3e4]">&gt;&gt;</a>&nbsp;&nbsp;&nbsp;OUTLINED_FUNCTION_122
<LI><a href="#[1a6]">&gt;&gt;</a>&nbsp;&nbsp;&nbsp;OUTLINED_FUNCTION_109
<LI><a href="#[ff]">&gt;&gt;</a>&nbsp;&nbsp;&nbsp;shellWriteString
<LI><a href="#[3d3]">&gt;&gt;</a>&nbsp;&nbsp;&nbsp;shellGetCurrent
</UL>
<BR>[Address Reference Count : 1]<UL><LI> lto-llvm-e2b3d9.o(shellCommand)
</UL>
<P><STRONG><a name="[13c]"></a>shellVars</STRONG> (Thumb, 56 bytes, Stack size 24 bytes, lto-llvm-e2b3d9.o(.text.shellVars))
<BR><BR>[Stack]<UL><LI>Max Depth = 72<LI>Call Chain = shellVars &rArr; OUTLINED_FUNCTION_109 &rArr; shellListItem &rArr; shellGetCommandName &rArr; shellToHex
</UL>
<BR>[Calls]<UL><LI><a href="#[1cc]">&gt;&gt;</a>&nbsp;&nbsp;&nbsp;OUTLINED_FUNCTION_179
<LI><a href="#[3e3]">&gt;&gt;</a>&nbsp;&nbsp;&nbsp;OUTLINED_FUNCTION_123
<LI><a href="#[3e4]">&gt;&gt;</a>&nbsp;&nbsp;&nbsp;OUTLINED_FUNCTION_122
<LI><a href="#[1a6]">&gt;&gt;</a>&nbsp;&nbsp;&nbsp;OUTLINED_FUNCTION_109
<LI><a href="#[ff]">&gt;&gt;</a>&nbsp;&nbsp;&nbsp;shellWriteString
<LI><a href="#[3d3]">&gt;&gt;</a>&nbsp;&nbsp;&nbsp;shellGetCurrent
</UL>
<BR>[Address Reference Count : 1]<UL><LI> lto-llvm-e2b3d9.o(shellCommand)
</UL>
<P><STRONG><a name="[3e2]"></a>shellWriteCommandHelp</STRONG> (Thumb, 72 bytes, Stack size 24 bytes, lto-llvm-e2b3d9.o(.text.shellWriteCommandHelp))
<BR><BR>[Stack]<UL><LI>Max Depth = 64<LI>Call Chain = shellWriteCommandHelp &rArr; shellSeekCommand &rArr; shellGetCommandName &rArr; shellToHex
</UL>
<BR>[Calls]<UL><LI><a href="#[ff]">&gt;&gt;</a>&nbsp;&nbsp;&nbsp;shellWriteString
<LI><a href="#[3da]">&gt;&gt;</a>&nbsp;&nbsp;&nbsp;shellSeekCommand
<LI><a href="#[3e0]">&gt;&gt;</a>&nbsp;&nbsp;&nbsp;shellGetCommandName
</UL>
<BR>[Called By]<UL><LI><a href="#[135]">&gt;&gt;</a>&nbsp;&nbsp;&nbsp;shellTab
<LI><a href="#[139]">&gt;&gt;</a>&nbsp;&nbsp;&nbsp;shellHelp
</UL>

<P><STRONG><a name="[1d3]"></a>shellWritePrompt</STRONG> (Thumb, 72 bytes, Stack size 16 bytes, lto-llvm-e2b3d9.o(.text.shellWritePrompt))
<BR><BR>[Stack]<UL><LI>Max Depth = 24<LI>Call Chain = shellWritePrompt &rArr; shellWriteString
</UL>
<BR>[Calls]<UL><LI><a href="#[ff]">&gt;&gt;</a>&nbsp;&nbsp;&nbsp;shellWriteString
</UL>
<BR>[Called By]<UL><LI><a href="#[1d2]">&gt;&gt;</a>&nbsp;&nbsp;&nbsp;OUTLINED_FUNCTION_182
<LI><a href="#[138]">&gt;&gt;</a>&nbsp;&nbsp;&nbsp;shellEnter
</UL>

<P><STRONG><a name="[3df]"></a>shellWriteReturnValue</STRONG> (Thumb, 96 bytes, Stack size 32 bytes, lto-llvm-e2b3d9.o(.text.shellWriteReturnValue))
<BR><BR>[Stack]<UL><LI>Max Depth = 52<LI>Call Chain = shellWriteReturnValue &rArr; shellToDec
</UL>
<BR>[Calls]<UL><LI><a href="#[ff]">&gt;&gt;</a>&nbsp;&nbsp;&nbsp;shellWriteString
<LI><a href="#[3e1]">&gt;&gt;</a>&nbsp;&nbsp;&nbsp;shellToHex
<LI><a href="#[3e5]">&gt;&gt;</a>&nbsp;&nbsp;&nbsp;shellToDec
</UL>
<BR>[Called By]<UL><LI><a href="#[138]">&gt;&gt;</a>&nbsp;&nbsp;&nbsp;shellEnter
</UL>

<P><STRONG><a name="[ff]"></a>shellWriteString</STRONG> (Thumb, 40 bytes, Stack size 8 bytes, lto-llvm-e2b3d9.o(.text.shellWriteString))
<BR><BR>[Stack]<UL><LI>Max Depth = 8<LI>Call Chain = shellWriteString
</UL>
<BR>[Called By]<UL><LI><a href="#[213]">&gt;&gt;</a>&nbsp;&nbsp;&nbsp;OUTLINED_FUNCTION_73
<LI><a href="#[3df]">&gt;&gt;</a>&nbsp;&nbsp;&nbsp;shellWriteReturnValue
<LI><a href="#[1d3]">&gt;&gt;</a>&nbsp;&nbsp;&nbsp;shellWritePrompt
<LI><a href="#[3e2]">&gt;&gt;</a>&nbsp;&nbsp;&nbsp;shellWriteCommandHelp
<LI><a href="#[13c]">&gt;&gt;</a>&nbsp;&nbsp;&nbsp;shellVars
<LI><a href="#[13a]">&gt;&gt;</a>&nbsp;&nbsp;&nbsp;shellUsers
<LI><a href="#[116]">&gt;&gt;</a>&nbsp;&nbsp;&nbsp;shellTask
<LI><a href="#[135]">&gt;&gt;</a>&nbsp;&nbsp;&nbsp;shellTab
<LI><a href="#[3dd]">&gt;&gt;</a>&nbsp;&nbsp;&nbsp;shellShowVar
<LI><a href="#[130]">&gt;&gt;</a>&nbsp;&nbsp;&nbsp;shellSetVar
<LI><a href="#[3de]">&gt;&gt;</a>&nbsp;&nbsp;&nbsp;shellSetUser
<LI><a href="#[1a7]">&gt;&gt;</a>&nbsp;&nbsp;&nbsp;shellListItem
<LI><a href="#[3d7]">&gt;&gt;</a>&nbsp;&nbsp;&nbsp;shellListCommand
<LI><a href="#[13d]">&gt;&gt;</a>&nbsp;&nbsp;&nbsp;shellKeys
<LI><a href="#[3d8]">&gt;&gt;</a>&nbsp;&nbsp;&nbsp;shellHistory
<LI><a href="#[138]">&gt;&gt;</a>&nbsp;&nbsp;&nbsp;shellEnter
<LI><a href="#[3d6]">&gt;&gt;</a>&nbsp;&nbsp;&nbsp;shellDeleteCommandLine
<LI><a href="#[13e]">&gt;&gt;</a>&nbsp;&nbsp;&nbsp;shellClear
</UL>
<BR>[Address Reference Count : 3]<UL><LI> lto-llvm-e2b3d9.o(.text.shellShowVar)
<LI> lto-llvm-e2b3d9.o(.text.shellWritePrompt)
<LI> lto-llvm-e2b3d9.o(.text.shellWriteReturnValue)
</UL>
<P><STRONG><a name="[2f2]"></a>show_error</STRONG> (Thumb, 132 bytes, Stack size 128 bytes, lto-llvm-e2b3d9.o(.text.show_error))
<BR><BR>[Stack]<UL><LI>Max Depth = 2064 + Unknown Stack Size
 + In Cycle
<LI>Call Chain = show_error &rArr;  lv_draw_rect (Cycle)
</UL>
<BR>[Calls]<UL><LI><a href="#[1a1]">&gt;&gt;</a>&nbsp;&nbsp;&nbsp;__aeabi_memclr4
<LI><a href="#[28a]">&gt;&gt;</a>&nbsp;&nbsp;&nbsp;lv_draw_rect
<LI><a href="#[28c]">&gt;&gt;</a>&nbsp;&nbsp;&nbsp;lv_draw_label
</UL>
<BR>[Called By]<UL><LI><a href="#[2ef]">&gt;&gt;</a>&nbsp;&nbsp;&nbsp;lv_draw_img
</UL>

<P><STRONG><a name="[111]"></a>single_timer_free_cb</STRONG> (Thumb, 72 bytes, Stack size 40 bytes, lto-llvm-e2b3d9.o(.text.single_timer_free_cb))
<BR><BR>[Stack]<UL><LI>Max Depth = 304 + Unknown Stack Size
<LI>Call Chain = single_timer_free_cb &rArr; OUTLINED_FUNCTION_2 &rArr; log_out &rArr; log_snprintf &rArr; strncpy
</UL>
<BR>[Calls]<UL><LI><a href="#[1e4]">&gt;&gt;</a>&nbsp;&nbsp;&nbsp;OUTLINED_FUNCTION_2
<LI><a href="#[3e7]">&gt;&gt;</a>&nbsp;&nbsp;&nbsp;ds_vector_at
</UL>
<BR>[Address Reference Count : 1]<UL><LI> lto-llvm-e2b3d9.o(.text.system_thread)
</UL>
<P><STRONG><a name="[2ad]"></a>spi_create</STRONG> (Thumb, 84 bytes, Stack size 24 bytes, lto-llvm-e2b3d9.o(.text.spi_create))
<BR><BR>[Stack]<UL><LI>Max Depth = 24<LI>Call Chain = spi_create
</UL>
<BR>[Calls]<UL><LI><a href="#[279]">&gt;&gt;</a>&nbsp;&nbsp;&nbsp;osSemaphoreNew
</UL>
<BR>[Called By]<UL><LI><a href="#[117]">&gt;&gt;</a>&nbsp;&nbsp;&nbsp;gui_thread
</UL>

<P><STRONG><a name="[101]"></a>spi_recv</STRONG> (Thumb, 1028 bytes, Stack size 40 bytes, lto-llvm-e2b3d9.o(.text.spi_recv))
<BR><BR>[Stack]<UL><LI>Max Depth = 64<LI>Call Chain = spi_recv &rArr; SPI_WaitOnFlagUntilTimeout
</UL>
<BR>[Calls]<UL><LI><a href="#[220]">&gt;&gt;</a>&nbsp;&nbsp;&nbsp;SPI_WaitOnFlagUntilTimeout
<LI><a href="#[3ec]">&gt;&gt;</a>&nbsp;&nbsp;&nbsp;OUTLINED_FUNCTION_59
<LI><a href="#[3ef]">&gt;&gt;</a>&nbsp;&nbsp;&nbsp;OUTLINED_FUNCTION_56
<LI><a href="#[18c]">&gt;&gt;</a>&nbsp;&nbsp;&nbsp;OUTLINED_FUNCTION_46
<LI><a href="#[3f0]">&gt;&gt;</a>&nbsp;&nbsp;&nbsp;OUTLINED_FUNCTION_248
<LI><a href="#[3eb]">&gt;&gt;</a>&nbsp;&nbsp;&nbsp;OUTLINED_FUNCTION_214
<LI><a href="#[3ea]">&gt;&gt;</a>&nbsp;&nbsp;&nbsp;OUTLINED_FUNCTION_213
<LI><a href="#[1c0]">&gt;&gt;</a>&nbsp;&nbsp;&nbsp;OUTLINED_FUNCTION_150
<LI><a href="#[18d]">&gt;&gt;</a>&nbsp;&nbsp;&nbsp;OUTLINED_FUNCTION_145
<LI><a href="#[3e9]">&gt;&gt;</a>&nbsp;&nbsp;&nbsp;OUTLINED_FUNCTION_127
<LI><a href="#[3e8]">&gt;&gt;</a>&nbsp;&nbsp;&nbsp;OUTLINED_FUNCTION_126
<LI><a href="#[3ee]">&gt;&gt;</a>&nbsp;&nbsp;&nbsp;OUTLINED_FUNCTION_112
<LI><a href="#[3ed]">&gt;&gt;</a>&nbsp;&nbsp;&nbsp;OUTLINED_FUNCTION_111
<LI><a href="#[3f1]">&gt;&gt;</a>&nbsp;&nbsp;&nbsp;OUTLINED_FUNCTION_105
<LI><a href="#[168]">&gt;&gt;</a>&nbsp;&nbsp;&nbsp;HAL_GetTick
</UL>
<BR>[Address Reference Count : 1]<UL><LI> lto-llvm-e2b3d9.o(.text.spi_create)
</UL>
<P><STRONG><a name="[100]"></a>spi_send</STRONG> (Thumb, 436 bytes, Stack size 32 bytes, lto-llvm-e2b3d9.o(.text.spi_send))
<BR><BR>[Stack]<UL><LI>Max Depth = 56<LI>Call Chain = spi_send &rArr; SPI_WaitOnFlagUntilTimeout
</UL>
<BR>[Calls]<UL><LI><a href="#[220]">&gt;&gt;</a>&nbsp;&nbsp;&nbsp;SPI_WaitOnFlagUntilTimeout
<LI><a href="#[3ef]">&gt;&gt;</a>&nbsp;&nbsp;&nbsp;OUTLINED_FUNCTION_56
<LI><a href="#[3f0]">&gt;&gt;</a>&nbsp;&nbsp;&nbsp;OUTLINED_FUNCTION_248
<LI><a href="#[3f2]">&gt;&gt;</a>&nbsp;&nbsp;&nbsp;OUTLINED_FUNCTION_245
<LI><a href="#[3f3]">&gt;&gt;</a>&nbsp;&nbsp;&nbsp;OUTLINED_FUNCTION_243
<LI><a href="#[1c0]">&gt;&gt;</a>&nbsp;&nbsp;&nbsp;OUTLINED_FUNCTION_150
<LI><a href="#[18d]">&gt;&gt;</a>&nbsp;&nbsp;&nbsp;OUTLINED_FUNCTION_145
<LI><a href="#[3e9]">&gt;&gt;</a>&nbsp;&nbsp;&nbsp;OUTLINED_FUNCTION_127
<LI><a href="#[3e8]">&gt;&gt;</a>&nbsp;&nbsp;&nbsp;OUTLINED_FUNCTION_126
<LI><a href="#[3ee]">&gt;&gt;</a>&nbsp;&nbsp;&nbsp;OUTLINED_FUNCTION_112
<LI><a href="#[3f1]">&gt;&gt;</a>&nbsp;&nbsp;&nbsp;OUTLINED_FUNCTION_105
<LI><a href="#[168]">&gt;&gt;</a>&nbsp;&nbsp;&nbsp;HAL_GetTick
</UL>
<BR>[Address Reference Count : 1]<UL><LI> lto-llvm-e2b3d9.o(.text.spi_create)
</UL>
<P><STRONG><a name="[102]"></a>spi_send_async</STRONG> (Thumb, 336 bytes, Stack size 24 bytes, lto-llvm-e2b3d9.o(.text.spi_send_async))
<BR><BR>[Stack]<UL><LI>Max Depth = 44<LI>Call Chain = spi_send_async &rArr; HAL_DMA_Start_IT
</UL>
<BR>[Calls]<UL><LI><a href="#[1e2]">&gt;&gt;</a>&nbsp;&nbsp;&nbsp;osSemaphoreAcquire
<LI><a href="#[3e9]">&gt;&gt;</a>&nbsp;&nbsp;&nbsp;OUTLINED_FUNCTION_127
<LI><a href="#[27b]">&gt;&gt;</a>&nbsp;&nbsp;&nbsp;HAL_DMA_Start_IT
</UL>
<BR>[Address Reference Count : 1]<UL><LI> lto-llvm-e2b3d9.o(.text.spi_create)
</UL>
<P><STRONG><a name="[de]"></a>style_init_reset.456</STRONG> (Thumb, 20 bytes, Stack size 0 bytes, lto-llvm-e2b3d9.o(.text.style_init_reset.456))
<BR><BR>[Stack]<UL><LI>Max Depth = 1224<LI>Call Chain = style_init_reset.456 &rArr; lv_style_reset &rArr; lv_mem_free &rArr; lv_tlsf_free &rArr; block_merge_next.914 &rArr; block_absorb.913 &rArr; block_link_next.879 &rArr; block_next.865 &rArr; OUTLINED_FUNCTION_0 &rArr; _lv_log_add &rArr; lv_snprintf &rArr; _vsnprintf &rArr; OUTLINED_FUNCTION_184 &rArr; _ntoa_long &rArr; _ntoa_format
</UL>
<BR>[Calls]<UL><LI><a href="#[385]">&gt;&gt;</a>&nbsp;&nbsp;&nbsp;lv_style_reset
</UL>
<BR>[Address Reference Count : 1]<UL><LI> lto-llvm-e2b3d9.o(.text.lv_theme_default_init)
</UL>
<P><STRONG><a name="[ee]"></a>system_thread</STRONG> (Thumb, 1692 bytes, Stack size 40 bytes, lto-llvm-e2b3d9.o(.text.system_thread))
<BR><BR>[Stack]<UL><LI>Max Depth = 528 + Unknown Stack Size
<LI>Call Chain = system_thread &rArr; com_create &rArr; memory_calloc &rArr; memory_alloc &rArr; block_prepare_used &rArr; block_split &rArr; block_mark_as_free &rArr; block_link_next &rArr; block_next &rArr; OUTLINED_FUNCTION_2 &rArr; log_out &rArr; log_snprintf &rArr; strncpy
</UL>
<BR>[Calls]<UL><LI><a href="#[3ae]">&gt;&gt;</a>&nbsp;&nbsp;&nbsp;osThreadNew
<LI><a href="#[2ae]">&gt;&gt;</a>&nbsp;&nbsp;&nbsp;osDelay
<LI><a href="#[159]">&gt;&gt;</a>&nbsp;&nbsp;&nbsp;__aeabi_memcpy4
<LI><a href="#[162]">&gt;&gt;</a>&nbsp;&nbsp;&nbsp;__aeabi_memcpy
<LI><a href="#[3f9]">&gt;&gt;</a>&nbsp;&nbsp;&nbsp;OUTLINED_FUNCTION_227
<LI><a href="#[1e4]">&gt;&gt;</a>&nbsp;&nbsp;&nbsp;OUTLINED_FUNCTION_2
<LI><a href="#[1da]">&gt;&gt;</a>&nbsp;&nbsp;&nbsp;OUTLINED_FUNCTION_186
<LI><a href="#[1d2]">&gt;&gt;</a>&nbsp;&nbsp;&nbsp;OUTLINED_FUNCTION_182
<LI><a href="#[3de]">&gt;&gt;</a>&nbsp;&nbsp;&nbsp;shellSetUser
<LI><a href="#[3da]">&gt;&gt;</a>&nbsp;&nbsp;&nbsp;shellSeekCommand
<LI><a href="#[1db]">&gt;&gt;</a>&nbsp;&nbsp;&nbsp;log_out
<LI><a href="#[2c9]">&gt;&gt;</a>&nbsp;&nbsp;&nbsp;log_control
<LI><a href="#[3fb]">&gt;&gt;</a>&nbsp;&nbsp;&nbsp;ds_vector_unlock
<LI><a href="#[3fa]">&gt;&gt;</a>&nbsp;&nbsp;&nbsp;ds_vector_lock
<LI><a href="#[3e7]">&gt;&gt;</a>&nbsp;&nbsp;&nbsp;ds_vector_at
<LI><a href="#[278]">&gt;&gt;</a>&nbsp;&nbsp;&nbsp;com_create
<LI><a href="#[2cb]">&gt;&gt;</a>&nbsp;&nbsp;&nbsp;__aeabi_memmove4
<LI><a href="#[3fc]">&gt;&gt;</a>&nbsp;&nbsp;&nbsp;__aeabi_memmove
</UL>
<BR>[Address Reference Count : 1]<UL><LI> lto-llvm-e2b3d9.o(.text.main)
</UL>
<P><STRONG><a name="[dd]"></a>theme_apply.455</STRONG> (Thumb, 596 bytes, Stack size 24 bytes, lto-llvm-e2b3d9.o(.text.theme_apply.455))
<BR><BR>[Stack]<UL><LI>Max Depth = 1360 + Unknown Stack Size
<LI>Call Chain = theme_apply.455 &rArr; lv_obj_add_style &rArr; trans_del &rArr; lv_style_remove_prop &rArr; lv_mem_alloc &rArr; lv_tlsf_malloc &rArr; block_split.898 &rArr; block_mark_as_free.901 &rArr; block_link_next.879 &rArr; block_next.865 &rArr; OUTLINED_FUNCTION_0 &rArr; _lv_log_add &rArr; lv_snprintf &rArr; _vsnprintf &rArr; OUTLINED_FUNCTION_184 &rArr; _ntoa_long &rArr; _ntoa_format
</UL>
<BR>[Calls]<UL><LI><a href="#[400]">&gt;&gt;</a>&nbsp;&nbsp;&nbsp;OUTLINED_FUNCTION_62
<LI><a href="#[401]">&gt;&gt;</a>&nbsp;&nbsp;&nbsp;OUTLINED_FUNCTION_164
<LI><a href="#[3fd]">&gt;&gt;</a>&nbsp;&nbsp;&nbsp;OUTLINED_FUNCTION_163
<LI><a href="#[3ff]">&gt;&gt;</a>&nbsp;&nbsp;&nbsp;OUTLINED_FUNCTION_162
<LI><a href="#[3fe]">&gt;&gt;</a>&nbsp;&nbsp;&nbsp;OUTLINED_FUNCTION_161
<LI><a href="#[372]">&gt;&gt;</a>&nbsp;&nbsp;&nbsp;lv_obj_get_child_id
<LI><a href="#[118]">&gt;&gt;</a>&nbsp;&nbsp;&nbsp;lv_obj_add_style
</UL>
<BR>[Address Reference Count : 1]<UL><LI> lto-llvm-e2b3d9.o(.text.lv_theme_default_init)
</UL>
<P><STRONG><a name="[da]"></a>trans_anim_cb</STRONG> (Thumb, 348 bytes, Stack size 40 bytes, lto-llvm-e2b3d9.o(.text.trans_anim_cb))
<BR><BR>[Stack]<UL><LI>Max Depth = 1344 + Unknown Stack Size
<LI>Call Chain = trans_anim_cb &rArr; lv_obj_refresh_style &rArr; refresh_children_style &rArr;  refresh_children_style (Cycle)
</UL>
<BR>[Calls]<UL><LI><a href="#[1b9]">&gt;&gt;</a>&nbsp;&nbsp;&nbsp;OUTLINED_FUNCTION_137
<LI><a href="#[1a9]">&gt;&gt;</a>&nbsp;&nbsp;&nbsp;lv_style_get_prop
<LI><a href="#[350]">&gt;&gt;</a>&nbsp;&nbsp;&nbsp;lv_obj_refresh_style
</UL>
<BR>[Address Reference Count : 1]<UL><LI> lto-llvm-e2b3d9.o(.text.lv_obj_set_state)
</UL>
<P><STRONG><a name="[d8]"></a>trans_anim_ready_cb</STRONG> (Thumb, 152 bytes, Stack size 24 bytes, lto-llvm-e2b3d9.o(.text.trans_anim_ready_cb))
<BR><BR>[Stack]<UL><LI>Max Depth = 1376 + Unknown Stack Size
<LI>Call Chain = trans_anim_ready_cb &rArr; lv_obj_remove_style &rArr; trans_del &rArr; lv_style_remove_prop &rArr; lv_mem_alloc &rArr; lv_tlsf_malloc &rArr; block_split.898 &rArr; block_mark_as_free.901 &rArr; block_link_next.879 &rArr; block_next.865 &rArr; OUTLINED_FUNCTION_0 &rArr; _lv_log_add &rArr; lv_snprintf &rArr; _vsnprintf &rArr; OUTLINED_FUNCTION_184 &rArr; _ntoa_long &rArr; _ntoa_format
</UL>
<BR>[Calls]<UL><LI><a href="#[38c]">&gt;&gt;</a>&nbsp;&nbsp;&nbsp;lv_style_remove_prop
<LI><a href="#[359]">&gt;&gt;</a>&nbsp;&nbsp;&nbsp;lv_obj_remove_style
<LI><a href="#[231]">&gt;&gt;</a>&nbsp;&nbsp;&nbsp;lv_mem_free
<LI><a href="#[24d]">&gt;&gt;</a>&nbsp;&nbsp;&nbsp;_lv_ll_remove
</UL>
<BR>[Address Reference Count : 1]<UL><LI> lto-llvm-e2b3d9.o(.text.lv_obj_set_state)
</UL>
<P><STRONG><a name="[d9]"></a>trans_anim_start_cb</STRONG> (Thumb, 62 bytes, Stack size 16 bytes, lto-llvm-e2b3d9.o(.text.trans_anim_start_cb))
<BR><BR>[Stack]<UL><LI>Max Depth = 1320<LI>Call Chain = trans_anim_start_cb &rArr; trans_del &rArr; lv_style_remove_prop &rArr; lv_mem_alloc &rArr; lv_tlsf_malloc &rArr; block_split.898 &rArr; block_mark_as_free.901 &rArr; block_link_next.879 &rArr; block_next.865 &rArr; OUTLINED_FUNCTION_0 &rArr; _lv_log_add &rArr; lv_snprintf &rArr; _vsnprintf &rArr; OUTLINED_FUNCTION_184 &rArr; _ntoa_long &rArr; _ntoa_format
</UL>
<BR>[Calls]<UL><LI><a href="#[34f]">&gt;&gt;</a>&nbsp;&nbsp;&nbsp;trans_del
<LI><a href="#[e3]">&gt;&gt;</a>&nbsp;&nbsp;&nbsp;lv_style_set_prop
<LI><a href="#[b0]">&gt;&gt;</a>&nbsp;&nbsp;&nbsp;lv_obj_get_style_prop
<LI><a href="#[2a1]">&gt;&gt;</a>&nbsp;&nbsp;&nbsp;get_trans_style
</UL>
<BR>[Address Reference Count : 1]<UL><LI> lto-llvm-e2b3d9.o(.text.lv_obj_set_state)
</UL>
<P><STRONG><a name="[34f]"></a>trans_del</STRONG> (Thumb, 168 bytes, Stack size 40 bytes, lto-llvm-e2b3d9.o(.text.trans_del))
<BR><BR>[Stack]<UL><LI>Max Depth = 1304<LI>Call Chain = trans_del &rArr; lv_style_remove_prop &rArr; lv_mem_alloc &rArr; lv_tlsf_malloc &rArr; block_split.898 &rArr; block_mark_as_free.901 &rArr; block_link_next.879 &rArr; block_next.865 &rArr; OUTLINED_FUNCTION_0 &rArr; _lv_log_add &rArr; lv_snprintf &rArr; _vsnprintf &rArr; OUTLINED_FUNCTION_184 &rArr; _ntoa_long &rArr; _ntoa_format
</UL>
<BR>[Calls]<UL><LI><a href="#[38c]">&gt;&gt;</a>&nbsp;&nbsp;&nbsp;lv_style_remove_prop
<LI><a href="#[231]">&gt;&gt;</a>&nbsp;&nbsp;&nbsp;lv_mem_free
<LI><a href="#[1f8]">&gt;&gt;</a>&nbsp;&nbsp;&nbsp;lv_anim_del
<LI><a href="#[24d]">&gt;&gt;</a>&nbsp;&nbsp;&nbsp;_lv_ll_remove
</UL>
<BR>[Called By]<UL><LI><a href="#[d9]">&gt;&gt;</a>&nbsp;&nbsp;&nbsp;trans_anim_start_cb
<LI><a href="#[359]">&gt;&gt;</a>&nbsp;&nbsp;&nbsp;lv_obj_remove_style
<LI><a href="#[118]">&gt;&gt;</a>&nbsp;&nbsp;&nbsp;lv_obj_add_style
</UL>

<P><STRONG><a name="[b1]"></a>unicode_list_compare</STRONG> (Thumb, 8 bytes, Stack size 0 bytes, lto-llvm-e2b3d9.o(.text.unicode_list_compare))
<BR>[Address Reference Count : 1]<UL><LI> lto-llvm-e2b3d9.o(.text.get_glyph_dsc_id)
</UL>
<P><STRONG><a name="[114]"></a>userShellRead</STRONG> (Thumb, 48 bytes, Stack size 16 bytes, lto-llvm-e2b3d9.o(.text.userShellRead))
<BR><BR>[Stack]<UL><LI>Max Depth = 16<LI>Call Chain = userShellRead
</UL>
<BR>[Address Reference Count : 1]<UL><LI> lto-llvm-e2b3d9.o(.text.system_thread)
</UL>
<P><STRONG><a name="[115]"></a>userShellWrite</STRONG> (Thumb, 12 bytes, Stack size 8 bytes, lto-llvm-e2b3d9.o(.text.userShellWrite))
<BR><BR>[Stack]<UL><LI>Max Depth = 24<LI>Call Chain = userShellWrite &rArr; log_output
</UL>
<BR>[Calls]<UL><LI><a href="#[3a8]">&gt;&gt;</a>&nbsp;&nbsp;&nbsp;log_output
</UL>
<BR>[Address Reference Count : 1]<UL><LI> lto-llvm-e2b3d9.o(.text.system_thread)
</UL><P>
<H3>
Undefined Global Symbols
</H3><HR></body></html>
