Component: ARM Compiler 6.16 Tool: armlink [5dfeaa00]

==============================================================================

Section Cross References

    rte_adapter_cmsis_rtos2.o(.text.rte_mutex_lock) refers to rtx_mutex.o(.text.osMutexAcquire) for osMutexAcquire
    rte_adapter_cmsis_rtos2.o(.ARM.exidx.text.rte_mutex_lock) refers to rte_adapter_cmsis_rtos2.o(.text.rte_mutex_lock) for [Anonymous Symbol]
    rte_adapter_cmsis_rtos2.o(.text.rte_mutex_trylock) refers to rtx_mutex.o(.text.osMutexAcquire) for osMutexAcquire
    rte_adapter_cmsis_rtos2.o(.ARM.exidx.text.rte_mutex_trylock) refers to rte_adapter_cmsis_rtos2.o(.text.rte_mutex_trylock) for [Anonymous Symbol]
    rte_adapter_cmsis_rtos2.o(.text.rte_mutex_unlock) refers to rtx_mutex.o(.text.osMutexRelease) for osMutexRelease
    rte_adapter_cmsis_rtos2.o(.ARM.exidx.text.rte_mutex_unlock) refers to rte_adapter_cmsis_rtos2.o(.text.rte_mutex_unlock) for [Anonymous Symbol]
    rte_adapter_cmsis_rtos2.o(.text.HAL_GetTick) refers to rtx_kernel.o(.text.osKernelGetState) for osKernelGetState
    rte_adapter_cmsis_rtos2.o(.text.HAL_GetTick) refers to rtx_kernel.o(.text.osKernelGetTickCount) for osKernelGetTickCount
    rte_adapter_cmsis_rtos2.o(.text.HAL_GetTick) refers to system_stm32h7xx.o(.data..L_MergedGlobals) for SystemCoreClock
    rte_adapter_cmsis_rtos2.o(.text.HAL_GetTick) refers to rte_adapter_cmsis_rtos2.o(.bss.rte_get_tick.ticks) for rte_get_tick.ticks
    rte_adapter_cmsis_rtos2.o(.ARM.exidx.text.HAL_GetTick) refers to rte_adapter_cmsis_rtos2.o(.text.HAL_GetTick) for [Anonymous Symbol]
    rte_adapter_cmsis_rtos2.o(.text.rte_get_tick) refers to rtx_kernel.o(.text.osKernelGetState) for osKernelGetState
    rte_adapter_cmsis_rtos2.o(.text.rte_get_tick) refers to rtx_kernel.o(.text.osKernelGetTickCount) for osKernelGetTickCount
    rte_adapter_cmsis_rtos2.o(.text.rte_get_tick) refers to system_stm32h7xx.o(.data..L_MergedGlobals) for SystemCoreClock
    rte_adapter_cmsis_rtos2.o(.text.rte_get_tick) refers to rte_adapter_cmsis_rtos2.o(.bss.rte_get_tick.ticks) for rte_get_tick.ticks
    rte_adapter_cmsis_rtos2.o(.ARM.exidx.text.rte_get_tick) refers to rte_adapter_cmsis_rtos2.o(.text.rte_get_tick) for [Anonymous Symbol]
    rte_adapter_cmsis_rtos2.o(.text.HAL_Delay) refers to rtx_delay.o(.text.osDelay) for osDelay
    rte_adapter_cmsis_rtos2.o(.ARM.exidx.text.HAL_Delay) refers to rte_adapter_cmsis_rtos2.o(.text.HAL_Delay) for [Anonymous Symbol]
    rte_adapter_cmsis_rtos2.o(.text.rte_delay_ms) refers to rtx_delay.o(.text.osDelay) for osDelay
    rte_adapter_cmsis_rtos2.o(.ARM.exidx.text.rte_delay_ms) refers to rte_adapter_cmsis_rtos2.o(.text.rte_delay_ms) for [Anonymous Symbol]
    rte_adapter_cmsis_rtos2.o(.text.rte_yield) refers to rtx_thread.o(.text.osThreadYield) for osThreadYield
    rte_adapter_cmsis_rtos2.o(.ARM.exidx.text.rte_yield) refers to rte_adapter_cmsis_rtos2.o(.text.rte_yield) for [Anonymous Symbol]
    rte_adapter_cmsis_rtos2.o(.text.rte_init) refers to rte_adapter_cmsis_rtos2.o(.rodata.mem_mutex_attr) for mem_mutex_attr
    rte_adapter_cmsis_rtos2.o(.text.rte_init) refers to rtx_mutex.o(.text.osMutexNew) for osMutexNew
    rte_adapter_cmsis_rtos2.o(.text.rte_init) refers to rte_adapter_cmsis_rtos2.o(.bss..L_MergedGlobals) for .L_MergedGlobals
    rte_adapter_cmsis_rtos2.o(.text.rte_init) refers to rte_adapter_cmsis_rtos2.o(.RAM_RTE) for mempool_buffer
    rte_adapter_cmsis_rtos2.o(.text.rte_init) refers to rte_adapter_cmsis_rtos2.o(.text.rte_mutex_lock) for rte_mutex_lock
    rte_adapter_cmsis_rtos2.o(.text.rte_init) refers to rte_adapter_cmsis_rtos2.o(.text.rte_mutex_unlock) for rte_mutex_unlock
    rte_adapter_cmsis_rtos2.o(.text.rte_init) refers to rte_memory.o(.text.memory_pool) for memory_pool
    rte_adapter_cmsis_rtos2.o(.text.rte_init) refers to rte_adapter_cmsis_rtos2.o(.RAM_DMA) for dma_buffer
    rte_adapter_cmsis_rtos2.o(.text.rte_init) refers to rte_adapter_cmsis_rtos2.o(.RAM_FB) for fb_buffer
    rte_adapter_cmsis_rtos2.o(.text.rte_init) refers to rte_adapter_cmsis_rtos2.o(.RAM_MATH) for math_buffer
    rte_adapter_cmsis_rtos2.o(.text.rte_init) refers to rte_adapter_cmsis_rtos2.o(.RAM_BACKUP) for jpeg_buffer
    rte_adapter_cmsis_rtos2.o(.text.rte_init) refers to rte_adapter_cmsis_rtos2.o(.text.rte_malloc) for rte_malloc
    rte_adapter_cmsis_rtos2.o(.text.rte_init) refers to rte_adapter_cmsis_rtos2.o(.text.rte_calloc) for rte_calloc
    rte_adapter_cmsis_rtos2.o(.text.rte_init) refers to rte_adapter_cmsis_rtos2.o(.text.rte_realloc) for rte_realloc
    rte_adapter_cmsis_rtos2.o(.text.rte_init) refers to rte_adapter_cmsis_rtos2.o(.text.rte_free) for rte_free
    rte_adapter_cmsis_rtos2.o(.text.rte_init) refers to rte_adapter_cmsis_rtos2.o(.text.rte_get_tick) for rte_get_tick
    rte_adapter_cmsis_rtos2.o(.text.rte_init) refers to rte_log.o(.text.log_init) for log_init
[...]
    HAL_UART_ErrorCallback                   0x08006351   Thumb Code     2  stm32h7xx_hal_uart.o(.text.HAL_UART_ErrorCallback)
    HAL_UART_IRQHandler                      0x08006359   Thumb Code   764  stm32h7xx_hal_uart.o(.text.HAL_UART_IRQHandler)
    HAL_UART_Init                            0x08006659   Thumb Code   102  stm32h7xx_hal_uart.o(.text.HAL_UART_Init)
    HAL_UART_MspInit                         0x080066c1   Thumb Code   282  usart.o(.text.HAL_UART_MspInit)
    HAL_UART_RxCpltCallback                  0x080067e1   Thumb Code     2  stm32h7xx_hal_uart.o(.text.HAL_UART_RxCpltCallback)
    HAL_UART_RxHalfCpltCallback              0x080067e9   Thumb Code     2  stm32h7xx_hal_uart.o(.text.HAL_UART_RxHalfCpltCallback)
    HAL_UART_Transmit                        0x080067f1   Thumb Code   218  stm32h7xx_hal_uart.o(.text.HAL_UART_Transmit)
    HAL_UART_Transmit_DMA                    0x080068d1   Thumb Code   158  stm32h7xx_hal_uart.o(.text.HAL_UART_Transmit_DMA)
    HAL_UART_Transmit_IT                     0x08006971   Thumb Code   170  stm32h7xx_hal_uart.o(.text.HAL_UART_Transmit_IT)
    HAL_UART_TxCpltCallback                  0x08006a21   Thumb Code    22  hal_com_stm32h7.o(.text.HAL_UART_TxCpltCallback)
    HAL_UART_TxHalfCpltCallback              0x08006a39   Thumb Code     2  stm32h7xx_hal_uart.o(.text.HAL_UART_TxHalfCpltCallback)
    HardFault_Handler                        0x08006a41   Thumb Code     2  stm32h7xx_it.o(.text.HardFault_Handler)
    JPEG_IRQHandler                          0x08006dd1   Thumb Code    12  stm32h7xx_it.o(.text.JPEG_IRQHandler)
    MDMA_IRQHandler                          0x08007a19   Thumb Code    30  stm32h7xx_it.o(.text.MDMA_IRQHandler)
    MX_DCMI_Init                             0x08007a39   Thumb Code    62  dcmi.o(.text.MX_DCMI_Init)
    MX_DMA_Init                              0x08007a79   Thumb Code   118  dma.o(.text.MX_DMA_Init)
    MX_GPIO_Init                             0x08007af1   Thumb Code   294  gpio.o(.text.MX_GPIO_Init)
    MX_I2C2_Init                             0x08007c19   Thumb Code   106  i2c.o(.text.MX_I2C2_Init)
    MX_JPEG_Init                             0x08007c89   Thumb Code    38  jpeg.o(.text.MX_JPEG_Init)
    MX_MDMA_Init                             0x08007cb1   Thumb Code    52  mdma.o(.text.MX_MDMA_Init)
    MX_QUADSPI_Init                          0x08007ce9   Thumb Code    68  quadspi.o(.text.MX_QUADSPI_Init)
    MX_SPI2_Init                             0x08007d31   Thumb Code    98  spi.o(.text.MX_SPI2_Init)
    MX_USART1_UART_Init                      0x08007d99   Thumb Code   124  usart.o(.text.MX_USART1_UART_Init)
    MemManage_Handler                        0x08007e19   Thumb Code     2  stm32h7xx_it.o(.text.MemManage_Handler)
    NMI_Handler                              0x08007e21   Thumb Code     2  stm32h7xx_it.o(.text.NMI_Handler)
    OS_Tick_AcknowledgeIRQ                   0x08007e29   Thumb Code    12  os_systick.o(.text.OS_Tick_AcknowledgeIRQ)
    OS_Tick_Enable                           0x08007e39   Thumb Code    50  os_systick.o(.text.OS_Tick_Enable)
    OS_Tick_GetIRQn                          0x08007e71   Thumb Code     6  os_systick.o(.text.OS_Tick_GetIRQn)
    OS_Tick_Setup                            0x08007e79   Thumb Code    72  os_systick.o(.text.OS_Tick_Setup)
    QUADSPI_IRQHandler                       0x08007ef9   Thumb Code    12  stm32h7xx_it.o(.text.QUADSPI_IRQHandler)
    SPI2_IRQHandler                          0x08008159   Thumb Code    12  stm32h7xx_it.o(.text.SPI2_IRQHandler)
    SystemInit                               0x08008251   Thumb Code   218  system_stm32h7xx.o(.text.SystemInit)
    UART_AdvFeatureConfig                    0x08008331   Thumb Code   224  stm32h7xx_hal_uart.o(.text.UART_AdvFeatureConfig)
    UART_CheckIdleState                      0x08008411   Thumb Code   250  stm32h7xx_hal_uart.o(.text.UART_CheckIdleState)
    UART_SetConfig                           0x08008c29   Thumb Code  1984  stm32h7xx_hal_uart.o(.text.UART_SetConfig)
    UART_Start_Receive_DMA                   0x080093e9   Thumb Code   130  stm32h7xx_hal_uart.o(.text.UART_Start_Receive_DMA)
    UART_Start_Receive_IT                    0x08009471   Thumb Code   222  stm32h7xx_hal_uart.o(.text.UART_Start_Receive_IT)
    UART_WaitOnFlagUntilTimeout              0x080096a1   Thumb Code   256  stm32h7xx_hal_uart.o(.text.UART_WaitOnFlagUntilTimeout)
    USART1_IRQHandler                        0x080097a1   Thumb Code    12  stm32h7xx_it.o(.text.USART1_IRQHandler)
    UsageFault_Handler                       0x080097b1   Thumb Code     2  stm32h7xx_it.o(.text.UsageFault_Handler)
    _mutex_acquire                           0x080097b9   Thumb Code    54  rtx_lib.o(.text._mutex_acquire)
    _mutex_free                              0x080097f1   Thumb Code     6  rtx_lib.o(.text._mutex_free)
    _mutex_initialize                        0x080097f9   Thumb Code    32  rtx_lib.o(.text._mutex_initialize)
    _mutex_release                           0x08009819   Thumb Code    50  rtx_lib.o(.text._mutex_release)
    _platform_post_stackheap_init            0x08009851   Thumb Code     4  rtx_lib.o(.text._platform_post_stackheap_init)
    com_create                               0x08009ea9   Thumb Code   434  hal_com_stm32h7.o(.text.com_create)
    ds_vector_at                             0x0800a3a1   Thumb Code    52  ds_vector.o(.text.ds_vector_at)
    ds_vector_create                         0x0800a3d9   Thumb Code   212  ds_vector.o(.text.ds_vector_create)
    ds_vector_expand                         0x0800a4b1   Thumb Code   248  ds_vector.o(.text.ds_vector_expand)
    ds_vector_length                         0x0800a5a9   Thumb Code     4  ds_vector.o(.text.ds_vector_length)
    ds_vector_lock                           0x0800a5b1   Thumb Code    22  ds_vector.o(.text.ds_vector_lock)
    ds_vector_push                           0x0800a5c9   Thumb Code   190  ds_vector.o(.text.ds_vector_push)
    ds_vector_remove_by_index                0x0800a689   Thumb Code   370  ds_vector.o(.text.ds_vector_remove_by_index)
    ds_vector_unlock                         0x0800a801   Thumb Code    22  ds_vector.o(.text.ds_vector_unlock)
    gpio_toggle                              0x0800a819   Thumb Code    24  hal_gpio_stm32h7.o(.text.gpio_toggle)
    hal_device_write_sync                    0x0800a831   Thumb Code   158  hal.o(.text.hal_device_write_sync)
    log_control                              0x0800a8d1   Thumb Code   380  rte_log.o(.text.log_control)
    log_init                                 0x0800aa51   Thumb Code    18  rte_log.o(.text.log_init)
    log_out                                  0x0800aa69   Thumb Code  3074  rte_log.o(.text.log_out)
    log_snprintf                             0x0800b671   Thumb Code    26  rte_log.o(.text.log_snprintf)
    main                                     0x0800c1d1   Thumb Code   462  main.o(.text.main)
    memory_alloc                             0x0800c3a1   Thumb Code   698  rte_memory.o(.text.memory_alloc)
    memory_alloc_align                       0x0800c661   Thumb Code  1400  rte_memory.o(.text.memory_alloc_align)
    memory_calloc                            0x0800cbd9   Thumb Code    36  rte_memory.o(.text.memory_calloc)
    memory_free                              0x0800cc01   Thumb Code   640  rte_memory.o(.text.memory_free)
    memory_pool                              0x0800ce81   Thumb Code   540  rte_memory.o(.text.memory_pool)
    memory_realloc                           0x0800d0a1   Thumb Code   734  rte_memory.o(.text.memory_realloc)
    osDelay                                  0x0800d381   Thumb Code    54  rtx_delay.o(.text.osDelay)
    osKernelGetState                         0x0800d3b9   Thumb Code    60  rtx_kernel.o(.text.osKernelGetState)
    osKernelGetTickCount                     0x0800d3f9   Thumb Code    52  rtx_kernel.o(.text.osKernelGetTickCount)
    osKernelInitialize                       0x0800d431   Thumb Code    56  rtx_kernel.o(.text.osKernelInitialize)
    osKernelStart                            0x0800d469   Thumb Code    52  rtx_kernel.o(.text.osKernelStart)
    osMutexAcquire                           0x0800d4a1   Thumb Code    60  rtx_mutex.o(.text.osMutexAcquire)
    osMutexDelete                            0x0800d4e1   Thumb Code    58  rtx_mutex.o(.text.osMutexDelete)
    osMutexNew                               0x0800d521   Thumb Code    58  rtx_mutex.o(.text.osMutexNew)
    osMutexRelease                           0x0800d561   Thumb Code    58  rtx_mutex.o(.text.osMutexRelease)
    osRtxErrorNotify                         0x0800d5a1   Thumb Code     2  rtx_config.o(.text.osRtxErrorNotify)
    osRtxIdleThread                          0x0800d5a9   Thumb Code     2  rtx_config.o(.text.osRtxIdleThread)
    osRtxKernelErrorNotify                   0x0800d5b1   Thumb Code    22  rtx_kernel.o(.text.osRtxKernelErrorNotify)
    osRtxKernelPreInit                       0x0800d5c9   Thumb Code     2  rtx_kernel.o(.text.osRtxKernelPreInit)
    osRtxMemoryAlloc                         0x0800d5d1   Thumb Code   214  rtx_memory.o(.text.osRtxMemoryAlloc)
    osRtxMemoryFree                          0x0800d6a9   Thumb Code   134  rtx_memory.o(.text.osRtxMemoryFree)
    osRtxMemoryInit                          0x0800d731   Thumb Code    68  rtx_memory.o(.text.osRtxMemoryInit)
    osRtxMemoryPoolAlloc                     0x0800d779   Thumb Code    74  rtx_mempool.o(.text.osRtxMemoryPoolAlloc)
    osRtxMemoryPoolFree                      0x0800d7c9   Thumb Code    92  rtx_mempool.o(.text.osRtxMemoryPoolFree)
    osRtxMemoryPoolInit                      0x0800d829   Thumb Code   184  rtx_mempool.o(.text.osRtxMemoryPoolInit)
    osRtxMutexOwnerRelease                   0x0800d8e1   Thumb Code   104  rtx_mutex.o(.text.osRtxMutexOwnerRelease)
    osRtxMutexOwnerRestore                   0x0800d949   Thumb Code    84  rtx_mutex.o(.text.osRtxMutexOwnerRestore)
    osRtxPendSV_Handler                      0x0800d9a1   Thumb Code   202  rtx_system.o(.text.osRtxPendSV_Handler)
    osRtxPostProcess                         0x0800da71   Thumb Code   120  rtx_system.o(.text.osRtxPostProcess)
    osRtxThreadDelayTick                     0x0800db31   Thumb Code   646  rtx_thread.o(.text.osRtxThreadDelayTick)
    osRtxThreadDispatch                      0x0800de71   Thumb Code   438  rtx_thread.o(.text.osRtxThreadDispatch)
    osRtxThreadListGet                       0x0800e029   Thumb Code    20  rtx_thread.o(.text.osRtxThreadListGet)
    osRtxThreadListPut                       0x0800e041   Thumb Code   100  rtx_thread.o(.text.osRtxThreadListPut)
    osRtxThreadListRemove                    0x0800e0a9   Thumb Code    26  rtx_thread.o(.text.osRtxThreadListRemove)
    osRtxThreadListSort                      0x0800e0c9   Thumb Code   184  rtx_thread.o(.text.osRtxThreadListSort)
    osRtxThreadReadyPut                      0x0800e221   Thumb Code   116  rtx_thread.o(.text.osRtxThreadReadyPut)
    osRtxThreadStackCheck                    0x0800e299   Thumb Code    32  rtx_thread.o(.text.osRtxThreadStackCheck)
    osRtxThreadStartup                       0x0800e2b9   Thumb Code    72  rtx_thread.o(.text.osRtxThreadStartup)
    osRtxThreadSwitch                        0x0800e301   Thumb Code    18  rtx_thread.o(.text.osRtxThreadSwitch)
    osRtxThreadWaitEnter                     0x0800e319   Thumb Code   320  rtx_thread.o(.text.osRtxThreadWaitEnter)
    osRtxThreadWaitExit                      0x0800e459   Thumb Code   264  rtx_thread.o(.text.osRtxThreadWaitExit)
    osRtxTick_Handler                        0x0800e561   Thumb Code   130  rtx_system.o(.text.osRtxTick_Handler)
    osSemaphoreAcquire                       0x0800e5e9   Thumb Code   136  rtx_semaphore.o(.text.osSemaphoreAcquire)
    osSemaphoreNew                           0x0800e671   Thumb Code    66  rtx_semaphore.o(.text.osSemaphoreNew)
    osSemaphoreRelease                       0x0800e6b9   Thumb Code   150  rtx_semaphore.o(.text.osSemaphoreRelease)
    osThreadExit                             0x0800e751   Thumb Code    26  rtx_thread.o(.text.osThreadExit)
    osThreadNew                              0x0800e771   Thumb Code    66  rtx_thread.o(.text.osThreadNew)
    osThreadSetPriority                      0x0800e7b9   Thumb Code    60  rtx_thread.o(.text.osThreadSetPriority)
    rte_get_general_allocator                0x0800f331   Thumb Code    12  rte_adapter_cmsis_rtos2.o(.text.rte_get_general_allocator)
    rte_get_main_timergroup                  0x0800f341   Thumb Code    12  rte_adapter_cmsis_rtos2.o(.text.rte_get_main_timergroup)
    rte_get_tick                             0x0800f351   Thumb Code   272  rte_adapter_cmsis_rtos2.o(.text.rte_get_tick)
    rte_init                                 0x0800f461   Thumb Code   286  rte_adapter_cmsis_rtos2.o(.text.rte_init)
    rte_mutex_lock                           0x0800f589   Thumb Code    20  rte_adapter_cmsis_rtos2.o(.text.rte_mutex_lock)
    rte_mutex_trylock                        0x0800f5a1   Thumb Code    16  rte_adapter_cmsis_rtos2.o(.text.rte_mutex_trylock)
    rte_mutex_unlock                         0x0800f5b1   Thumb Code    16  rte_adapter_cmsis_rtos2.o(.text.rte_mutex_unlock)
    rte_tick_consume                         0x0800f5d1   Thumb Code    12  rte_timer.o(.text.rte_tick_consume)
    system_thread                            0x080102c1   Thumb Code   214  system_thread.o(.text.system_thread)
    timer_create_group                       0x08010399   Thumb Code   200  rte_timer.o(.text.timer_create_group)
    timer_create_new                         0x08010461   Thumb Code   284  rte_timer.o(.text.timer_create_new)
    timer_group_poll                         0x08010581   Thumb Code   270  rte_timer.o(.text.timer_group_poll)
    timer_init                               0x08010691   Thumb Code    58  rte_timer.o(.text.timer_init)
    timer_tick_handle                        0x080106d1   Thumb Code   166  rte_timer.o(.text.timer_tick_handle)
    _fp_init                                 0x08010777   Thumb Code    26  fpinit.o(x$fpl$fpinit)
    __fplib_config_fpu_vfp                   0x0801078f   Thumb Code     0  fpinit.o(x$fpl$fpinit)
    __fplib_config_pureend_doubles           0x0801078f   Thumb Code     0  fpinit.o(x$fpl$fpinit)
    osRtxConfig                              0x08010790   Data         112  rtx_lib.o(.rodata)
    os_cb_sections                           0x08010800   Data          56  rtx_lib.o(.rodata)
    D1CorePrescTable                         0x08010838   Data          16  system_stm32h7xx.o(.rodata.D1CorePrescTable)
    UARTPrescTable                           0x08010aa4   Data          24  stm32h7xx_hal_uart.o(.rodata.UARTPrescTable)
    osRtxUserSVC                             0x08010c10   Data           4  rtx_lib.o(.rodata.osRtxUserSVC)
    Region$$Table$$Base                      0x08011368   Number         0  anon$$obj.o(Region$$Table)
    Region$$Table$$Limit                     0x080113d8   Number         0  anon$$obj.o(Region$$Table)



==============================================================================

Memory Map of the image

  Image Entry point : 0x08000299

  Load Region LR_IROM1 (Base: 0x08000000, Size: 0x00109510, Max: 0x00200000, ABSOLUTE, COMPRESSED[0x00013348])

    Execution Region IRAM_MAIN (Exec base: 0x00000000, Load base: 0x080113d8, Size: 0x00009158, Max: 0x00010000, ABSOLUTE, COMPRESSED[0x00000020])

    Exec Addr    Load Addr    Size         Type   Attr      Idx    E Section Name        Object

    0x00000000   COMPRESSED   0x00000008   Data   RW         2095    .data..L_MergedGlobals  stm32h7xx_hal.o
    0x00000008   COMPRESSED   0x00000008   Data   RW         3234    .data..L_MergedGlobals  system_stm32h7xx.o
    0x00000010   COMPRESSED   0x00000050   Data   RW          632    .data.com_control_handle  hal_com_stm32h7.o
    0x00000060   COMPRESSED   0x00000034   Data   RW          510    .data.log_config_handle  rte_log.o
    0x00000094   COMPRESSED   0x000000a4   Data   RW         1560    .data.os            rtx_kernel.o
    0x00000138        -       0x00000060   Zero   RW         3469    .bss                c_w.l(libspace.o)
    0x00000198        -       0x00000074   Zero   RW           42    .bss..L_MergedGlobals  rte_adapter_cmsis_rtos2.o
    0x0000020c        -       0x0000002c   Zero   RW          308    .bss..L_MergedGlobals  bsp_jpege.o
    0x00000238        -       0x00000004   Zero   RW           57    .bss.com_debug      system_thread.o
    0x0000023c        -       0x00000050   Zero   RW          389    .bss.hdcmi          dcmi.o
    0x0000028c        -       0x00000078   Zero   RW          390    .bss.hdma_dcmi      dcmi.o
    0x00000304        -       0x00000078   Zero   RW          359    .bss.hdma_spi2_tx   spi.o
    0x0000037c        -       0x00000078   Zero   RW          333    .bss.hdma_usart1_rx  usart.o
    0x000003f4        -       0x00000078   Zero   RW          334    .bss.hdma_usart1_tx  usart.o
    0x0000046c        -       0x0000004c   Zero   RW          374    .bss.hi2c2          i2c.o
    0x000004b8        -       0x00000058   Zero   RW          420    .bss.hjpeg          jpeg.o
    0x00000510        -       0x0000006c   Zero   RW          421    .bss.hmdma_jpeg_infifo_th  jpeg.o
    0x0000057c        -       0x0000006c   Zero   RW          422    .bss.hmdma_jpeg_outfifo_th  jpeg.o
    0x000005e8        -       0x0000004c   Zero   RW          405    .bss.hqspi          quadspi.o
    0x00000634        -       0x00000088   Zero   RW          358    .bss.hspi2          spi.o
    0x000006bc        -       0x00000090   Zero   RW          332    .bss.huart1         usart.o
    0x0000074c        -       0x00000050   Zero   RW          556    .bss.mem_handle     rte_memory.o
    0x0000079c   COMPRESSED   0x00000004   PAD
    0x000007a0        -       0x00008040   Zero   RW         1581    .bss.os             rtx_lib.o
    0x000087e0        -       0x00000001   Zero   RW         1978    .bss.os             os_systick.o
    0x000087e1   COMPRESSED   0x00000003   PAD
    0x000087e4        -       0x00000044   Zero   RW         1587    .bss.os.thread.cb   rtx_lib.o
    0x00008828        -       0x00000200   Zero   RW         1588    .bss.os.thread.idle.stack  rtx_lib.o
    0x00008a28        -       0x00000001   Zero   RW         1589    .bss.os_kernel_is_active.os_kernel_active  rtx_lib.o
    0x00008a29   COMPRESSED   0x00000003   PAD
    0x00008a2c        -       0x00000044   Zero   RW          700    .bss.qspi_control_handle  hal_qspi_stm32h7.o
    0x00008a70        -       0x00000004   Zero   RW           34    .bss.rte_get_tick.ticks  rte_adapter_cmsis_rtos2.o
    0x00008a74        -       0x0000008c   Zero   RW          161    .bss.sensor         bsp_sensor.o
    0x00008b00        -       0x00000048   Zero   RW          720    .bss.spi_control_handle  hal_spi_stm32h7.o
    0x00008b48        -       0x00000004   Zero   RW           61    .bss.system_thread_id  system_thread.o
    0x00008b4c        -       0x0000000c   Zero   RW          592    .bss.timer_handle_instance  rte_timer.o
    0x00008b58        -       0x00000200   Zero   RW         3220    HEAP                startup_stm32h743xx.o
    0x00008d58        -       0x00000400   Zero   RW         3219    STACK               startup_stm32h743xx.o


    Execution Region ER_IROM1 (Exec base: 0x08000000, Load base: 0x08000000, Size: 0x000113d8, Max: 0x00200000, ABSOLUTE)

    Exec Addr    Load Addr    Size         Type   Attr      Idx    E Section Name        Object

    0x08000000   0x08000000   0x00000298   Data   RO         3221    RESET               startup_stm32h743xx.o
    0x08000298   0x08000298   0x00000008   Code   RO         3279  * !!!main             c_w.l(__main.o)
    0x080002a0   0x080002a0   0x00000034   Code   RO         3568    !!!scatter          c_w.l(__scatter.o)
    0x080002d4   0x080002d4   0x0000003a   Code   RO         3566    !!dczerorl          c_w.l(__dczerorl.o)
    0x0800030e   0x0800030e   0x00000002   PAD
    0x08000310   0x08000310   0x0000001c   Code   RO         3570    !!handler_zi        c_w.l(__scatter_zi.o)
    0x0800032c   0x0800032c   0x00000002   Code   RO         3486    .ARM.Collect$$libinit$$00000000  c_w.l(libinit.o)
    0x0800032e   0x0800032e   0x00000004   Code   RO         3350    .ARM.Collect$$libinit$$00000001  c_w.l(libinit2.o)
    0x08000332   0x08000332   0x00000000   Code   RO         3353    .ARM.Collect$$libinit$$00000004  c_w.l(libinit2.o)
    0x08000332   0x08000332   0x00000000   Code   RO         3356    .ARM.Collect$$libinit$$0000000A  c_w.l(libinit2.o)
    0x08000332   0x08000332   0x00000000   Code   RO         3358    .ARM.Collect$$libinit$$0000000C  c_w.l(libinit2.o)
    0x08000332   0x08000332   0x00000000   Code   RO         3360    .ARM.Collect$$libinit$$0000000E  c_w.l(libinit2.o)
    0x08000332   0x08000332   0x00000000   Code   RO         3363    .ARM.Collect$$libinit$$00000011  c_w.l(libinit2.o)
    0x08000332   0x08000332   0x00000000   Code   RO         3365    .ARM.Collect$$libinit$$00000013  c_w.l(libinit2.o)
    0x08000332   0x08000332   0x00000000   Code   RO         3367    .ARM.Collect$$libinit$$00000015  c_w.l(libinit2.o)
    0x08000332   0x08000332   0x00000000   Code   RO         3369    .ARM.Collect$$libinit$$00000017  c_w.l(libinit2.o)
    0x08000332   0x08000332   0x00000000   Code   RO         3371    .ARM.Collect$$libinit$$00000019  c_w.l(libinit2.o)
    0x08000332   0x08000332   0x00000000   Code   RO         3373    .ARM.Collect$$libinit$$0000001B  c_w.l(libinit2.o)
    0x08000332   0x08000332   0x00000000   Code   RO         3375    .ARM.Collect$$libinit$$0000001D  c_w.l(libinit2.o)
    0x08000332   0x08000332   0x00000000   Code   RO         3377    .ARM.Collect$$libinit$$0000001F  c_w.l(libinit2.o)
    0x08000332   0x08000332   0x00000000   Code   RO         3379    .ARM.Collect$$libinit$$00000021  c_w.l(libinit2.o)
    0x08000332   0x08000332   0x00000000   Code   RO         3381    .ARM.Collect$$libinit$$00000023  c_w.l(libinit2.o)
    0x08000332   0x08000332   0x00000000   Code   RO         3383    .ARM.Collect$$libinit$$00000025  c_w.l(libinit2.o)
    0x08000332   0x08000332   0x00000000   Code   RO         3387    .ARM.Collect$$libinit$$0000002C  c_w.l(libinit2.o)
    0x08000332   0x08000332   0x00000000   Code   RO         3389    .ARM.Collect$$libinit$$0000002E  c_w.l(libinit2.o)
    0x08000332   0x08000332   0x00000000   Code   RO         3391    .ARM.Collect$$libinit$$00000030  c_w.l(libinit2.o)
    0x08000332   0x08000332   0x00000000   Code   RO         3393    .ARM.Collect$$libinit$$00000032  c_w.l(libinit2.o)
    0x08000332   0x08000332   0x00000002   Code   RO         3394    .ARM.Collect$$libinit$$00000033  c_w.l(libinit2.o)
    0x08000334   0x08000334   0x00000002   Code   RO         3533    .ARM.Collect$$libshutdown$$00000000  c_w.l(libshutdown.o)
    0x08000336   0x08000336   0x00000000   Code   RO         3549    .ARM.Collect$$libshutdown$$00000002  c_w.l(libshutdown2.o)
    0x08000336   0x08000336   0x00000000   Code   RO         3551    .ARM.Collect$$libshutdown$$00000004  c_w.l(libshutdown2.o)
    0x08000336   0x08000336   0x00000000   Code   RO         3554    .ARM.Collect$$libshutdown$$00000007  c_w.l(libshutdown2.o)
    0x08000336   0x08000336   0x00000000   Code   RO         3557    .ARM.Collect$$libshutdown$$0000000A  c_w.l(libshutdown2.o)
    0x08000336   0x08000336   0x00000000   Code   RO         3559    .ARM.Collect$$libshutdown$$0000000C  c_w.l(libshutdown2.o)
    0x08000336   0x08000336   0x00000000   Code   RO         3562    .ARM.Collect$$libshutdown$$0000000F  c_w.l(libshutdown2.o)
    0x08000336   0x08000336   0x00000002   Code   RO         3563    .ARM.Collect$$libshutdown$$00000010  c_w.l(libshutdown2.o)
    0x08000338   0x08000338   0x00000000   Code   RO         3343    .ARM.Collect$$rtentry$$00000000  c_w.l(__rtentry.o)
    0x08000338   0x08000338   0x00000000   Code   RO         3441    .ARM.Collect$$rtentry$$00000002  c_w.l(__rtentry2.o)
    0x08000338   0x08000338   0x00000006   Code   RO         3453    .ARM.Collect$$rtentry$$00000004  c_w.l(__rtentry4.o)
    0x0800033e   0x0800033e   0x00000008   Code   RO         3442    .ARM.Collect$$rtentry$$00000008  c_w.l(__rtentry2.o)
    0x08000346   0x08000346   0x00000004   Code   RO         3444    .ARM.Collect$$rtentry$$0000000A  c_w.l(__rtentry2.o)
    0x0800034a   0x0800034a   0x00000000   Code   RO         3446    .ARM.Collect$$rtentry$$0000000C  c_w.l(__rtentry2.o)
    0x0800034a   0x0800034a   0x00000008   Code   RO         3447    .ARM.Collect$$rtentry$$0000000D  c_w.l(__rtentry2.o)
    0x08000352   0x08000352   0x00000002   Code   RO         3491    .ARM.Collect$$rtexit$$00000000  c_w.l(rtexit.o)
    0x08000354   0x08000354   0x00000000   Code   RO         3513    .ARM.Collect$$rtexit$$00000002  c_w.l(rtexit2.o)
    0x08000354   0x08000354   0x00000004   Code   RO         3514    .ARM.Collect$$rtexit$$00000003  c_w.l(rtexit2.o)
    0x08000358   0x08000358   0x00000006   Code   RO         3515    .ARM.Collect$$rtexit$$00000004  c_w.l(rtexit2.o)
    0x0800035e   0x0800035e   0x00000002   PAD
    0x08000360   0x08000360   0x00000104   Code   RO         1088    .text               irq_armv7m.o
    0x08000464   0x08000464   0x00000040   Code   RO         3222    .text               startup_stm32h743xx.o
    0x080004a4   0x080004a4   0x000000f0   Code   RO         3244    .text               c_w.l(lludivv7m.o)
    0x08000594   0x08000594   0x00000024   Code   RO         3251    .text               c_w.l(strstr.o)
    0x080005b8   0x080005b8   0x0000008a   Code   RO         3257    .text               c_w.l(rt_memcpy_v6.o)
    0x08000642   0x08000642   0x00000084   Code   RO         3259    .text               c_w.l(rt_memmove_v6.o)
    0x080006c6   0x080006c6   0x00000064   Code   RO         3261    .text               c_w.l(rt_memcpy_w.o)
    0x0800072a   0x0800072a   0x0000007a   Code   RO         3263    .text               c_w.l(rt_memmove_w.o)
    0x080007a4   0x080007a4   0x00000010   Code   RO         3265    .text               c_w.l(aeabi_memset.o)
    0x080007b4   0x080007b4   0x00000010   Code   RO         3267    .text               c_w.l(aeabi_memset4.o)
    0x080007c4   0x080007c4   0x00000044   Code   RO         3269    .text               c_w.l(rt_memclr.o)
    0x08000808   0x08000808   0x0000004e   Code   RO         3271    .text               c_w.l(rt_memclr_w.o)
    0x08000856   0x08000856   0x00000056   Code   RO         3273    .text               c_w.l(strncpy.o)
    0x080008ac   0x080008ac   0x00000004   PAD
    0x080008b0   0x080008b0   0x0000007c   Code   RO         3275    .text               c_w.l(strcmpv7m_pel.o)
    0x0800092c   0x0800092c   0x00000006   Code   RO         3277    .text               c_w.l(heapauxi.o)
    0x08000932   0x08000932   0x00000002   PAD
    0x08000934   0x08000934   0x00000008   Code   RO         3468    .text               c_w.l(libspace.o)
    0x0800093c   0x0800093c   0x0000004a   Code   RO         3471    .text               c_w.l(sys_stackheap_outer.o)
    0x08000986   0x08000986   0x00000012   Code   RO         3473    .text               c_w.l(exit.o)
    0x08000998   0x08000998   0x0000000c   Code   RO         3505    .text               c_w.l(sys_exit.o)
    0x080009a4   0x080009a4   0x00000002   Code   RO         3509    .text               c_w.l(use_no_semi.o)
    0x080009a6   0x080009a6   0x00000000   Code   RO         3511    .text               c_w.l(indicate_semi.o)
    0x080009a6   0x080009a6   0x00000002   PAD
    0x080009a8   0x080009a8   0x00000002   Code   RO          461    .text.BusFault_Handler  stm32h7xx_it.o
    0x080009aa   0x080009aa   0x00000006   PAD
    0x080009b0   0x080009b0   0x0000001c   Code   RO         2164    .text.DCMI_DMAError  stm32h7xx_hal_dcmi.o
    0x080009cc   0x080009cc   0x00000004   PAD
    0x080009d0   0x080009d0   0x0000000c   Code   RO          479    .text.DCMI_IRQHandler  stm32h7xx_it.o
    0x080009dc   0x080009dc   0x00000004   PAD
    0x080009e0   0x080009e0   0x0000000c   Code   RO          467    .text.DMA1_Stream0_IRQHandler  stm32h7xx_it.o
    0x080009ec   0x080009ec   0x00000004   PAD
    0x080009f0   0x080009f0   0x0000000c   Code   RO          469    .text.DMA1_Stream1_IRQHandler  stm32h7xx_it.o
    0x080009fc   0x080009fc   0x00000004   PAD
    0x08000a00   0x08000a00   0x0000000c   Code   RO          471    .text.DMA1_Stream2_IRQHandler  stm32h7xx_it.o
    0x08000a0c   0x08000a0c   0x00000004   PAD
    0x08000a10   0x08000a10   0x0000000c   Code   RO          477    .text.DMA2_Stream0_IRQHandler  stm32h7xx_it.o
    0x08000a1c   0x08000a1c   0x00000004   PAD
    0x08000a20   0x08000a20   0x00000126   Code   RO         2204    .text.DMA_CalcBaseAndBitshift  stm32h7xx_hal_dma.o
    0x08000b46   0x08000b46   0x00000002   PAD
    0x08000b48   0x08000b48   0x00000312   Code   RO         2210    .text.DMA_SetConfig  stm32h7xx_hal_dma.o
    0x08000e5a   0x08000e5a   0x00000006   PAD
    0x08000e60   0x08000e60   0x00000002   Code   RO          465    .text.DebugMon_Handler  stm32h7xx_it.o
    0x08000e62   0x08000e62   0x00000006   PAD
    0x08000e68   0x08000e68   0x00000006   Code   RO          444    .text.Error_Handler  main.o
    0x08000e6e   0x08000e6e   0x00000002   PAD
    0x08000e70   0x08000e70   0x00000002   Code   RO         1292    .text.EvrRtxDelay   rtx_evr.o
    0x08000e72   0x08000e72   0x00000006   PAD
    0x08000e78   0x08000e78   0x00000002   Code   RO         1300    .text.EvrRtxDelayCompleted  rtx_evr.o
    0x08000e7a   0x08000e7a   0x00000006   PAD
    0x08000e80   0x08000e80   0x00000002   Code   RO         1290    .text.EvrRtxDelayError  rtx_evr.o
    0x08000e82   0x08000e82   0x00000006   PAD
    0x08000e88   0x08000e88   0x00000002   Code   RO         1296    .text.EvrRtxDelayStarted  rtx_evr.o
    0x08000e8a   0x08000e8a   0x00000006   PAD
    0x08000e90   0x08000e90   0x00000002   Code   RO         1348    .text.EvrRtxEventFlagsWaitTimeout  rtx_evr.o
    0x08000e92   0x08000e92   0x00000006   PAD
    0x08000e98   0x08000e98   0x00000002   Code   RO         1162    .text.EvrRtxKernelError  rtx_evr.o
    0x08000e9a   0x08000e9a   0x00000006   PAD
    0x08000ea0   0x08000ea0   0x00000002   Code   RO         1206    .text.EvrRtxKernelErrorNotify  rtx_evr.o
    0x08000ea2   0x08000ea2   0x00000006   PAD
    0x08000ea8   0x08000ea8   0x00000002   Code   RO         1172    .text.EvrRtxKernelGetState  rtx_evr.o
    0x08000eaa   0x08000eaa   0x00000006   PAD
    0x08000eb0   0x08000eb0   0x00000002   Code   RO         1198    .text.EvrRtxKernelGetTickCount  rtx_evr.o
    0x08000eb2   0x08000eb2   0x00000006   PAD
    0x08000eb8   0x08000eb8   0x00000002   Code   RO         1164    .text.EvrRtxKernelInitialize  rtx_evr.o
    0x08000eba   0x08000eba   0x00000006   PAD
    0x08000ec0   0x08000ec0   0x00000002   Code   RO         1166    .text.EvrRtxKernelInitialized  rtx_evr.o
    0x08000ec2   0x08000ec2   0x00000006   PAD
    0x08000ec8   0x08000ec8   0x00000002   Code   RO         1174    .text.EvrRtxKernelStart  rtx_evr.o
    0x08000eca   0x08000eca   0x00000006   PAD
    0x08000ed0   0x08000ed0   0x00000002   Code   RO         1176    .text.EvrRtxKernelStarted  rtx_evr.o
    0x08000ed2   0x08000ed2   0x00000006   PAD
    0x08000ed8   0x08000ed8   0x00000002   Code   RO         1152    .text.EvrRtxMemoryAlloc  rtx_evr.o
    0x08000eda   0x08000eda   0x00000006   PAD
    0x08000ee0   0x08000ee0   0x00000002   Code   RO         1158    .text.EvrRtxMemoryBlockAlloc  rtx_evr.o
    0x08000ee2   0x08000ee2   0x00000006   PAD
    0x08000ee8   0x08000ee8   0x00000002   Code   RO         1160    .text.EvrRtxMemoryBlockFree  rtx_evr.o
    0x08000eea   0x08000eea   0x00000006   PAD
    0x08000ef0   0x08000ef0   0x00000002   Code   RO         1156    .text.EvrRtxMemoryBlockInit  rtx_evr.o
    0x08000ef2   0x08000ef2   0x00000006   PAD
    0x08000ef8   0x08000ef8   0x00000002   Code   RO         1154    .text.EvrRtxMemoryFree  rtx_evr.o
    0x08000efa   0x08000efa   0x00000006   PAD
    0x08000f00   0x08000f00   0x00000002   Code   RO         1150    .text.EvrRtxMemoryInit  rtx_evr.o
    0x08000f02   0x08000f02   0x00000006   PAD
    0x08000f08   0x08000f08   0x00000002   Code   RO         1426    .text.EvrRtxMemoryPoolAllocTimeout  rtx_evr.o
    0x08000f0a   0x08000f0a   0x00000006   PAD
    0x08000f10   0x08000f10   0x00000002   Code   RO         1474    .text.EvrRtxMessageQueueGetTimeout  rtx_evr.o
    0x08000f12   0x08000f12   0x00000006   PAD
    0x08000f18   0x08000f18   0x00000002   Code   RO         1462    .text.EvrRtxMessageQueuePutTimeout  rtx_evr.o
    0x08000f1a   0x08000f1a   0x00000006   PAD
    0x08000f20   0x08000f20   0x00000002   Code   RO         1366    .text.EvrRtxMutexAcquire  rtx_evr.o
    0x08000f22   0x08000f22   0x00000006   PAD
    0x08000f28   0x08000f28   0x00000002   Code   RO         1368    .text.EvrRtxMutexAcquirePending  rtx_evr.o
    0x08000f2a   0x08000f2a   0x00000006   PAD
    0x08000f30   0x08000f30   0x00000002   Code   RO         1370    .text.EvrRtxMutexAcquireTimeout  rtx_evr.o
    0x08000f32   0x08000f32   0x00000006   PAD
    0x08000f38   0x08000f38   0x00000002   Code   RO         1372    .text.EvrRtxMutexAcquired  rtx_evr.o
    0x08000f3a   0x08000f3a   0x00000006   PAD
    0x08000f40   0x08000f40   0x00000002   Code   RO         1362    .text.EvrRtxMutexCreated  rtx_evr.o
    0x08000f42   0x08000f42   0x00000006   PAD
    0x08000f48   0x08000f48   0x00000002   Code   RO         1382    .text.EvrRtxMutexDelete  rtx_evr.o
    0x08000f4a   0x08000f4a   0x00000006   PAD
    0x08000f50   0x08000f50   0x00000002   Code   RO         1384    .text.EvrRtxMutexDestroyed  rtx_evr.o
    0x08000f52   0x08000f52   0x00000006   PAD
    0x08000f58   0x08000f58   0x00000002   Code   RO         1358    .text.EvrRtxMutexError  rtx_evr.o
    0x08000f5a   0x08000f5a   0x00000006   PAD
    0x08000f60   0x08000f60   0x00000002   Code   RO         1360    .text.EvrRtxMutexNew  rtx_evr.o
    0x08000f62   0x08000f62   0x00000006   PAD
    0x08000f68   0x08000f68   0x00000002   Code   RO         1374    .text.EvrRtxMutexNotAcquired  rtx_evr.o
    0x08000f6a   0x08000f6a   0x00000006   PAD
    0x08000f70   0x08000f70   0x00000002   Code   RO         1376    .text.EvrRtxMutexRelease  rtx_evr.o
    0x08000f72   0x08000f72   0x00000006   PAD
    0x08000f78   0x08000f78   0x00000002   Code   RO         1378    .text.EvrRtxMutexReleased  rtx_evr.o
    0x08000f7a   0x08000f7a   0x00000006   PAD
    0x08000f80   0x08000f80   0x00000002   Code   RO         1394    .text.EvrRtxSemaphoreAcquire  rtx_evr.o
    0x08000f82   0x08000f82   0x00000006   PAD
    0x08000f88   0x08000f88   0x00000002   Code   RO         1396    .text.EvrRtxSemaphoreAcquirePending  rtx_evr.o
    0x08000f8a   0x08000f8a   0x00000006   PAD
    0x08000f90   0x08000f90   0x00000002   Code   RO         1398    .text.EvrRtxSemaphoreAcquireTimeout  rtx_evr.o
    0x08000f92   0x08000f92   0x00000006   PAD
    0x08000f98   0x08000f98   0x00000002   Code   RO         1400    .text.EvrRtxSemaphoreAcquired  rtx_evr.o
    0x08000f9a   0x08000f9a   0x00000006   PAD
    0x08000fa0   0x08000fa0   0x00000002   Code   RO         1390    .text.EvrRtxSemaphoreCreated  rtx_evr.o
    0x08000fa2   0x08000fa2   0x00000006   PAD
    0x08000fa8   0x08000fa8   0x00000002   Code   RO         1386    .text.EvrRtxSemaphoreError  rtx_evr.o
    0x08000faa   0x08000faa   0x00000006   PAD
    0x08000fb0   0x08000fb0   0x00000002   Code   RO         1388    .text.EvrRtxSemaphoreNew  rtx_evr.o
    0x08000fb2   0x08000fb2   0x00000006   PAD
    0x08000fb8   0x08000fb8   0x00000002   Code   RO         1402    .text.EvrRtxSemaphoreNotAcquired  rtx_evr.o
    0x08000fba   0x08000fba   0x00000006   PAD
    0x08000fc0   0x08000fc0   0x00000002   Code   RO         1404    .text.EvrRtxSemaphoreRelease  rtx_evr.o
    0x08000fc2   0x08000fc2   0x00000006   PAD
    0x08000fc8   0x08000fc8   0x00000002   Code   RO         1406    .text.EvrRtxSemaphoreReleased  rtx_evr.o
    0x08000fca   0x08000fca   0x00000006   PAD
    0x08000fd0   0x08000fd0   0x00000002   Code   RO         1250    .text.EvrRtxThreadBlocked  rtx_evr.o
    0x08000fd2   0x08000fd2   0x00000006   PAD
    0x08000fd8   0x08000fd8   0x00000002   Code   RO         1212    .text.EvrRtxThreadCreated  rtx_evr.o
    0x08000fda   0x08000fda   0x00000006   PAD
    0x08000fe0   0x08000fe0   0x00000002   Code   RO         1262    .text.EvrRtxThreadDestroyed  rtx_evr.o
    0x08000fe2   0x08000fe2   0x00000006   PAD
    0x08000fe8   0x08000fe8   0x00000002   Code   RO         1208    .text.EvrRtxThreadError  rtx_evr.o
    0x08000fea   0x08000fea   0x00000006   PAD
    0x08000ff0   0x08000ff0   0x00000002   Code   RO         1258    .text.EvrRtxThreadExit  rtx_evr.o
    0x08000ff2   0x08000ff2   0x00000006   PAD
    0x08000ff8   0x08000ff8   0x00000002   Code   RO         1286    .text.EvrRtxThreadFlagsWaitCompleted  rtx_evr.o
    0x08000ffa   0x08000ffa   0x00000006   PAD
    0x08001000   0x08001000   0x00000002   Code   RO         1284    .text.EvrRtxThreadFlagsWaitTimeout  rtx_evr.o
    0x08001002   0x08001002   0x00000006   PAD
    0x08001008   0x08001008   0x00000002   Code   RO         1248    .text.EvrRtxThreadJoined  rtx_evr.o
    0x0800100a   0x0800100a   0x00000006   PAD
    0x08001010   0x08001010   0x00000002   Code   RO         1210    .text.EvrRtxThreadNew  rtx_evr.o
    0x08001012   0x08001012   0x00000006   PAD
    0x08001018   0x08001018   0x00000002   Code   RO         1254    .text.EvrRtxThreadPreempted  rtx_evr.o
    0x0800101a   0x0800101a   0x00000006   PAD
    0x08001020   0x08001020   0x00000002   Code   RO         1226    .text.EvrRtxThreadPriorityUpdated  rtx_evr.o
    0x08001022   0x08001022   0x00000006   PAD
    0x08001028   0x08001028   0x00000002   Code   RO         1224    .text.EvrRtxThreadSetPriority  rtx_evr.o
    0x0800102a   0x0800102a   0x00000006   PAD
    0x08001030   0x08001030   0x00000002   Code   RO         1256    .text.EvrRtxThreadSwitched  rtx_evr.o
    0x08001032   0x08001032   0x00000006   PAD
    0x08001038   0x08001038   0x00000002   Code   RO         1252    .text.EvrRtxThreadUnblocked  rtx_evr.o
    0x0800103a   0x0800103a   0x00000006   PAD
    0x08001040   0x08001040   0x00000002   Code   RO         2180    .text.HAL_DCMI_ErrorCallback  stm32h7xx_hal_dcmi.o
    0x08001042   0x08001042   0x00000006   PAD
    0x08001048   0x08001048   0x00000016   Code   RO          158    .text.HAL_DCMI_FrameEventCallback  bsp_sensor.o
    0x0800105e   0x0800105e   0x00000002   PAD
    0x08001060   0x08001060   0x000000a6   Code   RO         2172    .text.HAL_DCMI_IRQHandler  stm32h7xx_hal_dcmi.o
    0x08001106   0x08001106   0x00000002   PAD
    0x08001108   0x08001108   0x00000092   Code   RO         2152    .text.HAL_DCMI_Init  stm32h7xx_hal_dcmi.o
    0x0800119a   0x0800119a   0x00000006   PAD
    0x080011a0   0x080011a0   0x00000002   Code   RO         2174    .text.HAL_DCMI_LineEventCallback  stm32h7xx_hal_dcmi.o
    0x080011a2   0x080011a2   0x00000006   PAD
    0x080011a8   0x080011a8   0x00000180   Code   RO          385    .text.HAL_DCMI_MspInit  dcmi.o
    0x08001328   0x08001328   0x00000002   Code   RO         2176    .text.HAL_DCMI_VsyncEventCallback  stm32h7xx_hal_dcmi.o
    0x0800132a   0x0800132a   0x00000006   PAD
    0x08001330   0x08001330   0x00000534   Code   RO         2214    .text.HAL_DMA_Abort  stm32h7xx_hal_dma.o
    0x08001864   0x08001864   0x00000004   PAD
    0x08001868   0x08001868   0x000002ba   Code   RO         2216    .text.HAL_DMA_Abort_IT  stm32h7xx_hal_dma.o
    0x08001b22   0x08001b22   0x00000006   PAD
    0x08001b28   0x08001b28   0x00000838   Code   RO         2220    .text.HAL_DMA_IRQHandler  stm32h7xx_hal_dma.o
    0x08002360   0x08002360   0x0000071c   Code   RO         2202    .text.HAL_DMA_Init  stm32h7xx_hal_dma.o
    0x08002a7c   0x08002a7c   0x00000004   PAD
    0x08002a80   0x08002a80   0x000003a6   Code   RO         2212    .text.HAL_DMA_Start_IT  stm32h7xx_hal_dma.o
    0x08002e26   0x08002e26   0x00000002   PAD
    0x08002e28   0x08002e28   0x000001e6   Code   RO         2265    .text.HAL_GPIO_Init  stm32h7xx_hal_gpio.o
    0x0800300e   0x0800300e   0x00000002   PAD
    0x08003010   0x08003010   0x00000010   Code   RO         2273    .text.HAL_GPIO_TogglePin  stm32h7xx_hal_gpio.o
    0x08003020   0x08003020   0x0000000a   Code   RO         2271    .text.HAL_GPIO_WritePin  stm32h7xx_hal_gpio.o
    0x0800302a   0x0800302a   0x00000006   PAD
    0x08003030   0x08003030   0x00000110   Code   RO            8    .text.HAL_GetTick   rte_adapter_cmsis_rtos2.o
    0x08003140   0x08003140   0x0000004a   Code   RO         2437    .text.HAL_I2CEx_ConfigAnalogFilter  stm32h7xx_hal_i2c_ex.o
    0x0800318a   0x0800318a   0x00000006   PAD
    0x08003190   0x08003190   0x00000048   Code   RO         2439    .text.HAL_I2CEx_ConfigDigitalFilter  stm32h7xx_hal_i2c_ex.o
    0x080031d8   0x080031d8   0x000000a2   Code   RO         2289    .text.HAL_I2C_Init  stm32h7xx_hal_i2c.o
    0x0800327a   0x0800327a   0x00000006   PAD
    0x08003280   0x08003280   0x00000096   Code   RO          370    .text.HAL_I2C_MspInit  i2c.o
    0x08003316   0x08003316   0x00000002   PAD
    0x08003318   0x08003318   0x00000064   Code   RO         1998    .text.HAL_Init      stm32h7xx_hal.o
    0x0800337c   0x0800337c   0x00000004   PAD
    0x08003380   0x08003380   0x0000004c   Code   RO         2000    .text.HAL_InitTick  stm32h7xx_hal.o
    0x080033cc   0x080033cc   0x00000004   PAD
    0x080033d0   0x080033d0   0x00000006   Code   RO         2499    .text.HAL_JPEG_ConfigInputBuffer  stm32h7xx_hal_jpeg.o
    0x080033d6   0x080033d6   0x00000002   PAD
    0x080033d8   0x080033d8   0x00000006   Code   RO         2501    .text.HAL_JPEG_ConfigOutputBuffer  stm32h7xx_hal_jpeg.o
    0x080033de   0x080033de   0x00000002   PAD
    0x080033e0   0x080033e0   0x00000042   Code   RO          298    .text.HAL_JPEG_DataReadyCallback  bsp_jpege.o
    0x08003422   0x08003422   0x00000006   PAD
    0x08003428   0x08003428   0x00000002   Code   RO         2509    .text.HAL_JPEG_DecodeCpltCallback  stm32h7xx_hal_jpeg.o
    0x0800342a   0x0800342a   0x00000006   PAD
    0x08003430   0x08003430   0x0000003e   Code   RO          300    .text.HAL_JPEG_EncodeCpltCallback  bsp_jpege.o
    0x0800346e   0x0800346e   0x00000002   PAD
    0x08003470   0x08003470   0x000000fc   Code   RO          294    .text.HAL_JPEG_GetDataCallback  bsp_jpege.o
    0x0800356c   0x0800356c   0x00000004   PAD
    0x08003570   0x08003570   0x000001ec   Code   RO         2469    .text.HAL_JPEG_GetInfo  stm32h7xx_hal_jpeg.o
    0x0800375c   0x0800375c   0x00000004   PAD
    0x08003760   0x08003760   0x000000be   Code   RO         2517    .text.HAL_JPEG_IRQHandler  stm32h7xx_hal_jpeg.o
    0x0800381e   0x0800381e   0x00000002   PAD
    0x08003820   0x08003820   0x00000002   Code   RO         2505    .text.HAL_JPEG_InfoReadyCallback  stm32h7xx_hal_jpeg.o
    0x08003822   0x08003822   0x00000006   PAD
    0x08003828   0x08003828   0x000002d6   Code   RO         2457    .text.HAL_JPEG_Init  stm32h7xx_hal_jpeg.o
    0x08003afe   0x08003afe   0x00000002   PAD
    0x08003b00   0x08003b00   0x000000e8   Code   RO          416    .text.HAL_JPEG_MspInit  jpeg.o
    0x08003be8   0x08003be8   0x0000002c   Code   RO         2584    .text.HAL_MDMA_Abort_IT  stm32h7xx_hal_mdma.o
    0x08003c14   0x08003c14   0x00000004   PAD
    0x08003c18   0x08003c18   0x000001e6   Code   RO         2590    .text.HAL_MDMA_IRQHandler  stm32h7xx_hal_mdma.o
    0x08003dfe   0x08003dfe   0x00000002   PAD
    0x08003e00   0x08003e00   0x000000fc   Code   RO         2558    .text.HAL_MDMA_Init  stm32h7xx_hal_mdma.o
    0x08003efc   0x08003efc   0x00000004   PAD
    0x08003f00   0x08003f00   0x00000060   Code   RO         2122    .text.HAL_MPU_ConfigRegion  stm32h7xx_hal_cortex.o
    0x08003f60   0x08003f60   0x0000001a   Code   RO         2118    .text.HAL_MPU_Disable  stm32h7xx_hal_cortex.o
    0x08003f7a   0x08003f7a   0x00000006   PAD
    0x08003f80   0x08003f80   0x00000020   Code   RO         2120    .text.HAL_MPU_Enable  stm32h7xx_hal_cortex.o
    0x08003fa0   0x08003fa0   0x00000020   Code   RO         3212    .text.HAL_MspInit   stm32h7xx_hal_msp.o
    0x08003fc0   0x08003fc0   0x00000020   Code   RO         2108    .text.HAL_NVIC_EnableIRQ  stm32h7xx_hal_cortex.o
    0x08003fe0   0x08003fe0   0x0000005e   Code   RO         2106    .text.HAL_NVIC_SetPriority  stm32h7xx_hal_cortex.o
    0x0800403e   0x0800403e   0x00000002   PAD
    0x08004040   0x08004040   0x00000020   Code   RO         2104    .text.HAL_NVIC_SetPriorityGrouping  stm32h7xx_hal_cortex.o
    0x08004060   0x08004060   0x00000002   Code   RO         2754    .text.HAL_QSPI_AbortCpltCallback  stm32h7xx_hal_qspi.o
    0x08004062   0x08004062   0x00000006   PAD
    0x08004068   0x08004068   0x00000002   Code   RO         2752    .text.HAL_QSPI_CmdCpltCallback  stm32h7xx_hal_qspi.o
    0x0800406a   0x0800406a   0x00000006   PAD
    0x08004070   0x08004070   0x00000002   Code   RO         2756    .text.HAL_QSPI_ErrorCallback  stm32h7xx_hal_qspi.o
    0x08004072   0x08004072   0x00000006   PAD
    0x08004078   0x08004078   0x00000002   Code   RO         2746    .text.HAL_QSPI_FifoThresholdCallback  stm32h7xx_hal_qspi.o
    0x0800407a   0x0800407a   0x00000006   PAD
    0x08004080   0x08004080   0x00000252   Code   RO         2744    .text.HAL_QSPI_IRQHandler  stm32h7xx_hal_qspi.o
    0x080042d2   0x080042d2   0x00000006   PAD
    0x080042d8   0x080042d8   0x000000fe   Code   RO         2734    .text.HAL_QSPI_Init  stm32h7xx_hal_qspi.o
    0x080043d6   0x080043d6   0x00000002   PAD
    0x080043d8   0x080043d8   0x0000012a   Code   RO          401    .text.HAL_QSPI_MspInit  quadspi.o
    0x08004502   0x08004502   0x00000006   PAD
    0x08004508   0x08004508   0x00000016   Code   RO          698    .text.HAL_QSPI_RxCpltCallback  hal_qspi_stm32h7.o
    0x0800451e   0x0800451e   0x00000002   PAD
    0x08004520   0x08004520   0x00000002   Code   RO         2758    .text.HAL_QSPI_StatusMatchCallback  stm32h7xx_hal_qspi.o
    0x08004522   0x08004522   0x00000006   PAD
    0x08004528   0x08004528   0x00000002   Code   RO         2762    .text.HAL_QSPI_TimeOutCallback  stm32h7xx_hal_qspi.o
    0x0800452a   0x0800452a   0x00000006   PAD
    0x08004530   0x08004530   0x00000016   Code   RO          696    .text.HAL_QSPI_TxCpltCallback  hal_qspi_stm32h7.o
    0x08004546   0x08004546   0x00000002   PAD
    0x08004548   0x08004548   0x00000026   Code   RO         2868    .text.HAL_RCCEx_GetD3PCLK1Freq  stm32h7xx_hal_rcc_ex.o
    0x0800456e   0x0800456e   0x00000002   PAD
    0x08004570   0x08004570   0x0000018a   Code   RO         2864    .text.HAL_RCCEx_GetPLL2ClockFreq  stm32h7xx_hal_rcc_ex.o
    0x080046fa   0x080046fa   0x00000006   PAD
    0x08004700   0x08004700   0x0000018a   Code   RO         2866    .text.HAL_RCCEx_GetPLL3ClockFreq  stm32h7xx_hal_rcc_ex.o
    0x0800488a   0x0800488a   0x00000006   PAD
    0x08004890   0x08004890   0x00000d98   Code   RO         2852    .text.HAL_RCCEx_PeriphCLKConfig  stm32h7xx_hal_rcc_ex.o
    0x08005628   0x08005628   0x0000004c   Code   RO         2830    .text.HAL_RCC_GetHCLKFreq  stm32h7xx_hal_rcc.o
    0x08005674   0x08005674   0x00000004   PAD
    0x08005678   0x08005678   0x00000060   Code   RO         2832    .text.HAL_RCC_GetPCLK1Freq  stm32h7xx_hal_rcc.o
    0x080056d8   0x080056d8   0x00000060   Code   RO         2834    .text.HAL_RCC_GetPCLK2Freq  stm32h7xx_hal_rcc.o
    0x08005738   0x08005738   0x00000174   Code   RO         2822    .text.HAL_RCC_GetSysClockFreq  stm32h7xx_hal_rcc.o
    0x080058ac   0x080058ac   0x00000004   PAD
    0x080058b0   0x080058b0   0x00000002   Code   RO         2988    .text.HAL_SPI_ErrorCallback  stm32h7xx_hal_spi.o
    0x080058b2   0x080058b2   0x00000006   PAD
    0x080058b8   0x080058b8   0x00000296   Code   RO         2986    .text.HAL_SPI_IRQHandler  stm32h7xx_hal_spi.o
    0x08005b4e   0x08005b4e   0x00000002   PAD
    0x08005b50   0x08005b50   0x00000160   Code   RO         2916    .text.HAL_SPI_Init  stm32h7xx_hal_spi.o
    0x08005cb0   0x08005cb0   0x000000e6   Code   RO          354    .text.HAL_SPI_MspInit  spi.o
    0x08005d96   0x08005d96   0x00000002   PAD
    0x08005d98   0x08005d98   0x00000002   Code   RO         2992    .text.HAL_SPI_RxCpltCallback  stm32h7xx_hal_spi.o
    0x08005d9a   0x08005d9a   0x00000006   PAD
    0x08005da0   0x08005da0   0x00000016   Code   RO          718    .text.HAL_SPI_TxCpltCallback  hal_spi_stm32h7.o
    0x08005db6   0x08005db6   0x00000002   PAD
    0x08005db8   0x08005db8   0x00000002   Code   RO         2990    .text.HAL_SPI_TxRxCpltCallback  stm32h7xx_hal_spi.o
    0x08005dba   0x08005dba   0x00000006   PAD
    0x08005dc0   0x08005dc0   0x0000002e   Code   RO         2116    .text.HAL_SYSTICK_Config  stm32h7xx_hal_cortex.o
    0x08005dee   0x08005dee   0x00000002   PAD
    0x08005df0   0x08005df0   0x00000036   Code   RO         3191    .text.HAL_UARTEx_DisableFifoMode  stm32h7xx_hal_uart_ex.o
    0x08005e26   0x08005e26   0x00000002   PAD
    0x08005e28   0x08005e28   0x000001dc   Code   RO         3197    .text.HAL_UARTEx_ReceiveToIdle  stm32h7xx_hal_uart_ex.o
    0x08006004   0x08006004   0x00000004   PAD
    0x08006008   0x08006008   0x00000054   Code   RO         3201    .text.HAL_UARTEx_ReceiveToIdle_DMA  stm32h7xx_hal_uart_ex.o
    0x0800605c   0x0800605c   0x00000004   PAD
    0x08006060   0x08006060   0x00000054   Code   RO         3199    .text.HAL_UARTEx_ReceiveToIdle_IT  stm32h7xx_hal_uart_ex.o
    0x080060b4   0x080060b4   0x00000004   PAD
    0x080060b8   0x080060b8   0x00000020   Code   RO          628    .text.HAL_UARTEx_RxEventCallback  hal_com_stm32h7.o
    0x080060d8   0x080060d8   0x00000002   Code   RO         3177    .text.HAL_UARTEx_RxFifoFullCallback  stm32h7xx_hal_uart_ex.o
    0x080060da   0x080060da   0x00000006   PAD
    0x080060e0   0x080060e0   0x00000090   Code   RO         3195    .text.HAL_UARTEx_SetRxFifoThreshold  stm32h7xx_hal_uart_ex.o
    0x08006170   0x08006170   0x00000090   Code   RO         3193    .text.HAL_UARTEx_SetTxFifoThreshold  stm32h7xx_hal_uart_ex.o
    0x08006200   0x08006200   0x00000002   Code   RO         3179    .text.HAL_UARTEx_TxFifoEmptyCallback  stm32h7xx_hal_uart_ex.o
    0x08006202   0x08006202   0x00000006   PAD
    0x08006208   0x08006208   0x00000002   Code   RO         3175    .text.HAL_UARTEx_WakeupCallback  stm32h7xx_hal_uart_ex.o
    0x0800620a   0x0800620a   0x00000006   PAD
    0x08006210   0x08006210   0x00000002   Code   RO         3112    .text.HAL_UART_AbortReceiveCpltCallback  stm32h7xx_hal_uart.o
    0x08006212   0x08006212   0x00000006   PAD
    0x08006218   0x08006218   0x000000a6   Code   RO         3108    .text.HAL_UART_AbortReceive_IT  stm32h7xx_hal_uart.o
    0x080062be   0x080062be   0x00000002   PAD
    0x080062c0   0x080062c0   0x00000002   Code   RO         3106    .text.HAL_UART_AbortTransmitCpltCallback  stm32h7xx_hal_uart.o
    0x080062c2   0x080062c2   0x00000006   PAD
    0x080062c8   0x080062c8   0x00000084   Code   RO         3102    .text.HAL_UART_AbortTransmit_IT  stm32h7xx_hal_uart.o
    0x0800634c   0x0800634c   0x00000004   PAD
    0x08006350   0x08006350   0x00000002   Code   RO         3118    .text.HAL_UART_ErrorCallback  stm32h7xx_hal_uart.o
    0x08006352   0x08006352   0x00000006   PAD
    0x08006358   0x08006358   0x000002fc   Code   RO         3114    .text.HAL_UART_IRQHandler  stm32h7xx_hal_uart.o
    0x08006654   0x08006654   0x00000004   PAD
    0x08006658   0x08006658   0x00000066   Code   RO         3030    .text.HAL_UART_Init  stm32h7xx_hal_uart.o
    0x080066be   0x080066be   0x00000002   PAD
    0x080066c0   0x080066c0   0x0000011a   Code   RO          328    .text.HAL_UART_MspInit  usart.o
    0x080067da   0x080067da   0x00000006   PAD
    0x080067e0   0x080067e0   0x00000002   Code   RO         3126    .text.HAL_UART_RxCpltCallback  stm32h7xx_hal_uart.o
    0x080067e2   0x080067e2   0x00000006   PAD
    0x080067e8   0x080067e8   0x00000002   Code   RO         3128    .text.HAL_UART_RxHalfCpltCallback  stm32h7xx_hal_uart.o
    0x080067ea   0x080067ea   0x00000006   PAD
    0x080067f0   0x080067f0   0x000000da   Code   RO         3050    .text.HAL_UART_Transmit  stm32h7xx_hal_uart.o
    0x080068ca   0x080068ca   0x00000006   PAD
    0x080068d0   0x080068d0   0x0000009e   Code   RO         3070    .text.HAL_UART_Transmit_DMA  stm32h7xx_hal_uart.o
    0x0800696e   0x0800696e   0x00000002   PAD
    0x08006970   0x08006970   0x000000aa   Code   RO         3056    .text.HAL_UART_Transmit_IT  stm32h7xx_hal_uart.o
    0x08006a1a   0x08006a1a   0x00000006   PAD
    0x08006a20   0x08006a20   0x00000016   Code   RO          630    .text.HAL_UART_TxCpltCallback  hal_com_stm32h7.o
    0x08006a36   0x08006a36   0x00000002   PAD
    0x08006a38   0x08006a38   0x00000002   Code   RO         3124    .text.HAL_UART_TxHalfCpltCallback  stm32h7xx_hal_uart.o
    0x08006a3a   0x08006a3a   0x00000006   PAD
    0x08006a40   0x08006a40   0x00000002   Code   RO          457    .text.HardFault_Handler  stm32h7xx_it.o
    0x08006a42   0x08006a42   0x00000006   PAD
    0x08006a48   0x08006a48   0x0000022a   Code   RO         2527    .text.JPEG_Bits_To_SizeCodes  stm32h7xx_hal_jpeg.o
    0x08006c72   0x08006c72   0x00000006   PAD
    0x08006c78   0x08006c78   0x00000094   Code   RO         2541    .text.JPEG_DMA_EndProcess  stm32h7xx_hal_jpeg.o
    0x08006d0c   0x08006d0c   0x00000004   PAD
    0x08006d10   0x08006d10   0x000000c0   Code   RO         2497    .text.JPEG_DMA_PollResidualData  stm32h7xx_hal_jpeg.o
    0x08006dd0   0x08006dd0   0x0000000c   Code   RO          483    .text.JPEG_IRQHandler  stm32h7xx_it.o
    0x08006ddc   0x08006ddc   0x00000004   PAD
    0x08006de0   0x08006de0   0x000000f8   Code   RO         2479    .text.JPEG_Process  stm32h7xx_hal_jpeg.o
    0x08006ed8   0x08006ed8   0x000002a6   Code   RO         2529    .text.JPEG_ReadInputData  stm32h7xx_hal_jpeg.o
    0x0800717e   0x0800717e   0x00000002   PAD
    0x08007180   0x08007180   0x000001a4   Code   RO         2523    .text.JPEG_Set_HuffAC_Mem  stm32h7xx_hal_jpeg.o
    0x08007324   0x08007324   0x00000004   PAD
    0x08007328   0x08007328   0x000001b4   Code   RO         2525    .text.JPEG_Set_HuffDC_Mem  stm32h7xx_hal_jpeg.o
    0x080074dc   0x080074dc   0x00000004   PAD
    0x080074e0   0x080074e0   0x00000534   Code   RO         2531    .text.JPEG_StoreOutputData  stm32h7xx_hal_jpeg.o
    0x08007a14   0x08007a14   0x00000004   PAD
    0x08007a18   0x08007a18   0x0000001e   Code   RO          485    .text.MDMA_IRQHandler  stm32h7xx_it.o
    0x08007a36   0x08007a36   0x00000002   PAD
    0x08007a38   0x08007a38   0x0000003e   Code   RO          383    .text.MX_DCMI_Init  dcmi.o
    0x08007a76   0x08007a76   0x00000002   PAD
    0x08007a78   0x08007a78   0x00000076   Code   RO          343    .text.MX_DMA_Init   dma.o
    0x08007aee   0x08007aee   0x00000002   PAD
    0x08007af0   0x08007af0   0x00000126   Code   RO          317    .text.MX_GPIO_Init  gpio.o
    0x08007c16   0x08007c16   0x00000002   PAD
    0x08007c18   0x08007c18   0x0000006a   Code   RO          368    .text.MX_I2C2_Init  i2c.o
    0x08007c82   0x08007c82   0x00000006   PAD
    0x08007c88   0x08007c88   0x00000026   Code   RO          414    .text.MX_JPEG_Init  jpeg.o
    0x08007cae   0x08007cae   0x00000002   PAD
    0x08007cb0   0x08007cb0   0x00000034   Code   RO          431    .text.MX_MDMA_Init  mdma.o
    0x08007ce4   0x08007ce4   0x00000004   PAD
    0x08007ce8   0x08007ce8   0x00000044   Code   RO          399    .text.MX_QUADSPI_Init  quadspi.o
    0x08007d2c   0x08007d2c   0x00000004   PAD
    0x08007d30   0x08007d30   0x00000062   Code   RO          352    .text.MX_SPI2_Init  spi.o
    0x08007d92   0x08007d92   0x00000006   PAD
    0x08007d98   0x08007d98   0x0000007c   Code   RO          326    .text.MX_USART1_UART_Init  usart.o
    0x08007e14   0x08007e14   0x00000004   PAD
    0x08007e18   0x08007e18   0x00000002   Code   RO          459    .text.MemManage_Handler  stm32h7xx_it.o
    0x08007e1a   0x08007e1a   0x00000006   PAD
    0x08007e20   0x08007e20   0x00000002   Code   RO          455    .text.NMI_Handler   stm32h7xx_it.o
    0x08007e22   0x08007e22   0x00000006   PAD
    0x08007e28   0x08007e28   0x0000000c   Code   RO         1966    .text.OS_Tick_AcknowledgeIRQ  os_systick.o
    0x08007e34   0x08007e34   0x00000004   PAD
    0x08007e38   0x08007e38   0x00000032   Code   RO         1962    .text.OS_Tick_Enable  os_systick.o
    0x08007e6a   0x08007e6a   0x00000006   PAD
    0x08007e70   0x08007e70   0x00000006   Code   RO         1968    .text.OS_Tick_GetIRQn  os_systick.o
    0x08007e76   0x08007e76   0x00000002   PAD
    0x08007e78   0x08007e78   0x00000048   Code   RO         1960    .text.OS_Tick_Setup  os_systick.o
    0x08007ec0   0x08007ec0   0x00000032   Code   RO         2760    .text.QSPI_DMAAbortCplt  stm32h7xx_hal_qspi.o
    0x08007ef2   0x08007ef2   0x00000006   PAD
    0x08007ef8   0x08007ef8   0x0000000c   Code   RO          481    .text.QUADSPI_IRQHandler  stm32h7xx_it.o
    0x08007f04   0x08007f04   0x00000004   PAD
    0x08007f08   0x08007f08   0x00000122   Code   RO         2854    .text.RCCEx_PLL2_Config  stm32h7xx_hal_rcc_ex.o
    0x0800802a   0x0800802a   0x00000006   PAD
    0x08008030   0x08008030   0x00000122   Code   RO         2856    .text.RCCEx_PLL3_Config  stm32h7xx_hal_rcc_ex.o
    0x08008152   0x08008152   0x00000006   PAD
    0x08008158   0x08008158   0x0000000c   Code   RO          473    .text.SPI2_IRQHandler  stm32h7xx_it.o
    0x08008164   0x08008164   0x00000004   PAD
    0x08008168   0x08008168   0x000000ca   Code   RO         2926    .text.SPI_CloseTransfer  stm32h7xx_hal_spi.o
    0x08008232   0x08008232   0x00000006   PAD
    0x08008238   0x08008238   0x00000016   Code   RO         2996    .text.SPI_DMAAbortOnError  stm32h7xx_hal_spi.o
    0x0800824e   0x0800824e   0x00000002   PAD
    0x08008250   0x08008250   0x000000da   Code   RO         3229    .text.SystemInit    system_stm32h7xx.o
    0x0800832a   0x0800832a   0x00000006   PAD
    0x08008330   0x08008330   0x000000e0   Code   RO         3036    .text.UART_AdvFeatureConfig  stm32h7xx_hal_uart.o
    0x08008410   0x08008410   0x000000fa   Code   RO         3038    .text.UART_CheckIdleState  stm32h7xx_hal_uart.o
    0x0800850a   0x0800850a   0x00000006   PAD
    0x08008510   0x08008510   0x00000010   Code   RO         3116    .text.UART_DMAAbortOnError  stm32h7xx_hal_uart.o
    0x08008520   0x08008520   0x0000008a   Code   RO         3076    .text.UART_DMAError  stm32h7xx_hal_uart.o
    0x080085aa   0x080085aa   0x00000006   PAD
    0x080085b0   0x080085b0   0x00000050   Code   RO         3160    .text.UART_DMAReceiveCplt  stm32h7xx_hal_uart.o
    0x08008600   0x08008600   0x00000018   Code   RO         3162    .text.UART_DMARxHalfCplt  stm32h7xx_hal_uart.o
    0x08008618   0x08008618   0x00000022   Code   RO         3110    .text.UART_DMARxOnlyAbortCallback  stm32h7xx_hal_uart.o
    0x0800863a   0x0800863a   0x00000006   PAD
    0x08008640   0x08008640   0x0000002a   Code   RO         3072    .text.UART_DMATransmitCplt  stm32h7xx_hal_uart.o
    0x0800866a   0x0800866a   0x00000006   PAD
    0x08008670   0x08008670   0x00000006   Code   RO         3074    .text.UART_DMATxHalfCplt  stm32h7xx_hal_uart.o
    0x08008676   0x08008676   0x00000002   PAD
    0x08008678   0x08008678   0x00000024   Code   RO         3104    .text.UART_DMATxOnlyAbortCallback  stm32h7xx_hal_uart.o
    0x0800869c   0x0800869c   0x00000004   PAD
    0x080086a0   0x080086a0   0x00000084   Code   RO         3156    .text.UART_RxISR_16BIT  stm32h7xx_hal_uart.o
    0x08008724   0x08008724   0x00000004   PAD
    0x08008728   0x08008728   0x00000238   Code   RO         3152    .text.UART_RxISR_16BIT_FIFOEN  stm32h7xx_hal_uart.o
    0x08008960   0x08008960   0x00000088   Code   RO         3158    .text.UART_RxISR_8BIT  stm32h7xx_hal_uart.o
    0x080089e8   0x080089e8   0x00000240   Code   RO         3154    .text.UART_RxISR_8BIT_FIFOEN  stm32h7xx_hal_uart.o
    0x08008c28   0x08008c28   0x000007c0   Code   RO         3034    .text.UART_SetConfig  stm32h7xx_hal_uart.o
    0x080093e8   0x080093e8   0x00000082   Code   RO         3080    .text.UART_Start_Receive_DMA  stm32h7xx_hal_uart.o
    0x0800946a   0x0800946a   0x00000006   PAD
    0x08009470   0x08009470   0x000000de   Code   RO         3068    .text.UART_Start_Receive_IT  stm32h7xx_hal_uart.o
    0x0800954e   0x0800954e   0x00000002   PAD
    0x08009550   0x08009550   0x00000040   Code   RO         3062    .text.UART_TxISR_16BIT  stm32h7xx_hal_uart.o
    0x08009590   0x08009590   0x00000066   Code   RO         3058    .text.UART_TxISR_16BIT_FIFOEN  stm32h7xx_hal_uart.o
    0x080095f6   0x080095f6   0x00000002   PAD
    0x080095f8   0x080095f8   0x0000003c   Code   RO         3064    .text.UART_TxISR_8BIT  stm32h7xx_hal_uart.o
    0x08009634   0x08009634   0x00000004   PAD
    0x08009638   0x08009638   0x00000062   Code   RO         3060    .text.UART_TxISR_8BIT_FIFOEN  stm32h7xx_hal_uart.o
    0x0800969a   0x0800969a   0x00000006   PAD
    0x080096a0   0x080096a0   0x00000100   Code   RO         3052    .text.UART_WaitOnFlagUntilTimeout  stm32h7xx_hal_uart.o
    0x080097a0   0x080097a0   0x0000000c   Code   RO          475    .text.USART1_IRQHandler  stm32h7xx_it.o
    0x080097ac   0x080097ac   0x00000004   PAD
    0x080097b0   0x080097b0   0x00000002   Code   RO          463    .text.UsageFault_Handler  stm32h7xx_it.o
    0x080097b2   0x080097b2   0x00000006   PAD
    0x080097b8   0x080097b8   0x00000036   Code   RO         1575    .text._mutex_acquire  rtx_lib.o
    0x080097ee   0x080097ee   0x00000002   PAD
    0x080097f0   0x080097f0   0x00000006   Code   RO         1579    .text._mutex_free   rtx_lib.o
    0x080097f6   0x080097f6   0x00000002   PAD
    0x080097f8   0x080097f8   0x00000020   Code   RO         1573    .text._mutex_initialize  rtx_lib.o
    0x08009818   0x08009818   0x00000032   Code   RO         1577    .text._mutex_release  rtx_lib.o
    0x0800984a   0x0800984a   0x00000006   PAD
    0x08009850   0x08009850   0x00000004   Code   RO         1569    .text._platform_post_stackheap_init  rtx_lib.o
    0x08009854   0x08009854   0x00000004   PAD
    0x08009858   0x08009858   0x0000011a   Code   RO          538    .text.block_insert  rte_memory.o
    0x08009972   0x08009972   0x00000006   PAD
    0x08009978   0x08009978   0x00000178   Code   RO          528    .text.block_locate_free  rte_memory.o
    0x08009af0   0x08009af0   0x000001f6   Code   RO          536    .text.block_merge_next  rte_memory.o
    0x08009ce6   0x08009ce6   0x00000002   PAD
    0x08009ce8   0x08009ce8   0x000001ba   Code   RO          554    .text.block_split   rte_memory.o
    0x08009ea2   0x08009ea2   0x00000006   PAD
    0x08009ea8   0x08009ea8   0x000001b2   Code   RO          618    .text.com_create    hal_com_stm32h7.o
    0x0800a05a   0x0800a05a   0x00000006   PAD
    0x0800a060   0x0800a060   0x00000044   Code   RO          620    .text.com_recv      hal_com_stm32h7.o
    0x0800a0a4   0x0800a0a4   0x00000004   PAD
    0x0800a0a8   0x0800a0a8   0x00000152   Code   RO          624    .text.com_recv_async  hal_com_stm32h7.o
    0x0800a1fa   0x0800a1fa   0x00000006   PAD
    0x0800a200   0x0800a200   0x0000003e   Code   RO          622    .text.com_send      hal_com_stm32h7.o
    0x0800a23e   0x0800a23e   0x00000002   PAD
    0x0800a240   0x0800a240   0x0000015a   Code   RO          626    .text.com_send_async  hal_com_stm32h7.o
    0x0800a39a   0x0800a39a   0x00000006   PAD
    0x0800a3a0   0x0800a3a0   0x00000034   Code   RO          921    .text.ds_vector_at  ds_vector.o
    0x0800a3d4   0x0800a3d4   0x00000004   PAD
    0x0800a3d8   0x0800a3d8   0x000000d4   Code   RO          907    .text.ds_vector_create  ds_vector.o
    0x0800a4ac   0x0800a4ac   0x00000004   PAD
    0x0800a4b0   0x0800a4b0   0x000000f8   Code   RO          913    .text.ds_vector_expand  ds_vector.o
    0x0800a5a8   0x0800a5a8   0x00000004   Code   RO          919    .text.ds_vector_length  ds_vector.o
    0x0800a5ac   0x0800a5ac   0x00000004   PAD
    0x0800a5b0   0x0800a5b0   0x00000016   Code   RO          927    .text.ds_vector_lock  ds_vector.o
    0x0800a5c6   0x0800a5c6   0x00000002   PAD
    0x0800a5c8   0x0800a5c8   0x000000be   Code   RO          915    .text.ds_vector_push  ds_vector.o
    0x0800a686   0x0800a686   0x00000002   PAD
    0x0800a688   0x0800a688   0x00000172   Code   RO          923    .text.ds_vector_remove_by_index  ds_vector.o
    0x0800a7fa   0x0800a7fa   0x00000006   PAD
    0x0800a800   0x0800a800   0x00000016   Code   RO          929    .text.ds_vector_unlock  ds_vector.o
    0x0800a816   0x0800a816   0x00000002   PAD
    0x0800a818   0x0800a818   0x00000018   Code   RO          648    .text.gpio_toggle   hal_gpio_stm32h7.o
    0x0800a830   0x0800a830   0x0000009e   Code   RO          604    .text.hal_device_write_sync  hal.o
    0x0800a8ce   0x0800a8ce   0x00000002   PAD
    0x0800a8d0   0x0800a8d0   0x0000017c   Code   RO          506    .text.log_control   rte_log.o
    0x0800aa4c   0x0800aa4c   0x00000004   PAD
    0x0800aa50   0x0800aa50   0x00000012   Code   RO          494    .text.log_init      rte_log.o
    0x0800aa62   0x0800aa62   0x00000006   PAD
    0x0800aa68   0x0800aa68   0x00000c02   Code   RO          504    .text.log_out       rte_log.o
    0x0800b66a   0x0800b66a   0x00000006   PAD
    0x0800b670   0x0800b670   0x0000001a   Code   RO          500    .text.log_snprintf  rte_log.o
    0x0800b68a   0x0800b68a   0x00000006   PAD
    0x0800b690   0x0800b690   0x00000b3c   Code   RO          498    .text.log_vsnprintf  rte_log.o
    0x0800c1cc   0x0800c1cc   0x00000004   PAD
    0x0800c1d0   0x0800c1d0   0x000001ce   Code   RO          440    .text.main          main.o
    0x0800c39e   0x0800c39e   0x00000002   PAD
    0x0800c3a0   0x0800c3a0   0x000002ba   Code   RO          526    .text.memory_alloc  rte_memory.o
    0x0800c65a   0x0800c65a   0x00000006   PAD
    0x0800c660   0x0800c660   0x00000578   Code   RO          532    .text.memory_alloc_align  rte_memory.o
    0x0800cbd8   0x0800cbd8   0x00000024   Code   RO          530    .text.memory_calloc  rte_memory.o
    0x0800cbfc   0x0800cbfc   0x00000004   PAD
    0x0800cc00   0x0800cc00   0x00000280   Code   RO          534    .text.memory_free   rte_memory.o
    0x0800ce80   0x0800ce80   0x0000021c   Code   RO          524    .text.memory_pool   rte_memory.o
    0x0800d09c   0x0800d09c   0x00000004   PAD
    0x0800d0a0   0x0800d0a0   0x000002de   Code   RO          540    .text.memory_realloc  rte_memory.o
    0x0800d37e   0x0800d37e   0x00000002   PAD
    0x0800d380   0x0800d380   0x00000036   Code   RO         1096    .text.osDelay       rtx_delay.o
    0x0800d3b6   0x0800d3b6   0x00000002   PAD
    0x0800d3b8   0x0800d3b8   0x0000003c   Code   RO         1513    .text.osKernelGetState  rtx_kernel.o
    0x0800d3f4   0x0800d3f4   0x00000004   PAD
    0x0800d3f8   0x0800d3f8   0x00000034   Code   RO         1529    .text.osKernelGetTickCount  rtx_kernel.o
    0x0800d42c   0x0800d42c   0x00000004   PAD
    0x0800d430   0x0800d430   0x00000038   Code   RO         1507    .text.osKernelInitialize  rtx_kernel.o
    0x0800d468   0x0800d468   0x00000034   Code   RO         1517    .text.osKernelStart  rtx_kernel.o
    0x0800d49c   0x0800d49c   0x00000004   PAD
    0x0800d4a0   0x0800d4a0   0x0000003c   Code   RO         1724    .text.osMutexAcquire  rtx_mutex.o
    0x0800d4dc   0x0800d4dc   0x00000004   PAD
    0x0800d4e0   0x0800d4e0   0x0000003a   Code   RO         1730    .text.osMutexDelete  rtx_mutex.o
    0x0800d51a   0x0800d51a   0x00000006   PAD
    0x0800d520   0x0800d520   0x0000003a   Code   RO         1720    .text.osMutexNew    rtx_mutex.o
    0x0800d55a   0x0800d55a   0x00000006   PAD
    0x0800d560   0x0800d560   0x0000003a   Code   RO         1726    .text.osMutexRelease  rtx_mutex.o
    0x0800d59a   0x0800d59a   0x00000006   PAD
    0x0800d5a0   0x0800d5a0   0x00000002   Code   RO         1989    .text.osRtxErrorNotify  rtx_config.o
    0x0800d5a2   0x0800d5a2   0x00000006   PAD
    0x0800d5a8   0x0800d5a8   0x00000002   Code   RO         1987    .text.osRtxIdleThread  rtx_config.o
    0x0800d5aa   0x0800d5aa   0x00000006   PAD
    0x0800d5b0   0x0800d5b0   0x00000016   Code   RO         1505    .text.osRtxKernelErrorNotify  rtx_kernel.o
    0x0800d5c6   0x0800d5c6   0x00000002   PAD
    0x0800d5c8   0x0800d5c8   0x00000002   Code   RO         1503    .text.osRtxKernelPreInit  rtx_kernel.o
    0x0800d5ca   0x0800d5ca   0x00000006   PAD
    0x0800d5d0   0x0800d5d0   0x000000d6   Code   RO         1600    .text.osRtxMemoryAlloc  rtx_memory.o
    0x0800d6a6   0x0800d6a6   0x00000002   PAD
    0x0800d6a8   0x0800d6a8   0x00000086   Code   RO         1602    .text.osRtxMemoryFree  rtx_memory.o
    0x0800d72e   0x0800d72e   0x00000002   PAD
    0x0800d730   0x0800d730   0x00000044   Code   RO         1598    .text.osRtxMemoryInit  rtx_memory.o
    0x0800d774   0x0800d774   0x00000004   PAD
    0x0800d778   0x0800d778   0x0000004a   Code   RO         1614    .text.osRtxMemoryPoolAlloc  rtx_mempool.o
    0x0800d7c2   0x0800d7c2   0x00000006   PAD
    0x0800d7c8   0x0800d7c8   0x0000005c   Code   RO         1616    .text.osRtxMemoryPoolFree  rtx_mempool.o
    0x0800d824   0x0800d824   0x00000004   PAD
    0x0800d828   0x0800d828   0x000000b8   Code   RO         1612    .text.osRtxMemoryPoolInit  rtx_mempool.o
    0x0800d8e0   0x0800d8e0   0x00000068   Code   RO         1716    .text.osRtxMutexOwnerRelease  rtx_mutex.o
    0x0800d948   0x0800d948   0x00000054   Code   RO         1718    .text.osRtxMutexOwnerRestore  rtx_mutex.o
    0x0800d99c   0x0800d99c   0x00000004   PAD
    0x0800d9a0   0x0800d9a0   0x000000ca   Code   RO         1788    .text.osRtxPendSV_Handler  rtx_system.o
    0x0800da6a   0x0800da6a   0x00000006   PAD
    0x0800da70   0x0800da70   0x00000078   Code   RO         1790    .text.osRtxPostProcess  rtx_system.o
    0x0800dae8   0x0800dae8   0x00000046   Code   RO         1768    .text.osRtxSemaphorePostProcess  rtx_semaphore.o
    0x0800db2e   0x0800db2e   0x00000002   PAD
    0x0800db30   0x0800db30   0x00000286   Code   RO         1810    .text.osRtxThreadDelayTick  rtx_thread.o
    0x0800ddb6   0x0800ddb6   0x00000002   PAD
    0x0800ddb8   0x0800ddb8   0x000000b8   Code   RO         1898    .text.osRtxThreadDestroy  rtx_thread.o
    0x0800de70   0x0800de70   0x000001b6   Code   RO         1816    .text.osRtxThreadDispatch  rtx_thread.o
    0x0800e026   0x0800e026   0x00000002   PAD
    0x0800e028   0x0800e028   0x00000014   Code   RO         1802    .text.osRtxThreadListGet  rtx_thread.o
    0x0800e03c   0x0800e03c   0x00000004   PAD
    0x0800e040   0x0800e040   0x00000064   Code   RO         1800    .text.osRtxThreadListPut  rtx_thread.o
    0x0800e0a4   0x0800e0a4   0x00000004   PAD
    0x0800e0a8   0x0800e0a8   0x0000001a   Code   RO         1806    .text.osRtxThreadListRemove  rtx_thread.o
    0x0800e0c2   0x0800e0c2   0x00000006   PAD
    0x0800e0c8   0x0800e0c8   0x000000b8   Code   RO         1804    .text.osRtxThreadListSort  rtx_thread.o
    0x0800e180   0x0800e180   0x0000009e   Code   RO         1872    .text.osRtxThreadPostProcess  rtx_thread.o
    0x0800e21e   0x0800e21e   0x00000002   PAD
    0x0800e220   0x0800e220   0x00000074   Code   RO         1808    .text.osRtxThreadReadyPut  rtx_thread.o
    0x0800e294   0x0800e294   0x00000004   PAD
    0x0800e298   0x0800e298   0x00000020   Code   RO         1822    .text.osRtxThreadStackCheck  rtx_thread.o
    0x0800e2b8   0x0800e2b8   0x00000048   Code   RO         1824    .text.osRtxThreadStartup  rtx_thread.o
    0x0800e300   0x0800e300   0x00000012   Code   RO         1814    .text.osRtxThreadSwitch  rtx_thread.o
    0x0800e312   0x0800e312   0x00000006   PAD
    0x0800e318   0x0800e318   0x00000140   Code   RO         1820    .text.osRtxThreadWaitEnter  rtx_thread.o
    0x0800e458   0x0800e458   0x00000108   Code   RO         1818    .text.osRtxThreadWaitExit  rtx_thread.o
    0x0800e560   0x0800e560   0x00000082   Code   RO         1786    .text.osRtxTick_Handler  rtx_system.o
    0x0800e5e2   0x0800e5e2   0x00000006   PAD
    0x0800e5e8   0x0800e5e8   0x00000088   Code   RO         1756    .text.osSemaphoreAcquire  rtx_semaphore.o
    0x0800e670   0x0800e670   0x00000042   Code   RO         1752    .text.osSemaphoreNew  rtx_semaphore.o
    0x0800e6b2   0x0800e6b2   0x00000006   PAD
    0x0800e6b8   0x0800e6b8   0x00000096   Code   RO         1758    .text.osSemaphoreRelease  rtx_semaphore.o
    0x0800e74e   0x0800e74e   0x00000002   PAD
    0x0800e750   0x0800e750   0x0000001a   Code   RO         1856    .text.osThreadExit  rtx_thread.o
    0x0800e76a   0x0800e76a   0x00000006   PAD
    0x0800e770   0x0800e770   0x00000042   Code   RO         1828    .text.osThreadNew   rtx_thread.o
    0x0800e7b2   0x0800e7b2   0x00000006   PAD
    0x0800e7b8   0x0800e7b8   0x0000003c   Code   RO         1842    .text.osThreadSetPriority  rtx_thread.o
    0x0800e7f4   0x0800e7f4   0x00000004   PAD
    0x0800e7f8   0x0800e7f8   0x000009f6   Code   RO          296    .text.refresh_input_mcu_buffer  bsp_jpege.o
    0x0800f1ee   0x0800f1ee   0x00000002   PAD
    0x0800f1f0   0x0800f1f0   0x0000010e   Code   RO          552    .text.remove_free_block  rte_memory.o
    0x0800f2fe   0x0800f2fe   0x00000002   PAD
    0x0800f300   0x0800f300   0x00000008   Code   RO           22    .text.rte_calloc    rte_adapter_cmsis_rtos2.o
    0x0800f308   0x0800f308   0x0000001e   Code   RO           53    .text.rte_data_out  system_thread.o
    0x0800f326   0x0800f326   0x00000002   PAD
    0x0800f328   0x0800f328   0x00000008   Code   RO           26    .text.rte_free      rte_adapter_cmsis_rtos2.o
    0x0800f330   0x0800f330   0x0000000c   Code   RO           30    .text.rte_get_general_allocator  rte_adapter_cmsis_rtos2.o
    0x0800f33c   0x0800f33c   0x00000004   PAD
    0x0800f340   0x0800f340   0x0000000c   Code   RO           32    .text.rte_get_main_timergroup  rte_adapter_cmsis_rtos2.o
    0x0800f34c   0x0800f34c   0x00000004   PAD
    0x0800f350   0x0800f350   0x00000110   Code   RO           10    .text.rte_get_tick  rte_adapter_cmsis_rtos2.o
    0x0800f460   0x0800f460   0x0000011e   Code   RO           18    .text.rte_init      rte_adapter_cmsis_rtos2.o
    0x0800f57e   0x0800f57e   0x00000002   PAD
    0x0800f580   0x0800f580   0x00000008   Code   RO           20    .text.rte_malloc    rte_adapter_cmsis_rtos2.o
    0x0800f588   0x0800f588   0x00000014   Code   RO            2    .text.rte_mutex_lock  rte_adapter_cmsis_rtos2.o
    0x0800f59c   0x0800f59c   0x00000004   PAD
    0x0800f5a0   0x0800f5a0   0x00000010   Code   RO            4    .text.rte_mutex_trylock  rte_adapter_cmsis_rtos2.o
    0x0800f5b0   0x0800f5b0   0x00000010   Code   RO            6    .text.rte_mutex_unlock  rte_adapter_cmsis_rtos2.o
    0x0800f5c0   0x0800f5c0   0x0000000e   Code   RO           24    .text.rte_realloc   rte_adapter_cmsis_rtos2.o
    0x0800f5ce   0x0800f5ce   0x00000002   PAD
    0x0800f5d0   0x0800f5d0   0x0000000c   Code   RO          588    .text.rte_tick_consume  rte_timer.o
    0x0800f5dc   0x0800f5dc   0x00000004   PAD
    0x0800f5e0   0x0800f5e0   0x00000006   Code   RO           55    .text.running_timer  system_thread.o
    0x0800f5e6   0x0800f5e6   0x00000002   PAD
    0x0800f5e8   0x0800f5e8   0x0000007e   Code   RO          570    .text.single_timer_free_cb  rte_timer.o
    0x0800f666   0x0800f666   0x00000002   PAD
    0x0800f668   0x0800f668   0x0000003c   Code   RO         1100    .text.svcRtxDelay   rtx_delay.o
    0x0800f6a4   0x0800f6a4   0x00000004   PAD
    0x0800f6a8   0x0800f6a8   0x00000016   Code   RO         1515    .text.svcRtxKernelGetState  rtx_kernel.o
    0x0800f6be   0x0800f6be   0x00000002   PAD
    0x0800f6c0   0x0800f6c0   0x00000014   Code   RO         1531    .text.svcRtxKernelGetTickCount  rtx_kernel.o
    0x0800f6d4   0x0800f6d4   0x00000004   PAD
    0x0800f6d8   0x0800f6d8   0x00000152   Code   RO         1545    .text.svcRtxKernelInitialize  rtx_kernel.o
    0x0800f82a   0x0800f82a   0x00000006   PAD
    0x0800f830   0x0800f830   0x000000b4   Code   RO         1547    .text.svcRtxKernelStart  rtx_kernel.o
    0x0800f8e4   0x0800f8e4   0x00000004   PAD
    0x0800f8e8   0x0800f8e8   0x000000ea   Code   RO         1736    .text.svcRtxMutexAcquire  rtx_mutex.o
    0x0800f9d2   0x0800f9d2   0x00000006   PAD
    0x0800f9d8   0x0800f9d8   0x000000d4   Code   RO         1742    .text.svcRtxMutexDelete  rtx_mutex.o
    0x0800faac   0x0800faac   0x00000004   PAD
    0x0800fab0   0x0800fab0   0x00000096   Code   RO         1732    .text.svcRtxMutexNew  rtx_mutex.o
    0x0800fb46   0x0800fb46   0x00000002   PAD
    0x0800fb48   0x0800fb48   0x00000100   Code   RO         1738    .text.svcRtxMutexRelease  rtx_mutex.o
    0x0800fc48   0x0800fc48   0x00000090   Code   RO         1772    .text.svcRtxSemaphoreAcquire  rtx_semaphore.o
    0x0800fcd8   0x0800fcd8   0x000000b4   Code   RO         1766    .text.svcRtxSemaphoreNew  rtx_semaphore.o
    0x0800fd8c   0x0800fd8c   0x00000004   PAD
    0x0800fd90   0x0800fd90   0x0000008c   Code   RO         1774    .text.svcRtxSemaphoreRelease  rtx_semaphore.o
    0x0800fe1c   0x0800fe1c   0x00000004   PAD
    0x0800fe20   0x0800fe20   0x00000092   Code   RO         1896    .text.svcRtxThreadExit  rtx_thread.o
    0x0800feb2   0x0800feb2   0x00000006   PAD
    0x0800feb8   0x0800feb8   0x00000252   Code   RO         1826    .text.svcRtxThreadNew  rtx_thread.o
    0x0801010a   0x0801010a   0x00000006   PAD
    0x08010110   0x08010110   0x000001b0   Code   RO         1882    .text.svcRtxThreadSetPriority  rtx_thread.o
    0x080102c0   0x080102c0   0x000000d6   Code   RO           51    .text.system_thread  system_thread.o
    0x08010396   0x08010396   0x00000002   PAD
    0x08010398   0x08010398   0x000000c8   Code   RO          568    .text.timer_create_group  rte_timer.o
    0x08010460   0x08010460   0x0000011c   Code   RO          574    .text.timer_create_new  rte_timer.o
    0x0801057c   0x0801057c   0x00000004   PAD
    0x08010580   0x08010580   0x0000010e   Code   RO          578    .text.timer_group_poll  rte_timer.o
    0x0801068e   0x0801068e   0x00000002   PAD
    0x08010690   0x08010690   0x0000003a   Code   RO          566    .text.timer_init    rte_timer.o
    0x080106ca   0x080106ca   0x00000006   PAD
    0x080106d0   0x080106d0   0x000000a6   Code   RO          584    .text.timer_tick_handle  rte_timer.o
    0x08010776   0x08010776   0x0000001a   Code   RO         3466    x$fpl$fpinit        fz_wv.l(fpinit.o)
    0x08010790   0x08010790   0x000000a8   Data   RO         1583    .rodata             rtx_lib.o
    0x08010838   0x08010838   0x00000010   Data   RO         3233    .rodata.D1CorePrescTable  system_stm32h7xx.o
    0x08010848   0x08010848   0x00000040   Data   RO         2544    .rodata.HAL_JPEG_Init.JPEG_CHROM_QuantTable  stm32h7xx_hal_jpeg.o
    0x08010888   0x08010888   0x00000040   Data   RO         2543    .rodata.HAL_JPEG_Init.JPEG_LUM_QuantTable  stm32h7xx_hal_jpeg.o
    0x080108c8   0x080108c8   0x000000b2   Data   RO         2546    .rodata.JPEG_ACCHROM_HuffTable  stm32h7xx_hal_jpeg.o
    0x0801097a   0x0801097a   0x000000b2   Data   RO         2545    .rodata.JPEG_ACLUM_HuffTable  stm32h7xx_hal_jpeg.o
    0x08010a2c   0x08010a2c   0x0000001c   Data   RO         2548    .rodata.JPEG_DCCHROM_HuffTable  stm32h7xx_hal_jpeg.o
    0x08010a48   0x08010a48   0x0000001c   Data   RO         2547    .rodata.JPEG_DCLUM_HuffTable  stm32h7xx_hal_jpeg.o
    0x08010a64   0x08010a64   0x00000040   Data   RO         2549    .rodata.JPEG_ZIGZAG_ORDER  stm32h7xx_hal_jpeg.o
    0x08010aa4   0x08010aa4   0x00000018   Data   RO         3164    .rodata.UARTPrescTable  stm32h7xx_hal_uart.o
    0x08010abc   0x08010abc   0x00000010   Data   RO           59    .rodata.cst16       system_thread.o
    0x08010acc   0x08010acc   0x00000008   Data   RO         2230    .rodata.cst8        stm32h7xx_hal_dma.o
    0x08010ad4   0x08010ad4   0x00000010   Data   RO         3203    .rodata.cst8        stm32h7xx_hal_uart_ex.o
    0x08010ae4   0x08010ae4   0x00000054   Data   RO          654    .rodata.gpio_table  hal_gpio_stm32h7.o
    0x08010b38   0x08010b38   0x00000040   Data   RO          307    .rodata.jpeg_expand  bsp_jpege.o
    0x08010b78   0x08010b78   0x00000048   Data   RO          513    .rodata.log_level_tbl  rte_log.o
    0x08010bc0   0x08010bc0   0x00000050   Data   RO           35    .rodata.mem_mutex_attr  rte_adapter_cmsis_rtos2.o
    0x08010c10   0x08010c10   0x00000004   Data   RO         1585    .rodata.osRtxUserSVC  rtx_lib.o
    0x08010c14   0x08010c14   0x00000024   Data   RO         1582    .rodata.os_idle_thread_attr  rtx_lib.o
    0x08010c38   0x08010c38   0x0000001e   Data   RO           41    .rodata.str1.1      rte_adapter_cmsis_rtos2.o
    0x08010c56   0x08010c56   0x0000003b   Data   RO           60    .rodata.str1.1      system_thread.o
    0x08010c91   0x08010c91   0x0000007c   Data   RO          306    .rodata.str1.1      bsp_jpege.o
    0x08010d0d   0x08010d0d   0x0000007a   Data   RO          512    .rodata.str1.1      rte_log.o
    0x08010d87   0x08010d87   0x0000035c   Data   RO          557    .rodata.str1.1      rte_memory.o
    0x080110e3   0x080110e3   0x00000161   Data   RO          593    .rodata.str1.1      rte_timer.o
    0x08011244   0x08011244   0x00000116   Data   RO          633    .rodata.str1.1      hal_com_stm32h7.o
    0x0801135a   0x0801135a   0x00000002   PAD
    0x0801135c   0x0801135c   0x0000000b   Data   RO         1559    .rodata.str1.4      rtx_kernel.o
    0x08011367   0x08011367   0x00000001   PAD
    0x08011368   0x08011368   0x00000070   Data   RO         3565    Region$$Table       anon$$obj.o


    Execution Region IRAM_MATH (Exec base: 0x20000000, Load base: 0x080113f8, Size: 0x00020000, Max: 0x00020000, ABSOLUTE, COMPRESSED[0x0000040c])

    Exec Addr    Load Addr    Size         Type   Attr      Idx    E Section Name        Object

    0x20000000   COMPRESSED   0x00020000   Data   RW           39    .RAM_MATH           rte_adapter_cmsis_rtos2.o


    Execution Region IRAM_FB (Exec base: 0x24000000, Load base: 0x08011804, Size: 0x00080000, Max: 0x00080000, ABSOLUTE, COMPRESSED[0x00001024])

    Exec Addr    Load Addr    Size         Type   Attr      Idx    E Section Name        Object

    0x24000000   COMPRESSED   0x00080000   Data   RW           38    .RAM_FB             rte_adapter_cmsis_rtos2.o


    Execution Region IRAM_RTE (Exec base: 0x30000000, Load base: 0x08012828, Size: 0x00040000, Max: 0x00040000, ABSOLUTE, COMPRESSED[0x00000814])

    Exec Addr    Load Addr    Size         Type   Attr      Idx    E Section Name        Object

    0x30000000   COMPRESSED   0x00040000   Data   RW           36    .RAM_RTE            rte_adapter_cmsis_rtos2.o


    Execution Region IRAM_DMA (Exec base: 0x30040000, Load base: 0x0801303c, Size: 0x00008000, Max: 0x00008000, ABSOLUTE, COMPRESSED[0x00000104])

    Exec Addr    Load Addr    Size         Type   Attr      Idx    E Section Name        Object

    0x30040000   COMPRESSED   0x00008000   Data   RW           37    .RAM_DMA            rte_adapter_cmsis_rtos2.o


    Execution Region IRAM_BACKUP (Exec base: 0x38000000, Load base: 0x08013140, Size: 0x00010000, Max: 0x00010000, ABSOLUTE, COMPRESSED[0x00000208])

    Exec Addr    Load Addr    Size         Type   Attr      Idx    E Section Name        Object

    0x38000000   COMPRESSED   0x00010000   Data   RW           40    .RAM_BACKUP         rte_adapter_cmsis_rtos2.o



  Load Region LR_ROM1 (Base: 0x90000000, Size: 0x00000000, Max: 0x00800000, ABSOLUTE)

    Execution Region ER_ROM1 (Exec base: 0x90000000, Load base: 0x90000000, Size: 0x00000000, Max: 0x00800000, ABSOLUTE)

    **** No section assigned to this execution region ****


==============================================================================

Image component sizes


      Code (inc. data)   RO Data    RW Data    ZI Data      Debug   Object Name

      2930          0        188          0         44      19996   bsp_jpege.o
        22          0          0          0        140      25342   bsp_sensor.o
       446          0          0          0        200       9972   dcmi.o
       118          0          0          0          0       5649   dma.o
      1120          0          0          0          0       9493   ds_vector.o
       294          0          0          0          0       3226   gpio.o
       158          0          0          0          0       4203   hal.o
      1302          0        278         80          0      11327   hal_com_stm32h7.o
        24          0         84          0          0       3049   hal_gpio_stm32h7.o
        44          0          0          0         68       8774   hal_qspi_stm32h7.o
        22          0          0          0         72       8076   hal_spi_stm32h7.o
       256          0          0          0         76       8248   i2c.o
       260         16          0          0          0        773   irq_armv7m.o
       270          0          0          0        304       9901   jpeg.o
       468          0          0          0          0       7370   main.o
        52          0          0          0          0       5611   mdma.o
       140          0          0          0          1       6701   os_systick.o
       366          0          0          0         76      11414   quadspi.o
       944          0        110    1015808        120       6403   rte_adapter_cmsis_rtos2.o
      6374          0        194         52          0      15642   rte_log.o
      5920          0        860          0         80      25425   rte_memory.o
      1116          0        353          0         12       7726   rte_timer.o
         4          0          0          0          0        563   rtx_config.o
       114          0          0          0          0       3175   rtx_delay.o
       116          0          0          0          0      23972   rtx_evr.o
       804          0         11        164          0      18584   rtx_kernel.o
       146          0        208          0      33413       7315   rtx_lib.o
       416          0          0          0          0       3191   rtx_memory.o
       350          0          0          0          0      19711   rtx_mempool.o
      1274          0          0          0          0      10470   rtx_mutex.o
       886          0          0          0          0      11175   rtx_semaphore.o
       452          0          0          0          0       6508   rtx_system.o
      3902          0          0          0          0      51847   rtx_thread.o
       328          0          0          0        256      11726   spi.o
        64         26        664          0       1536        872   startup_stm32h743xx.o
       176          0          0          8          0      15252   stm32h7xx_hal.o
       358          0          0          0          0      12640   stm32h7xx_hal_cortex.o
       346          0          0          0          0       9584   stm32h7xx_hal_dcmi.o
      7968          0          8          0          0      18446   stm32h7xx_hal_dma.o
       512          0          0          0          0       7506   stm32h7xx_hal_gpio.o
       162          0          0          0          0      60885   stm32h7xx_hal_i2c.o
       146          0          0          0          0       7790   stm32h7xx_hal_i2c_ex.o
      5432          0        604          0          0      34204   stm32h7xx_hal_jpeg.o
       782          0          0          0          0      16195   stm32h7xx_hal_mdma.o
        32          0          0          0          0       2409   stm32h7xx_hal_msp.o
       910          0          0          0          0      23535   stm32h7xx_hal_qspi.o
       640          0          0          0          0      11925   stm32h7xx_hal_rcc.o
      4886          0          0          0          0      21052   stm32h7xx_hal_rcc_ex.o
      1244          0          0          0          0      24578   stm32h7xx_hal_spi.o
      6900          0         24          0          0      31339   stm32h7xx_hal_uart.o
       992          0         16          0          0      11100   stm32h7xx_hal_uart_ex.o
       150          0          0          0          0      12220   stm32h7xx_it.o
       218          0         16          8          0       6044   system_stm32h7xx.o
       250          0         75          0          8       5374   system_thread.o
       406          0          0          0        384      11675   usart.o

    ----------------------------------------------------------------------
     65298         42       3808    1016120      36800     727183   Object Totals
         0          0        112          0          0          0   (incl. Generated)
      1286          0          3          0         10          0   (incl. Padding)

    ----------------------------------------------------------------------

      Code (inc. data)   RO Data    RW Data    ZI Data      Debug   Library Member Name

        58          0          0          0          0          0   __dczerorl.o
         8          0          0          0          0         68   __main.o
         0          0          0          0          0          0   __rtentry.o
        20          0          0          0          0          0   __rtentry2.o
         6          0          0          0          0          0   __rtentry4.o
        52          8          0          0          0          0   __scatter.o
        28          0          0          0          0          0   __scatter_zi.o
        16          0          0          0          0         68   aeabi_memset.o
        16          0          0          0          0         68   aeabi_memset4.o
        18          0          0          0          0         80   exit.o
         6          0          0          0          0        152   heapauxi.o
         0          0          0          0          0          0   indicate_semi.o
         2          0          0          0          0          0   libinit.o
         6          0          0          0          0          0   libinit2.o
         2          0          0          0          0          0   libshutdown.o
         2          0          0          0          0          0   libshutdown2.o
         8          4          0          0         96         68   libspace.o
       240          0          0          0          0        100   lludivv7m.o
        68          0          0          0          0         68   rt_memclr.o
        78          0          0          0          0         80   rt_memclr_w.o
       138          0          0          0          0         68   rt_memcpy_v6.o
       100          0          0          0          0         80   rt_memcpy_w.o
       132          0          0          0          0         68   rt_memmove_v6.o
       122          0          0          0          0         80   rt_memmove_w.o
         2          0          0          0          0          0   rtexit.o
        10          0          0          0          0          0   rtexit2.o
       124          0          0          0          0         88   strcmpv7m_pel.o
        86          0          0          0          0         76   strncpy.o
        36          0          0          0          0         80   strstr.o
        12          4          0          0          0         68   sys_exit.o
        74          0          0          0          0         80   sys_stackheap_outer.o
         2          0          0          0          0         68   use_no_semi.o
        26          0          0          0          0        116   fpinit.o

    ----------------------------------------------------------------------
      1510         16          0          0         96       1624   Library Totals
        12          0          0          0          0          0   (incl. Padding)

    ----------------------------------------------------------------------

      Code (inc. data)   RO Data    RW Data    ZI Data      Debug   Library Name

      1472         16          0          0         96       1508   c_w.l
        26          0          0          0          0        116   fz_wv.l

    ----------------------------------------------------------------------
      1510         16          0          0         96       1624   Library Totals

    ----------------------------------------------------------------------

==============================================================================


      Code (inc. data)   RO Data    RW Data    ZI Data      Debug   

     66808         58       3808    1016120      36896     726987   Grand Totals
     66808         58       3808       8048      36896     726987   ELF Image Totals (compressed)
     66808         58       3808       8048          0          0   ROM Totals

==============================================================================

    Total RO  Size (Code + RO Data)                70616 (  68.96kB)
    Total RW  Size (RW Data + ZI Data)           1053016 (1028.34kB)
    Total ROM Size (Code + RO Data + RW Data)      78664 (  76.82kB)

==============================================================================

