Component: ARM Compiler 6.16 Tool: armlink [5dfeaa00]

==============================================================================

Section Cross References

    startup_stm32h743xx.o(STACK) refers (Special) to heapauxi.o(.text) for __use_two_region_memory
    startup_stm32h743xx.o(HEAP) refers (Special) to heapauxi.o(.text) for __use_two_region_memory
    startup_stm32h743xx.o(RESET) refers (Special) to heapauxi.o(.text) for __use_two_region_memory
    startup_stm32h743xx.o(RESET) refers to startup_stm32h743xx.o(STACK) for __initial_sp
    startup_stm32h743xx.o(RESET) refers to startup_stm32h743xx.o(.text) for Reset_Handler
    startup_stm32h743xx.o(RESET) refers to lto-llvm-d3ecdc.o(.text.NMI_Handler) for NMI_Handler
    startup_stm32h743xx.o(RESET) refers to lto-llvm-d3ecdc.o(.text.HardFault_Handler) for HardFault_Handler
    startup_stm32h743xx.o(RESET) refers to lto-llvm-d3ecdc.o(.text.MemManage_Handler) for MemManage_Handler
    startup_stm32h743xx.o(RESET) refers to lto-llvm-d3ecdc.o(.text.BusFault_Handler) for BusFault_Handler
    startup_stm32h743xx.o(RESET) refers to lto-llvm-d3ecdc.o(.text.UsageFault_Handler) for UsageFault_Handler
    startup_stm32h743xx.o(RESET) refers to irq_armv7m.o(.text) for SVC_Handler
    startup_stm32h743xx.o(RESET) refers to lto-llvm-d3ecdc.o(.text.DebugMon_Handler) for DebugMon_Handler
    startup_stm32h743xx.o(RESET) refers to lto-llvm-d3ecdc.o(.text.DMA1_Stream0_IRQHandler) for DMA1_Stream0_IRQHandler
    startup_stm32h743xx.o(RESET) refers to lto-llvm-d3ecdc.o(.text.USART1_IRQHandler) for USART1_IRQHandler
    startup_stm32h743xx.o(.text) refers (Special) to heapauxi.o(.text) for __use_two_region_memory
    startup_stm32h743xx.o(.text) refers to lto-llvm-d3ecdc.o(.text.SystemInit) for SystemInit
    startup_stm32h743xx.o(.text) refers to __main.o(!!!main) for __main
    startup_stm32h743xx.o(.text) refers to startup_stm32h743xx.o(HEAP) for Heap_Mem
    startup_stm32h743xx.o(.text) refers to startup_stm32h743xx.o(STACK) for Stack_Mem
    rtx_kernel.o(.ARM.exidx.text.osRtxKernelPreInit) refers to rtx_kernel.o(.text.osRtxKernelPreInit) for [Anonymous Symbol]
    rtx_kernel.o(.text.osRtxKernelErrorNotify) refers to lto-llvm-d3ecdc.o(.text.osRtxErrorNotify) for osRtxErrorNotify
    rtx_kernel.o(.ARM.exidx.text.osRtxKernelErrorNotify) refers to rtx_kernel.o(.text.osRtxKernelErrorNotify) for [Anonymous Symbol]
    rtx_kernel.o(.text.osKernelInitialize) refers to rtx_kernel.o(.text.osRtxKernelPreInit) for osRtxKernelPreInit
    rtx_kernel.o(.text.osKernelInitialize) refers to rtx_kernel.o(.text.svcRtxKernelInitialize) for svcRtxKernelInitialize
    rtx_kernel.o(.ARM.exidx.text.osKernelInitialize) refers to rtx_kernel.o(.text.osKernelInitialize) for [Anonymous Symbol]
    rtx_kernel.o(.text.osKernelGetInfo) refers to rtx_kernel.o(.text.svcRtxKernelGetInfo) for svcRtxKernelGetInfo
    rtx_kernel.o(.ARM.exidx.text.osKernelGetInfo) refers to rtx_kernel.o(.text.osKernelGetInfo) for [Anonymous Symbol]
    rtx_kernel.o(.text.svcRtxKernelGetInfo) refers to rt_memcpy_v6.o(.text) for __aeabi_memcpy
    rtx_kernel.o(.text.svcRtxKernelGetInfo) refers to rtx_kernel.o(.rodata.str1.4) for [Anonymous Symbol]
    rtx_kernel.o(.ARM.exidx.text.svcRtxKernelGetInfo) refers to rtx_kernel.o(.text.svcRtxKernelGetInfo) for [Anonymous Symbol]
    rtx_kernel.o(.text.osKernelGetState) refers to rtx_kernel.o(.text.svcRtxKernelGetState) for svcRtxKernelGetState
    rtx_kernel.o(.text.osKernelGetState) refers to rtx_kernel.o(.data.os) for osRtxInfo
    rtx_kernel.o(.ARM.exidx.text.osKernelGetState) refers to rtx_kernel.o(.text.osKernelGetState) for [Anonymous Symbol]
    rtx_kernel.o(.text.svcRtxKernelGetState) refers to rtx_kernel.o(.data.os) for osRtxInfo
    rtx_kernel.o(.ARM.exidx.text.svcRtxKernelGetState) refers to rtx_kernel.o(.text.svcRtxKernelGetState) for [Anonymous Symbol]
    rtx_kernel.o(.text.osKernelStart) refers to rtx_kernel.o(.text.OUTLINED_FUNCTION_1) for OUTLINED_FUNCTION_1
    rtx_kernel.o(.text.osKernelStart) refers to rtx_kernel.o(.text.svcRtxKernelStart) for svcRtxKernelStart
    rtx_kernel.o(.ARM.exidx.text.osKernelStart) refers to rtx_kernel.o(.text.osKernelStart) for [Anonymous Symbol]
    rtx_kernel.o(.text.osKernelLock) refers to rtx_kernel.o(.text.OUTLINED_FUNCTION_1) for OUTLINED_FUNCTION_1
    rtx_kernel.o(.text.osKernelLock) refers to rtx_kernel.o(.text.svcRtxKernelLock) for svcRtxKernelLock
    rtx_kernel.o(.ARM.exidx.text.osKernelLock) refers to rtx_kernel.o(.text.osKernelLock) for [Anonymous Symbol]
    rtx_kernel.o(.text.osKernelUnlock) refers to rtx_kernel.o(.text.OUTLINED_FUNCTION_1) for OUTLINED_FUNCTION_1
    rtx_kernel.o(.text.osKernelUnlock) refers to rtx_kernel.o(.text.svcRtxKernelUnlock) for svcRtxKernelUnlock
    rtx_kernel.o(.ARM.exidx.text.osKernelUnlock) refers to rtx_kernel.o(.text.osKernelUnlock) for [Anonymous Symbol]
    rtx_kernel.o(.text.osKernelRestoreLock) refers to rtx_kernel.o(.text.OUTLINED_FUNCTION_1) for OUTLINED_FUNCTION_1
[...]
    __arm_cp.8_7                             0x08008070   Number         4  lto-llvm-d3ecdc.o(.text.userShellRead)
    __arm_cp.8_8                             0x08008074   Number         4  lto-llvm-d3ecdc.o(.text.userShellRead)
    __arm_cp.8_9                             0x08008078   Number         4  lto-llvm-d3ecdc.o(.text.userShellRead)
    __arm_cp.8_10                            0x0800807c   Number         4  lto-llvm-d3ecdc.o(.text.userShellRead)
    __arm_cp.8_11                            0x08008080   Number         4  lto-llvm-d3ecdc.o(.text.userShellRead)
    __arm_cp.8_12                            0x08008084   Number         4  lto-llvm-d3ecdc.o(.text.userShellRead)
    __arm_cp.8_13                            0x08008088   Number         4  lto-llvm-d3ecdc.o(.text.userShellRead)
    __arm_cp.8_14                            0x0800808c   Number         4  lto-llvm-d3ecdc.o(.text.userShellRead)
    __arm_cp.8_15                            0x08008090   Number         4  lto-llvm-d3ecdc.o(.text.userShellRead)
    __arm_cp.8_16                            0x08008094   Number         4  lto-llvm-d3ecdc.o(.text.userShellRead)
    __arm_cp.8_17                            0x08008098   Number         4  lto-llvm-d3ecdc.o(.text.userShellRead)
    __arm_cp.8_18                            0x0800809c   Number         4  lto-llvm-d3ecdc.o(.text.userShellRead)
    __arm_cp.8_19                            0x080080a0   Number         4  lto-llvm-d3ecdc.o(.text.userShellRead)
    __arm_cp.8_20                            0x080080a4   Number         4  lto-llvm-d3ecdc.o(.text.userShellRead)
    __arm_cp.8_21                            0x080080a8   Number         4  lto-llvm-d3ecdc.o(.text.userShellRead)
    __arm_cp.8_22                            0x080080ac   Number         4  lto-llvm-d3ecdc.o(.text.userShellRead)
    __arm_cp.8_23                            0x080080b0   Number         4  lto-llvm-d3ecdc.o(.text.userShellRead)
    __arm_cp.8_24                            0x080080b4   Number         4  lto-llvm-d3ecdc.o(.text.userShellRead)
    __arm_cp.8_25                            0x080080b8   Number         4  lto-llvm-d3ecdc.o(.text.userShellRead)
    __arm_cp.8_26                            0x080080bc   Number         4  lto-llvm-d3ecdc.o(.text.userShellRead)
    __arm_cp.8_27                            0x080080c0   Number         4  lto-llvm-d3ecdc.o(.text.userShellRead)
    __arm_cp.8_28                            0x080080c4   Number         4  lto-llvm-d3ecdc.o(.text.userShellRead)
    __arm_cp.8_29                            0x080080c8   Number         4  lto-llvm-d3ecdc.o(.text.userShellRead)
    __arm_cp.8_30                            0x080080cc   Number         4  lto-llvm-d3ecdc.o(.text.userShellRead)
    __arm_cp.8_31                            0x080080d0   Number         4  lto-llvm-d3ecdc.o(.text.userShellRead)
    userShellWrite                           0x080080d5   Thumb Code    12  lto-llvm-d3ecdc.o(.text.userShellWrite)
    [Anonymous Symbol]                       0x080080d4   Section        0  lto-llvm-d3ecdc.o(.text.userShellWrite)
    $v0                                      0x080080e0   Number         0  fpinit.o(x$fpl$fpinit)
    x$fpl$fpinit                             0x080080e0   Section       26  fpinit.o(x$fpl$fpinit)
    mem_mutex_attr                           0x080080fc   Data          32  lto-llvm-d3ecdc.o(.rodata)
    [Anonymous Symbol]                       0x080080fc   Section        0  lto-llvm-d3ecdc.o(.rodata)
    log_level_tbl                            0x0800811c   Data          72  lto-llvm-d3ecdc.o(.rodata)
    shellCmdDefaultUser                      0x08008164   Data           7  lto-llvm-d3ecdc.o(.rodata)
    shellPasswordDefaultUser                 0x0800816b   Data           1  lto-llvm-d3ecdc.o(.rodata)
    shellDesDefaultUser                      0x0800816c   Data          13  lto-llvm-d3ecdc.o(.rodata)
    shellCmdsetVar                           0x08008179   Data           7  lto-llvm-d3ecdc.o(.rodata)
    shellDescsetVar                          0x08008180   Data           8  lto-llvm-d3ecdc.o(.rodata)
    shellDesc0x1B5B4100                      0x08008188   Data           3  lto-llvm-d3ecdc.o(.rodata)
    shellDesc0x1B5B4200                      0x0800818b   Data           5  lto-llvm-d3ecdc.o(.rodata)
    shellDesc0x1B5B4300                      0x08008190   Data           6  lto-llvm-d3ecdc.o(.rodata)
    shellDesc0x1B5B4400                      0x08008196   Data           5  lto-llvm-d3ecdc.o(.rodata)
    shellDesc0x09000000                      0x0800819b   Data           4  lto-llvm-d3ecdc.o(.rodata)
    shellDesc0x08000000                      0x0800819f   Data          10  lto-llvm-d3ecdc.o(.rodata)
    shellDesc0x7F000000                      0x080081a9   Data          10  lto-llvm-d3ecdc.o(.rodata)
    shellDesc0x1B5B337E                      0x080081b3   Data           7  lto-llvm-d3ecdc.o(.rodata)
    shellDesc0x0A000000                      0x080081ba   Data           6  lto-llvm-d3ecdc.o(.rodata)
    shellDesc0x0D000000                      0x080081c0   Data           6  lto-llvm-d3ecdc.o(.rodata)
    shellCmdhelp                             0x080081c6   Data           5  lto-llvm-d3ecdc.o(.rodata)
    shellDeschelp                            0x080081cb   Data          30  lto-llvm-d3ecdc.o(.rodata)
    shellCmdusers                            0x080081e9   Data           6  lto-llvm-d3ecdc.o(.rodata)
    shellDescusers                           0x080081ef   Data          14  lto-llvm-d3ecdc.o(.rodata)
    shellCmdcmds                             0x080081fd   Data           5  lto-llvm-d3ecdc.o(.rodata)
    shellDesccmds                            0x08008202   Data          13  lto-llvm-d3ecdc.o(.rodata)
    shellCmdvars                             0x0800820f   Data           5  lto-llvm-d3ecdc.o(.rodata)
    shellDescvars                            0x08008214   Data          13  lto-llvm-d3ecdc.o(.rodata)
    shellCmdkeys                             0x08008221   Data           5  lto-llvm-d3ecdc.o(.rodata)
    shellDesckeys                            0x08008226   Data          13  lto-llvm-d3ecdc.o(.rodata)
    shellCmdclear                            0x08008233   Data           6  lto-llvm-d3ecdc.o(.rodata)
    shellDescclear                           0x08008239   Data          14  lto-llvm-d3ecdc.o(.rodata)
    __tagsym$$used.22                        0x08008248   Number         0  lto-llvm-d3ecdc.o(.rodata)
    os_idle_thread_attr                      0x080082b8   Data          36  lto-llvm-d3ecdc.o(.rodata)
    __tagsym$$used.23                        0x080082e0   Number         0  lto-llvm-d3ecdc.o(.rodata)
    UARTPrescTable                           0x08008318   Data          24  lto-llvm-d3ecdc.o(.rodata)
    D1CorePrescTable                         0x08008330   Data          16  lto-llvm-d3ecdc.o(.rodata.cst16)
    [Anonymous Symbol]                       0x08008330   Section        0  lto-llvm-d3ecdc.o(.rodata.cst16)
    DMA_CalcBaseAndBitshift.flagBitshiftOffset 0x08008340   Data           8  lto-llvm-d3ecdc.o(.rodata.cst8)
    [Anonymous Symbol]                       0x08008340   Section        0  lto-llvm-d3ecdc.o(.rodata.cst8)
    [Anonymous Symbol]                       0x08008358   Section        0  lto-llvm-d3ecdc.o(.rodata.str1.1)
    [Anonymous Symbol]                       0x08008784   Section        0  rtx_kernel.o(.rodata.str1.4)
    [Anonymous Symbol]                       0x08008790   Section        0  lto-llvm-d3ecdc.o(.rodata.str1.4)
    __tagsym$$used.4                         0x080087dc   Number         0  lto-llvm-d3ecdc.o(shellCommand)
    __tagsym$$used.5                         0x080087ec   Number         0  lto-llvm-d3ecdc.o(shellCommand)
    __tagsym$$used.6                         0x080087fc   Number         0  lto-llvm-d3ecdc.o(shellCommand)
    __tagsym$$used.7                         0x0800880c   Number         0  lto-llvm-d3ecdc.o(shellCommand)
    __tagsym$$used.8                         0x0800881c   Number         0  lto-llvm-d3ecdc.o(shellCommand)
    __tagsym$$used.9                         0x0800882c   Number         0  lto-llvm-d3ecdc.o(shellCommand)
    __tagsym$$used.10                        0x0800883c   Number         0  lto-llvm-d3ecdc.o(shellCommand)
    __tagsym$$used.11                        0x0800884c   Number         0  lto-llvm-d3ecdc.o(shellCommand)
    __tagsym$$used.12                        0x0800885c   Number         0  lto-llvm-d3ecdc.o(shellCommand)
    __tagsym$$used.13                        0x0800886c   Number         0  lto-llvm-d3ecdc.o(shellCommand)
    __tagsym$$used.14                        0x0800887c   Number         0  lto-llvm-d3ecdc.o(shellCommand)
    __tagsym$$used.15                        0x0800888c   Number         0  lto-llvm-d3ecdc.o(shellCommand)
    __tagsym$$used.16                        0x0800889c   Number         0  lto-llvm-d3ecdc.o(shellCommand)
    __tagsym$$used.17                        0x080088ac   Number         0  lto-llvm-d3ecdc.o(shellCommand)
    __tagsym$$used.18                        0x080088bc   Number         0  lto-llvm-d3ecdc.o(shellCommand)
    __tagsym$$used.19                        0x080088cc   Number         0  lto-llvm-d3ecdc.o(shellCommand)
    __tagsym$$used.20                        0x080088dc   Number         0  lto-llvm-d3ecdc.o(shellCommand)
    __tagsym$$used.21                        0x080088ec   Number         0  lto-llvm-d3ecdc.o(shellCommand)
    dma_buffer                               0x30040000   Data       32768  lto-llvm-d3ecdc.o(.RAM_DMA)
    [Anonymous Symbol]                       0x30040000   Section        0  lto-llvm-d3ecdc.o(.RAM_DMA)
    mempool_buffer                           0x38000000   Data       65536  lto-llvm-d3ecdc.o(.RAM_RTE)
    [Anonymous Symbol]                       0x38000000   Section        0  lto-llvm-d3ecdc.o(.RAM_RTE)
    FPCCR                                    0xe000ef34   Number         0  irq_armv7m.o ABSOLUTE

    Global Symbols

    Symbol Name                              Value     Ov Type        Size  Object(Section)

    BuildAttributes$$THM_ISAv4$E$P$D$K$B$S$7EM$VFPv5_D16$PE$PLD8$A:L22UL41UL21$X:L11$S22US41US21$IEEE1$IW$~IW$USESV6$~STKCKD$USESV7$~SHL$OTIME$ROPI$IEEEF$EBA8$UX$STANDARDLIB$REQ8$PRES8$EABIv2 0x00000000   Number         0  anon$$obj.o ABSOLUTE
    SystemCoreClock                          0x00000000   Data           4  lto-llvm-d3ecdc.o(.data)
    _printf_flags                            0x00000000   Number         0  printf_stubs.o ABSOLUTE
    _printf_return_value                     0x00000000   Number         0  printf_stubs.o ABSOLUTE
    _printf_sizespec                         0x00000000   Number         0  printf_stubs.o ABSOLUTE
    _printf_widthprec                        0x00000000   Number         0  printf_stubs.o ABSOLUTE
    .bss.os.evflags.cb$$Base                  - Undefined Weak Reference
    .bss.os.evflags.cb$$Limit                 - Undefined Weak Reference
    .bss.os.mempool.cb$$Base                  - Undefined Weak Reference
    .bss.os.mempool.cb$$Limit                 - Undefined Weak Reference
    .bss.os.msgqueue.cb$$Base                 - Undefined Weak Reference
    .bss.os.msgqueue.cb$$Limit                - Undefined Weak Reference
    .bss.os.mutex.cb$$Base                    - Undefined Weak Reference
    .bss.os.mutex.cb$$Limit                   - Undefined Weak Reference
    .bss.os.semaphore.cb$$Base                - Undefined Weak Reference
    .bss.os.semaphore.cb$$Limit               - Undefined Weak Reference
    .bss.os.timer.cb$$Base                    - Undefined Weak Reference
    .bss.os.timer.cb$$Limit                   - Undefined Weak Reference
    __ARM_exceptions_init                     - Undefined Weak Reference
    __alloca_initialize                       - Undefined Weak Reference
    __arm_preinit_                            - Undefined Weak Reference
    __cpp_initialize__aeabi_                  - Undefined Weak Reference
    __cxa_finalize                            - Undefined Weak Reference
    __sigvec_lookup                           - Undefined Weak Reference
    _atexit_init                              - Undefined Weak Reference
    _call_atexit_fns                          - Undefined Weak Reference
    _clock_init                               - Undefined Weak Reference
    _fp_trap_init                             - Undefined Weak Reference
    _fp_trap_shutdown                         - Undefined Weak Reference
    _get_lc_collate                           - Undefined Weak Reference
    _get_lc_monetary                          - Undefined Weak Reference
    _get_lc_time                              - Undefined Weak Reference
    _getenv_init                              - Undefined Weak Reference
    _handle_redirection                       - Undefined Weak Reference
    _init_alloc                               - Undefined Weak Reference
    _init_user_alloc                          - Undefined Weak Reference
    _initio                                   - Undefined Weak Reference
    _printf_mbtowc                            - Undefined Weak Reference
    _printf_wc                                - Undefined Weak Reference
    _rand_init                                - Undefined Weak Reference
    _signal_finish                            - Undefined Weak Reference
    _signal_init                              - Undefined Weak Reference
    _terminate_alloc                          - Undefined Weak Reference
    _terminate_user_alloc                     - Undefined Weak Reference
    _terminateio                              - Undefined Weak Reference
    osRtxInfo                                0x00000060   Data         164  rtx_kernel.o(.data.os)
    __libspace_start                         0x00000108   Data          96  libspace.o(.bss)
    __temporary_stack_top$libspace           0x00000168   Data           0  libspace.o(.bss)
    __Vectors_Size                           0x00000298   Number         0  startup_stm32h743xx.o ABSOLUTE
    .bss.os.thread.cb$$Base                  0x00002db0   Number         0  lto-llvm-d3ecdc.o(.bss.os.thread.cb)
    .bss.os.thread.cb$$Limit                 0x00002df4   Number         0  lto-llvm-d3ecdc.o(.bss.os.thread.cb)
    __Vectors                                0x08000000   Data           4  startup_stm32h743xx.o(RESET)
    __Vectors_End                            0x08000298   Data           0  startup_stm32h743xx.o(RESET)
    __main                                   0x08000299   Thumb Code     8  __main.o(!!!main)
    __scatterload                            0x080002a1   Thumb Code     0  __scatter.o(!!!scatter)
    __scatterload_rt2                        0x080002a1   Thumb Code    44  __scatter.o(!!!scatter)
    __scatterload_rt2_thumb_only             0x080002a1   Thumb Code     0  __scatter.o(!!!scatter)
    __scatterload_null                       0x080002af   Thumb Code     0  __scatter.o(!!!scatter)
    __decompress                             0x080002d5   Thumb Code    58  __dczerorl.o(!!dczerorl)
    __decompress0                            0x080002d5   Thumb Code     0  __dczerorl.o(!!dczerorl)
    __scatterload_copy                       0x08000311   Thumb Code    26  __scatter_copy.o(!!handler_copy)
    __scatterload_zeroinit                   0x0800032d   Thumb Code    28  __scatter_zi.o(!!handler_zi)
    __rt_lib_init                            0x08000349   Thumb Code     0  libinit.o(.ARM.Collect$$libinit$$00000000)
    __rt_lib_init_fp_1                       0x0800034b   Thumb Code     0  libinit2.o(.ARM.Collect$$libinit$$00000001)
    __rt_lib_init_alloca_1                   0x0800034f   Thumb Code     0  libinit2.o(.ARM.Collect$$libinit$$0000002E)
    __rt_lib_init_argv_1                     0x0800034f   Thumb Code     0  libinit2.o(.ARM.Collect$$libinit$$0000002C)
    __rt_lib_init_atexit_1                   0x0800034f   Thumb Code     0  libinit2.o(.ARM.Collect$$libinit$$0000001B)
    __rt_lib_init_clock_1                    0x0800034f   Thumb Code     0  libinit2.o(.ARM.Collect$$libinit$$00000021)
    __rt_lib_init_cpp_1                      0x0800034f   Thumb Code     0  libinit2.o(.ARM.Collect$$libinit$$00000032)
    __rt_lib_init_exceptions_1               0x0800034f   Thumb Code     0  libinit2.o(.ARM.Collect$$libinit$$00000030)
    __rt_lib_init_fp_trap_1                  0x0800034f   Thumb Code     0  libinit2.o(.ARM.Collect$$libinit$$0000001F)
    __rt_lib_init_getenv_1                   0x0800034f   Thumb Code     0  libinit2.o(.ARM.Collect$$libinit$$00000023)
    __rt_lib_init_heap_1                     0x0800034f   Thumb Code     0  libinit2.o(.ARM.Collect$$libinit$$0000000A)
    __rt_lib_init_lc_collate_1               0x0800034f   Thumb Code     0  libinit2.o(.ARM.Collect$$libinit$$00000011)
    __rt_lib_init_lc_ctype_1                 0x0800034f   Thumb Code     0  libinit2.o(.ARM.Collect$$libinit$$00000013)
    __rt_lib_init_lc_monetary_1              0x0800034f   Thumb Code     0  libinit2.o(.ARM.Collect$$libinit$$00000015)
    __rt_lib_init_lc_numeric_1               0x0800034f   Thumb Code     0  libinit2.o(.ARM.Collect$$libinit$$00000017)
    __rt_lib_init_lc_time_1                  0x0800034f   Thumb Code     0  libinit2.o(.ARM.Collect$$libinit$$00000019)
    __rt_lib_init_preinit_1                  0x0800034f   Thumb Code     0  libinit2.o(.ARM.Collect$$libinit$$00000004)
    __rt_lib_init_rand_1                     0x0800034f   Thumb Code     0  libinit2.o(.ARM.Collect$$libinit$$0000000E)
    __rt_lib_init_return                     0x0800034f   Thumb Code     0  libinit2.o(.ARM.Collect$$libinit$$00000033)
    __rt_lib_init_signal_1                   0x0800034f   Thumb Code     0  libinit2.o(.ARM.Collect$$libinit$$0000001D)
    __rt_lib_init_stdio_1                    0x0800034f   Thumb Code     0  libinit2.o(.ARM.Collect$$libinit$$00000025)
    __rt_lib_init_user_alloc_1               0x0800034f   Thumb Code     0  libinit2.o(.ARM.Collect$$libinit$$0000000C)
    __rt_lib_shutdown                        0x08000351   Thumb Code     0  libshutdown.o(.ARM.Collect$$libshutdown$$00000000)
    __rt_lib_shutdown_cpp_1                  0x08000353   Thumb Code     0  libshutdown2.o(.ARM.Collect$$libshutdown$$00000002)
    __rt_lib_shutdown_fp_trap_1              0x08000353   Thumb Code     0  libshutdown2.o(.ARM.Collect$$libshutdown$$00000007)
    __rt_lib_shutdown_heap_1                 0x08000353   Thumb Code     0  libshutdown2.o(.ARM.Collect$$libshutdown$$0000000F)
    __rt_lib_shutdown_return                 0x08000353   Thumb Code     0  libshutdown2.o(.ARM.Collect$$libshutdown$$00000010)
    __rt_lib_shutdown_signal_1               0x08000353   Thumb Code     0  libshutdown2.o(.ARM.Collect$$libshutdown$$0000000A)
    __rt_lib_shutdown_stdio_1                0x08000353   Thumb Code     0  libshutdown2.o(.ARM.Collect$$libshutdown$$00000004)
    __rt_lib_shutdown_user_alloc_1           0x08000353   Thumb Code     0  libshutdown2.o(.ARM.Collect$$libshutdown$$0000000C)
    __rt_entry                               0x08000355   Thumb Code     0  __rtentry.o(.ARM.Collect$$rtentry$$00000000)
    __rt_entry_presh_1                       0x08000355   Thumb Code     0  __rtentry2.o(.ARM.Collect$$rtentry$$00000002)
    __rt_entry_sh                            0x08000355   Thumb Code     0  __rtentry4.o(.ARM.Collect$$rtentry$$00000004)
    __rt_entry_postsh_1                      0x0800035b   Thumb Code     0  __rtentry2.o(.ARM.Collect$$rtentry$$00000008)
    __rt_entry_li                            0x08000363   Thumb Code     0  __rtentry2.o(.ARM.Collect$$rtentry$$0000000A)
    __rt_entry_main                          0x08000367   Thumb Code     0  __rtentry2.o(.ARM.Collect$$rtentry$$0000000D)
    __rt_entry_postli_1                      0x08000367   Thumb Code     0  __rtentry2.o(.ARM.Collect$$rtentry$$0000000C)
    __rt_exit                                0x0800036f   Thumb Code     0  rtexit.o(.ARM.Collect$$rtexit$$00000000)
    __rt_exit_ls                             0x08000371   Thumb Code     0  rtexit2.o(.ARM.Collect$$rtexit$$00000003)
    __rt_exit_prels_1                        0x08000371   Thumb Code     0  rtexit2.o(.ARM.Collect$$rtexit$$00000002)
    __rt_exit_exit                           0x08000375   Thumb Code     0  rtexit2.o(.ARM.Collect$$rtexit$$00000004)
    Reset_Handler                            0x0800037d   Thumb Code     8  startup_stm32h743xx.o(.text)
    ADC3_IRQHandler                          0x08000397   Thumb Code     0  startup_stm32h743xx.o(.text)
    ADC_IRQHandler                           0x08000397   Thumb Code     0  startup_stm32h743xx.o(.text)
    BDMA_Channel0_IRQHandler                 0x08000397   Thumb Code     0  startup_stm32h743xx.o(.text)
    BDMA_Channel1_IRQHandler                 0x08000397   Thumb Code     0  startup_stm32h743xx.o(.text)
    BDMA_Channel2_IRQHandler                 0x08000397   Thumb Code     0  startup_stm32h743xx.o(.text)
    BDMA_Channel3_IRQHandler                 0x08000397   Thumb Code     0  startup_stm32h743xx.o(.text)
    BDMA_Channel4_IRQHandler                 0x08000397   Thumb Code     0  startup_stm32h743xx.o(.text)
    BDMA_Channel5_IRQHandler                 0x08000397   Thumb Code     0  startup_stm32h743xx.o(.text)
    BDMA_Channel6_IRQHandler                 0x08000397   Thumb Code     0  startup_stm32h743xx.o(.text)
    BDMA_Channel7_IRQHandler                 0x08000397   Thumb Code     0  startup_stm32h743xx.o(.text)
    CEC_IRQHandler                           0x08000397   Thumb Code     0  startup_stm32h743xx.o(.text)
    COMP1_IRQHandler                         0x08000397   Thumb Code     0  startup_stm32h743xx.o(.text)
    CRS_IRQHandler                           0x08000397   Thumb Code     0  startup_stm32h743xx.o(.text)
    DCMI_IRQHandler                          0x08000397   Thumb Code     0  startup_stm32h743xx.o(.text)
    DFSDM1_FLT0_IRQHandler                   0x08000397   Thumb Code     0  startup_stm32h743xx.o(.text)
    DFSDM1_FLT1_IRQHandler                   0x08000397   Thumb Code     0  startup_stm32h743xx.o(.text)
    DFSDM1_FLT2_IRQHandler                   0x08000397   Thumb Code     0  startup_stm32h743xx.o(.text)
    DFSDM1_FLT3_IRQHandler                   0x08000397   Thumb Code     0  startup_stm32h743xx.o(.text)
    DMA1_Stream1_IRQHandler                  0x08000397   Thumb Code     0  startup_stm32h743xx.o(.text)
    DMA1_Stream2_IRQHandler                  0x08000397   Thumb Code     0  startup_stm32h743xx.o(.text)
    DMA1_Stream3_IRQHandler                  0x08000397   Thumb Code     0  startup_stm32h743xx.o(.text)
    DMA1_Stream4_IRQHandler                  0x08000397   Thumb Code     0  startup_stm32h743xx.o(.text)
    DMA1_Stream5_IRQHandler                  0x08000397   Thumb Code     0  startup_stm32h743xx.o(.text)
    DMA1_Stream6_IRQHandler                  0x08000397   Thumb Code     0  startup_stm32h743xx.o(.text)
    DMA1_Stream7_IRQHandler                  0x08000397   Thumb Code     0  startup_stm32h743xx.o(.text)
    DMA2D_IRQHandler                         0x08000397   Thumb Code     0  startup_stm32h743xx.o(.text)
    DMA2_Stream0_IRQHandler                  0x08000397   Thumb Code     0  startup_stm32h743xx.o(.text)
    DMA2_Stream1_IRQHandler                  0x08000397   Thumb Code     0  startup_stm32h743xx.o(.text)
    DMA2_Stream2_IRQHandler                  0x08000397   Thumb Code     0  startup_stm32h743xx.o(.text)
    DMA2_Stream3_IRQHandler                  0x08000397   Thumb Code     0  startup_stm32h743xx.o(.text)
    DMA2_Stream4_IRQHandler                  0x08000397   Thumb Code     0  startup_stm32h743xx.o(.text)
    DMA2_Stream5_IRQHandler                  0x08000397   Thumb Code     0  startup_stm32h743xx.o(.text)
    DMA2_Stream6_IRQHandler                  0x08000397   Thumb Code     0  startup_stm32h743xx.o(.text)
    DMA2_Stream7_IRQHandler                  0x08000397   Thumb Code     0  startup_stm32h743xx.o(.text)
    DMAMUX1_OVR_IRQHandler                   0x08000397   Thumb Code     0  startup_stm32h743xx.o(.text)
    DMAMUX2_OVR_IRQHandler                   0x08000397   Thumb Code     0  startup_stm32h743xx.o(.text)
    ECC_IRQHandler                           0x08000397   Thumb Code     0  startup_stm32h743xx.o(.text)
    ETH_IRQHandler                           0x08000397   Thumb Code     0  startup_stm32h743xx.o(.text)
    ETH_WKUP_IRQHandler                      0x08000397   Thumb Code     0  startup_stm32h743xx.o(.text)
    EXTI0_IRQHandler                         0x08000397   Thumb Code     0  startup_stm32h743xx.o(.text)
    EXTI15_10_IRQHandler                     0x08000397   Thumb Code     0  startup_stm32h743xx.o(.text)
    EXTI1_IRQHandler                         0x08000397   Thumb Code     0  startup_stm32h743xx.o(.text)
    EXTI2_IRQHandler                         0x08000397   Thumb Code     0  startup_stm32h743xx.o(.text)
    EXTI3_IRQHandler                         0x08000397   Thumb Code     0  startup_stm32h743xx.o(.text)
    EXTI4_IRQHandler                         0x08000397   Thumb Code     0  startup_stm32h743xx.o(.text)
    EXTI9_5_IRQHandler                       0x08000397   Thumb Code     0  startup_stm32h743xx.o(.text)
    FDCAN1_IT0_IRQHandler                    0x08000397   Thumb Code     0  startup_stm32h743xx.o(.text)
    FDCAN1_IT1_IRQHandler                    0x08000397   Thumb Code     0  startup_stm32h743xx.o(.text)
    FDCAN2_IT0_IRQHandler                    0x08000397   Thumb Code     0  startup_stm32h743xx.o(.text)
    FDCAN2_IT1_IRQHandler                    0x08000397   Thumb Code     0  startup_stm32h743xx.o(.text)
    FDCAN_CAL_IRQHandler                     0x08000397   Thumb Code     0  startup_stm32h743xx.o(.text)
    FLASH_IRQHandler                         0x08000397   Thumb Code     0  startup_stm32h743xx.o(.text)
    FMC_IRQHandler                           0x08000397   Thumb Code     0  startup_stm32h743xx.o(.text)
    FPU_IRQHandler                           0x08000397   Thumb Code     0  startup_stm32h743xx.o(.text)
    HRTIM1_FLT_IRQHandler                    0x08000397   Thumb Code     0  startup_stm32h743xx.o(.text)
    HRTIM1_Master_IRQHandler                 0x08000397   Thumb Code     0  startup_stm32h743xx.o(.text)
    HRTIM1_TIMA_IRQHandler                   0x08000397   Thumb Code     0  startup_stm32h743xx.o(.text)
    HRTIM1_TIMB_IRQHandler                   0x08000397   Thumb Code     0  startup_stm32h743xx.o(.text)
    HRTIM1_TIMC_IRQHandler                   0x08000397   Thumb Code     0  startup_stm32h743xx.o(.text)
    HRTIM1_TIMD_IRQHandler                   0x08000397   Thumb Code     0  startup_stm32h743xx.o(.text)
    HRTIM1_TIME_IRQHandler                   0x08000397   Thumb Code     0  startup_stm32h743xx.o(.text)
    HSEM1_IRQHandler                         0x08000397   Thumb Code     0  startup_stm32h743xx.o(.text)
    I2C1_ER_IRQHandler                       0x08000397   Thumb Code     0  startup_stm32h743xx.o(.text)
    I2C1_EV_IRQHandler                       0x08000397   Thumb Code     0  startup_stm32h743xx.o(.text)
    I2C2_ER_IRQHandler                       0x08000397   Thumb Code     0  startup_stm32h743xx.o(.text)
    I2C2_EV_IRQHandler                       0x08000397   Thumb Code     0  startup_stm32h743xx.o(.text)
    I2C3_ER_IRQHandler                       0x08000397   Thumb Code     0  startup_stm32h743xx.o(.text)
    I2C3_EV_IRQHandler                       0x08000397   Thumb Code     0  startup_stm32h743xx.o(.text)
    I2C4_ER_IRQHandler                       0x08000397   Thumb Code     0  startup_stm32h743xx.o(.text)
    I2C4_EV_IRQHandler                       0x08000397   Thumb Code     0  startup_stm32h743xx.o(.text)
    JPEG_IRQHandler                          0x08000397   Thumb Code     0  startup_stm32h743xx.o(.text)
    LPTIM1_IRQHandler                        0x08000397   Thumb Code     0  startup_stm32h743xx.o(.text)
    LPTIM2_IRQHandler                        0x08000397   Thumb Code     0  startup_stm32h743xx.o(.text)
    LPTIM3_IRQHandler                        0x08000397   Thumb Code     0  startup_stm32h743xx.o(.text)
    LPTIM4_IRQHandler                        0x08000397   Thumb Code     0  startup_stm32h743xx.o(.text)
    LPTIM5_IRQHandler                        0x08000397   Thumb Code     0  startup_stm32h743xx.o(.text)
    LPUART1_IRQHandler                       0x08000397   Thumb Code     0  startup_stm32h743xx.o(.text)
    LTDC_ER_IRQHandler                       0x08000397   Thumb Code     0  startup_stm32h743xx.o(.text)
    LTDC_IRQHandler                          0x08000397   Thumb Code     0  startup_stm32h743xx.o(.text)
    MDIOS_IRQHandler                         0x08000397   Thumb Code     0  startup_stm32h743xx.o(.text)
    MDIOS_WKUP_IRQHandler                    0x08000397   Thumb Code     0  startup_stm32h743xx.o(.text)
    MDMA_IRQHandler                          0x08000397   Thumb Code     0  startup_stm32h743xx.o(.text)
    OTG_FS_EP1_IN_IRQHandler                 0x08000397   Thumb Code     0  startup_stm32h743xx.o(.text)
    OTG_FS_EP1_OUT_IRQHandler                0x08000397   Thumb Code     0  startup_stm32h743xx.o(.text)
    OTG_FS_IRQHandler                        0x08000397   Thumb Code     0  startup_stm32h743xx.o(.text)
    OTG_FS_WKUP_IRQHandler                   0x08000397   Thumb Code     0  startup_stm32h743xx.o(.text)
    OTG_HS_EP1_IN_IRQHandler                 0x08000397   Thumb Code     0  startup_stm32h743xx.o(.text)
    OTG_HS_EP1_OUT_IRQHandler                0x08000397   Thumb Code     0  startup_stm32h743xx.o(.text)
    OTG_HS_IRQHandler                        0x08000397   Thumb Code     0  startup_stm32h743xx.o(.text)
    OTG_HS_WKUP_IRQHandler                   0x08000397   Thumb Code     0  startup_stm32h743xx.o(.text)
    PVD_AVD_IRQHandler                       0x08000397   Thumb Code     0  startup_stm32h743xx.o(.text)
    QUADSPI_IRQHandler                       0x08000397   Thumb Code     0  startup_stm32h743xx.o(.text)
    RCC_IRQHandler                           0x08000397   Thumb Code     0  startup_stm32h743xx.o(.text)
    RNG_IRQHandler                           0x08000397   Thumb Code     0  startup_stm32h743xx.o(.text)
    RTC_Alarm_IRQHandler                     0x08000397   Thumb Code     0  startup_stm32h743xx.o(.text)
    RTC_WKUP_IRQHandler                      0x08000397   Thumb Code     0  startup_stm32h743xx.o(.text)
    SAI1_IRQHandler                          0x08000397   Thumb Code     0  startup_stm32h743xx.o(.text)
    SAI2_IRQHandler                          0x08000397   Thumb Code     0  startup_stm32h743xx.o(.text)
    SAI3_IRQHandler                          0x08000397   Thumb Code     0  startup_stm32h743xx.o(.text)
    SAI4_IRQHandler                          0x08000397   Thumb Code     0  startup_stm32h743xx.o(.text)
    SDMMC1_IRQHandler                        0x08000397   Thumb Code     0  startup_stm32h743xx.o(.text)
    SDMMC2_IRQHandler                        0x08000397   Thumb Code     0  startup_stm32h743xx.o(.text)
    SPDIF_RX_IRQHandler                      0x08000397   Thumb Code     0  startup_stm32h743xx.o(.text)
    SPI1_IRQHandler                          0x08000397   Thumb Code     0  startup_stm32h743xx.o(.text)
    SPI2_IRQHandler                          0x08000397   Thumb Code     0  startup_stm32h743xx.o(.text)
    SPI3_IRQHandler                          0x08000397   Thumb Code     0  startup_stm32h743xx.o(.text)
    SPI4_IRQHandler                          0x08000397   Thumb Code     0  startup_stm32h743xx.o(.text)
    SPI5_IRQHandler                          0x08000397   Thumb Code     0  startup_stm32h743xx.o(.text)
    SPI6_IRQHandler                          0x08000397   Thumb Code     0  startup_stm32h743xx.o(.text)
    SWPMI1_IRQHandler                        0x08000397   Thumb Code     0  startup_stm32h743xx.o(.text)
    TAMP_STAMP_IRQHandler                    0x08000397   Thumb Code     0  startup_stm32h743xx.o(.text)
    TIM15_IRQHandler                         0x08000397   Thumb Code     0  startup_stm32h743xx.o(.text)
    TIM16_IRQHandler                         0x08000397   Thumb Code     0  startup_stm32h743xx.o(.text)
    TIM17_IRQHandler                         0x08000397   Thumb Code     0  startup_stm32h743xx.o(.text)
    TIM1_BRK_IRQHandler                      0x08000397   Thumb Code     0  startup_stm32h743xx.o(.text)
    TIM1_CC_IRQHandler                       0x08000397   Thumb Code     0  startup_stm32h743xx.o(.text)
    TIM1_TRG_COM_IRQHandler                  0x08000397   Thumb Code     0  startup_stm32h743xx.o(.text)
    TIM1_UP_IRQHandler                       0x08000397   Thumb Code     0  startup_stm32h743xx.o(.text)
    TIM2_IRQHandler                          0x08000397   Thumb Code     0  startup_stm32h743xx.o(.text)
    TIM3_IRQHandler                          0x08000397   Thumb Code     0  startup_stm32h743xx.o(.text)
    TIM4_IRQHandler                          0x08000397   Thumb Code     0  startup_stm32h743xx.o(.text)
    TIM5_IRQHandler                          0x08000397   Thumb Code     0  startup_stm32h743xx.o(.text)
    TIM6_DAC_IRQHandler                      0x08000397   Thumb Code     0  startup_stm32h743xx.o(.text)
    TIM7_IRQHandler                          0x08000397   Thumb Code     0  startup_stm32h743xx.o(.text)
    TIM8_BRK_TIM12_IRQHandler                0x08000397   Thumb Code     0  startup_stm32h743xx.o(.text)
    TIM8_CC_IRQHandler                       0x08000397   Thumb Code     0  startup_stm32h743xx.o(.text)
    TIM8_TRG_COM_TIM14_IRQHandler            0x08000397   Thumb Code     0  startup_stm32h743xx.o(.text)
    TIM8_UP_TIM13_IRQHandler                 0x08000397   Thumb Code     0  startup_stm32h743xx.o(.text)
    UART4_IRQHandler                         0x08000397   Thumb Code     0  startup_stm32h743xx.o(.text)
    UART5_IRQHandler                         0x08000397   Thumb Code     0  startup_stm32h743xx.o(.text)
    UART7_IRQHandler                         0x08000397   Thumb Code     0  startup_stm32h743xx.o(.text)
    UART8_IRQHandler                         0x08000397   Thumb Code     0  startup_stm32h743xx.o(.text)
    USART2_IRQHandler                        0x08000397   Thumb Code     0  startup_stm32h743xx.o(.text)
    USART3_IRQHandler                        0x08000397   Thumb Code     0  startup_stm32h743xx.o(.text)
    USART6_IRQHandler                        0x08000397   Thumb Code     0  startup_stm32h743xx.o(.text)
    WAKEUP_PIN_IRQHandler                    0x08000397   Thumb Code     0  startup_stm32h743xx.o(.text)
    WWDG_IRQHandler                          0x08000397   Thumb Code     0  startup_stm32h743xx.o(.text)
    __user_initial_stackheap                 0x08000399   Thumb Code     0  startup_stm32h743xx.o(.text)
    SVC_Handler                              0x080003b9   Thumb Code   154  irq_armv7m.o(.text)
    PendSV_Handler                           0x08000453   Thumb Code    16  irq_armv7m.o(.text)
    SysTick_Handler                          0x08000463   Thumb Code    16  irq_armv7m.o(.text)
    strstr                                   0x08000481   Thumb Code    36  strstr.o(.text)
    strlen                                   0x080004a5   Thumb Code    62  strlen.o(.text)
    __aeabi_memcpy                           0x080004e3   Thumb Code     0  rt_memcpy_v6.o(.text)
    __rt_memcpy                              0x080004e3   Thumb Code   138  rt_memcpy_v6.o(.text)
    _memcpy_lastbytes                        0x08000549   Thumb Code     0  rt_memcpy_v6.o(.text)
    __aeabi_memclr                           0x0800056d   Thumb Code     0  rt_memclr.o(.text)
    __rt_memclr                              0x0800056d   Thumb Code     0  rt_memclr.o(.text)
    _memset                                  0x08000571   Thumb Code    64  rt_memclr.o(.text)
    __aeabi_memclr4                          0x080005b1   Thumb Code     0  rt_memclr_w.o(.text)
    __aeabi_memclr8                          0x080005b1   Thumb Code     0  rt_memclr_w.o(.text)
    __rt_memclr_w                            0x080005b1   Thumb Code     0  rt_memclr_w.o(.text)
    _memset_w                                0x080005b5   Thumb Code    74  rt_memclr_w.o(.text)
    strncpy                                  0x080005ff   Thumb Code    86  strncpy.o(.text)
    strcmp                                   0x08000659   Thumb Code   124  strcmpv7m_pel.o(.text)
    __use_two_region_memory                  0x080006d5   Thumb Code     2  heapauxi.o(.text)
    __rt_heap_escrow$2region                 0x080006d7   Thumb Code     2  heapauxi.o(.text)
    __rt_heap_expand$2region                 0x080006d9   Thumb Code     2  heapauxi.o(.text)
    __aeabi_memcpy4                          0x080006db   Thumb Code     0  rt_memcpy_w.o(.text)
    __aeabi_memcpy8                          0x080006db   Thumb Code     0  rt_memcpy_w.o(.text)
    __rt_memcpy_w                            0x080006db   Thumb Code   100  rt_memcpy_w.o(.text)
    _memcpy_lastbytes_aligned                0x08000723   Thumb Code     0  rt_memcpy_w.o(.text)
    __user_setup_stackheap                   0x0800073f   Thumb Code    74  sys_stackheap_outer.o(.text)
    exit                                     0x08000789   Thumb Code    18  exit.o(.text)
    __user_libspace                          0x0800079d   Thumb Code     8  libspace.o(.text)
    __user_perproc_libspace                  0x0800079d   Thumb Code     0  libspace.o(.text)
    _sys_exit                                0x080007a5   Thumb Code     8  sys_exit.o(.text)
    __I$use$semihosting                      0x080007b1   Thumb Code     0  use_no_semi.o(.text)
    __use_no_semihosting_swi                 0x080007b1   Thumb Code     2  use_no_semi.o(.text)
    __aeabi_uldivmod                         0x080007b3   Thumb Code     0  lludivv7m.o(.text)
    __semihosting_library_function           0x080007b3   Thumb Code     0  indicate_semi.o(.text)
    _ll_udiv                                 0x080007b3   Thumb Code   240  lludivv7m.o(.text)
    __aeabi_memmove                          0x080008a3   Thumb Code     0  rt_memmove_v6.o(.text)
    __rt_memmove                             0x080008a3   Thumb Code   132  rt_memmove_v6.o(.text)
    __memmove_lastfew                        0x08000903   Thumb Code     0  rt_memmove_v6.o(.text)
    __aeabi_memmove4                         0x08000927   Thumb Code     0  rt_memmove_w.o(.text)
    __aeabi_memmove8                         0x08000927   Thumb Code     0  rt_memmove_w.o(.text)
    __rt_memmove_w                           0x08000927   Thumb Code   122  rt_memmove_w.o(.text)
    __memmove_aligned                        0x0800094d   Thumb Code     0  rt_memmove_w.o(.text)
    __memmove_lastfew_aligned                0x08000985   Thumb Code     0  rt_memmove_w.o(.text)
    BusFault_Handler                         0x080009a1   Thumb Code     2  lto-llvm-d3ecdc.o(.text.BusFault_Handler)
    DMA1_Stream0_IRQHandler                  0x080009a5   Thumb Code     8  lto-llvm-d3ecdc.o(.text.DMA1_Stream0_IRQHandler)
    DebugMon_Handler                         0x08000a49   Thumb Code     2  lto-llvm-d3ecdc.o(.text.DebugMon_Handler)
    HardFault_Handler                        0x08001b51   Thumb Code     2  lto-llvm-d3ecdc.o(.text.HardFault_Handler)
    MemManage_Handler                        0x08001b53   Thumb Code     2  lto-llvm-d3ecdc.o(.text.MemManage_Handler)
    NMI_Handler                              0x08001b55   Thumb Code     2  lto-llvm-d3ecdc.o(.text.NMI_Handler)
    OS_Tick_AcknowledgeIRQ                   0x08001b59   Thumb Code     8  os_systick.o(.text.OS_Tick_AcknowledgeIRQ)
    OS_Tick_Enable                           0x08001b61   Thumb Code    32  os_systick.o(.text.OS_Tick_Enable)
    OS_Tick_GetIRQn                          0x08001b85   Thumb Code     6  os_systick.o(.text.OS_Tick_GetIRQn)
    OS_Tick_Setup                            0x08001b8d   Thumb Code    48  os_systick.o(.text.OS_Tick_Setup)
    SystemInit                               0x08002005   Thumb Code   148  lto-llvm-d3ecdc.o(.text.SystemInit)
    USART1_IRQHandler                        0x080023f1   Thumb Code    36  lto-llvm-d3ecdc.o(.text.USART1_IRQHandler)
    UsageFault_Handler                       0x08002419   Thumb Code     2  lto-llvm-d3ecdc.o(.text.UsageFault_Handler)
    _mutex_acquire                           0x0800241b   Thumb Code    26  lto-llvm-d3ecdc.o(.text._mutex_acquire)
    _mutex_free                              0x08002435   Thumb Code     6  lto-llvm-d3ecdc.o(.text._mutex_free)
    _mutex_initialize                        0x0800243b   Thumb Code    30  lto-llvm-d3ecdc.o(.text._mutex_initialize)
    _mutex_release                           0x08002459   Thumb Code    22  lto-llvm-d3ecdc.o(.text._mutex_release)
    _platform_post_stackheap_init            0x0800246f   Thumb Code     4  lto-llvm-d3ecdc.o(.text._platform_post_stackheap_init)
    main                                     0x08003381   Thumb Code  5460  lto-llvm-d3ecdc.o(.text.main)
    osDelay                                  0x08004c51   Thumb Code    32  rtx_delay.o(.text.osDelay)
    osKernelGetState                         0x08004c75   Thumb Code    40  rtx_kernel.o(.text.osKernelGetState)
    osKernelGetTickCount                     0x08004ca1   Thumb Code    32  rtx_kernel.o(.text.osKernelGetTickCount)
    osKernelInitialize                       0x08004cc5   Thumb Code    40  rtx_kernel.o(.text.osKernelInitialize)
    osKernelStart                            0x08004cf1   Thumb Code    32  rtx_kernel.o(.text.osKernelStart)
    osMutexAcquire                           0x08004d15   Thumb Code    32  rtx_mutex.o(.text.osMutexAcquire)
    osMutexDelete                            0x08004d39   Thumb Code    32  rtx_mutex.o(.text.osMutexDelete)
    osMutexNew                               0x08004d5d   Thumb Code    32  rtx_mutex.o(.text.osMutexNew)
    osMutexRelease                           0x08004d81   Thumb Code    32  rtx_mutex.o(.text.osMutexRelease)
    osRtxErrorNotify                         0x08004da5   Thumb Code     2  lto-llvm-d3ecdc.o(.text.osRtxErrorNotify)
    osRtxIdleThread                          0x08004da7   Thumb Code     2  lto-llvm-d3ecdc.o(.text.osRtxIdleThread)
    osRtxKernelErrorNotify                   0x08004da9   Thumb Code     4  rtx_kernel.o(.text.osRtxKernelErrorNotify)
    osRtxKernelPreInit                       0x08004dad   Thumb Code     2  rtx_kernel.o(.text.osRtxKernelPreInit)
    osRtxMemoryAlloc                         0x08004daf   Thumb Code   108  rtx_memory.o(.text.osRtxMemoryAlloc)
    osRtxMemoryFree                          0x08004e1b   Thumb Code    66  rtx_memory.o(.text.osRtxMemoryFree)
    osRtxMemoryInit                          0x08004e5d   Thumb Code    54  rtx_memory.o(.text.osRtxMemoryInit)
    osRtxMemoryPoolAlloc                     0x08004e93   Thumb Code    58  rtx_mempool.o(.text.osRtxMemoryPoolAlloc)
    osRtxMemoryPoolFree                      0x08004ecd   Thumb Code    74  rtx_mempool.o(.text.osRtxMemoryPoolFree)
    osRtxMemoryPoolInit                      0x08004f17   Thumb Code    56  rtx_mempool.o(.text.osRtxMemoryPoolInit)
    osRtxMutexOwnerRelease                   0x08004f4f   Thumb Code    72  rtx_mutex.o(.text.osRtxMutexOwnerRelease)
    osRtxMutexOwnerRestore                   0x08004f97   Thumb Code    66  rtx_mutex.o(.text.osRtxMutexOwnerRestore)
    osRtxPendSV_Handler                      0x08004fd9   Thumb Code   136  rtx_system.o(.text.osRtxPendSV_Handler)
    osRtxPostProcess                         0x08005065   Thumb Code   108  rtx_system.o(.text.osRtxPostProcess)
    osRtxThreadDelayTick                     0x080051f9   Thumb Code    72  rtx_thread.o(.text.osRtxThreadDelayTick)
    osRtxThreadDispatch                      0x08005261   Thumb Code    80  rtx_thread.o(.text.osRtxThreadDispatch)
    osRtxThreadListGet                       0x08005327   Thumb Code    18  rtx_thread.o(.text.osRtxThreadListGet)
    osRtxThreadListPut                       0x08005339   Thumb Code    44  rtx_thread.o(.text.osRtxThreadListPut)
    osRtxThreadListRemove                    0x08005365   Thumb Code    20  rtx_thread.o(.text.osRtxThreadListRemove)
    osRtxThreadListSort                      0x08005385   Thumb Code    38  rtx_thread.o(.text.osRtxThreadListSort)
    osRtxThreadReadyPut                      0x080053d5   Thumb Code    16  rtx_thread.o(.text.osRtxThreadReadyPut)
    osRtxThreadStartup                       0x080053e5   Thumb Code    48  rtx_thread.o(.text.osRtxThreadStartup)
    osRtxThreadSwitch                        0x0800541d   Thumb Code    12  rtx_thread.o(.text.osRtxThreadSwitch)
    osRtxThreadWaitEnter                     0x0800542d   Thumb Code    56  rtx_thread.o(.text.osRtxThreadWaitEnter)
    osRtxThreadWaitExit                      0x08005469   Thumb Code    48  rtx_thread.o(.text.osRtxThreadWaitExit)
    osRtxTick_Handler                        0x08005499   Thumb Code   116  rtx_system.o(.text.osRtxTick_Handler)
    osSemaphoreAcquire                       0x08005511   Thumb Code    80  rtx_semaphore.o(.text.osSemaphoreAcquire)
    osSemaphoreNew                           0x08005565   Thumb Code    32  rtx_semaphore.o(.text.osSemaphoreNew)
    osSemaphoreRelease                       0x08005589   Thumb Code    72  rtx_semaphore.o(.text.osSemaphoreRelease)
    osThreadExit                             0x080055d5   Thumb Code     8  rtx_thread.o(.text.osThreadExit)
    osThreadNew                              0x080055e1   Thumb Code    32  rtx_thread.o(.text.osThreadNew)
    osThreadSetPriority                      0x08005605   Thumb Code    32  rtx_thread.o(.text.osThreadSetPriority)
    _fp_init                                 0x080080e1   Thumb Code    26  fpinit.o(x$fpl$fpinit)
    __fplib_config_fpu_vfp                   0x080080f9   Thumb Code     0  fpinit.o(x$fpl$fpinit)
    __fplib_config_pureend_doubles           0x080080f9   Thumb Code     0  fpinit.o(x$fpl$fpinit)
    osRtxConfig                              0x08008248   Data         112  lto-llvm-d3ecdc.o(.rodata)
    osRtxUserSVC                             0x080082dc   Data           4  lto-llvm-d3ecdc.o(.rodata)
    os_cb_sections                           0x080082e0   Data          56  lto-llvm-d3ecdc.o(.rodata)
    Region$$Table$$Base                      0x0800879c   Number         0  anon$$obj.o(Region$$Table)
    Region$$Table$$Limit                     0x080087dc   Number         0  anon$$obj.o(Region$$Table)
    shellCommand$$Base                       0x080087dc   Number         0  lto-llvm-d3ecdc.o(shellCommand)
    shellUserDefault                         0x080087dc   Data          16  lto-llvm-d3ecdc.o(shellCommand)
    shellCommandsetVar                       0x080087ec   Data          16  lto-llvm-d3ecdc.o(shellCommand)
    shellKey0x1B5B4100                       0x080087fc   Data          16  lto-llvm-d3ecdc.o(shellCommand)
    shellKey0x1B5B4200                       0x0800880c   Data          16  lto-llvm-d3ecdc.o(shellCommand)
    shellKey0x1B5B4300                       0x0800881c   Data          16  lto-llvm-d3ecdc.o(shellCommand)
    shellKey0x1B5B4400                       0x0800882c   Data          16  lto-llvm-d3ecdc.o(shellCommand)
    shellKey0x09000000                       0x0800883c   Data          16  lto-llvm-d3ecdc.o(shellCommand)
    shellKey0x08000000                       0x0800884c   Data          16  lto-llvm-d3ecdc.o(shellCommand)
    shellKey0x7F000000                       0x0800885c   Data          16  lto-llvm-d3ecdc.o(shellCommand)
    shellKey0x1B5B337E                       0x0800886c   Data          16  lto-llvm-d3ecdc.o(shellCommand)
    shellKey0x0A000000                       0x0800887c   Data          16  lto-llvm-d3ecdc.o(shellCommand)
    shellKey0x0D000000                       0x0800888c   Data          16  lto-llvm-d3ecdc.o(shellCommand)
    shellCommandhelp                         0x0800889c   Data          16  lto-llvm-d3ecdc.o(shellCommand)
    shellCommandusers                        0x080088ac   Data          16  lto-llvm-d3ecdc.o(shellCommand)
    shellCommandcmds                         0x080088bc   Data          16  lto-llvm-d3ecdc.o(shellCommand)
    shellCommandvars                         0x080088cc   Data          16  lto-llvm-d3ecdc.o(shellCommand)
    shellCommandkeys                         0x080088dc   Data          16  lto-llvm-d3ecdc.o(shellCommand)
    shellCommandclear                        0x080088ec   Data          16  lto-llvm-d3ecdc.o(shellCommand)
    shellCommand$$Limit                      0x080088fc   Number         0  lto-llvm-d3ecdc.o(shellCommand)



==============================================================================

Memory Map of the image

  Image Entry point : 0x08000299

  Load Region LR_IROM1 (Base: 0x08000000, Size: 0x00020a08, Max: 0x00200000, ABSOLUTE, COMPRESSED[0x00008d14])

    Execution Region IRAM_MAIN (Exec base: 0x00000000, Load base: 0x08008900, Size: 0x000034f8, Max: 0x00010000, ABSOLUTE)

    Exec Addr    Load Addr    Size         Type   Attr      Idx    E Section Name        Object

    0x00000000   0x08008900   0x00000060   Data   RW         1162    .data               lto-llvm-d3ecdc.o
    0x00000060   0x08008960   0x000000a4   Data   RW          110    .data.os            RTX_CM4F.lib(rtx_kernel.o)
    0x00000104   0x08008a04   0x00000004   PAD
    0x00000108        -       0x00000060   Zero   RW          684    .bss                c_w.l(libspace.o)
    0x00000168        -       0x00000400   Zero   RW         1152    .bss                lto-llvm-d3ecdc.o
    0x00000568        -       0x00000001   Zero   RW          458    .bss.os             RTX_CM4F.lib(os_systick.o)
    0x00000569   0x08008a04   0x00000007   PAD
    0x00000570        -       0x00002840   Zero   RW         1156    .bss.os             lto-llvm-d3ecdc.o
    0x00002db0        -       0x00000044   Zero   RW         1157    .bss.os.thread.cb   lto-llvm-d3ecdc.o
    0x00002df4   0x08008a04   0x00000004   PAD
    0x00002df8        -       0x00000100   Zero   RW         1158    .bss.os.thread.idle.stack  lto-llvm-d3ecdc.o
    0x00002ef8        -       0x00000000   Zero   RW           37    HEAP                startup_stm32h743xx.o
    0x00002ef8        -       0x00000600   Zero   RW           36    STACK               startup_stm32h743xx.o


    Execution Region ER_IROM1 (Exec base: 0x08000000, Load base: 0x08000000, Size: 0x000088fc, Max: 0x00200000, ABSOLUTE)

    Exec Addr    Load Addr    Size         Type   Attr      Idx    E Section Name        Object

    0x08000000   0x08000000   0x00000298   Data   RO           38    RESET               startup_stm32h743xx.o
    0x08000298   0x08000298   0x00000008   Code   RO          488  * !!!main             c_w.l(__main.o)
    0x080002a0   0x080002a0   0x00000034   Code   RO         1190    !!!scatter          c_w.l(__scatter.o)
    0x080002d4   0x080002d4   0x0000003a   Code   RO         1188    !!dczerorl          c_w.l(__dczerorl.o)
    0x0800030e   0x0800030e   0x00000002   PAD
    0x08000310   0x08000310   0x0000001a   Code   RO         1192    !!handler_copy      c_w.l(__scatter_copy.o)
    0x0800032a   0x0800032a   0x00000002   PAD
    0x0800032c   0x0800032c   0x0000001c   Code   RO         1194    !!handler_zi        c_w.l(__scatter_zi.o)
    0x08000348   0x08000348   0x00000002   Code   RO          677    .ARM.Collect$$libinit$$00000000  c_w.l(libinit.o)
    0x0800034a   0x0800034a   0x00000004   Code   RO          693    .ARM.Collect$$libinit$$00000001  c_w.l(libinit2.o)
    0x0800034e   0x0800034e   0x00000000   Code   RO          696    .ARM.Collect$$libinit$$00000004  c_w.l(libinit2.o)
    0x0800034e   0x0800034e   0x00000000   Code   RO          699    .ARM.Collect$$libinit$$0000000A  c_w.l(libinit2.o)
    0x0800034e   0x0800034e   0x00000000   Code   RO          701    .ARM.Collect$$libinit$$0000000C  c_w.l(libinit2.o)
    0x0800034e   0x0800034e   0x00000000   Code   RO          703    .ARM.Collect$$libinit$$0000000E  c_w.l(libinit2.o)
    0x0800034e   0x0800034e   0x00000000   Code   RO          706    .ARM.Collect$$libinit$$00000011  c_w.l(libinit2.o)
    0x0800034e   0x0800034e   0x00000000   Code   RO          708    .ARM.Collect$$libinit$$00000013  c_w.l(libinit2.o)
    0x0800034e   0x0800034e   0x00000000   Code   RO          710    .ARM.Collect$$libinit$$00000015  c_w.l(libinit2.o)
    0x0800034e   0x0800034e   0x00000000   Code   RO          712    .ARM.Collect$$libinit$$00000017  c_w.l(libinit2.o)
    0x0800034e   0x0800034e   0x00000000   Code   RO          714    .ARM.Collect$$libinit$$00000019  c_w.l(libinit2.o)
    0x0800034e   0x0800034e   0x00000000   Code   RO          716    .ARM.Collect$$libinit$$0000001B  c_w.l(libinit2.o)
    0x0800034e   0x0800034e   0x00000000   Code   RO          718    .ARM.Collect$$libinit$$0000001D  c_w.l(libinit2.o)
    0x0800034e   0x0800034e   0x00000000   Code   RO          720    .ARM.Collect$$libinit$$0000001F  c_w.l(libinit2.o)
    0x0800034e   0x0800034e   0x00000000   Code   RO          722    .ARM.Collect$$libinit$$00000021  c_w.l(libinit2.o)
    0x0800034e   0x0800034e   0x00000000   Code   RO          724    .ARM.Collect$$libinit$$00000023  c_w.l(libinit2.o)
    0x0800034e   0x0800034e   0x00000000   Code   RO          726    .ARM.Collect$$libinit$$00000025  c_w.l(libinit2.o)
    0x0800034e   0x0800034e   0x00000000   Code   RO          730    .ARM.Collect$$libinit$$0000002C  c_w.l(libinit2.o)
    0x0800034e   0x0800034e   0x00000000   Code   RO          732    .ARM.Collect$$libinit$$0000002E  c_w.l(libinit2.o)
    0x0800034e   0x0800034e   0x00000000   Code   RO          734    .ARM.Collect$$libinit$$00000030  c_w.l(libinit2.o)
    0x0800034e   0x0800034e   0x00000000   Code   RO          736    .ARM.Collect$$libinit$$00000032  c_w.l(libinit2.o)
    0x0800034e   0x0800034e   0x00000002   Code   RO          737    .ARM.Collect$$libinit$$00000033  c_w.l(libinit2.o)
    0x08000350   0x08000350   0x00000002   Code   RO          761    .ARM.Collect$$libshutdown$$00000000  c_w.l(libshutdown.o)
    0x08000352   0x08000352   0x00000000   Code   RO          776    .ARM.Collect$$libshutdown$$00000002  c_w.l(libshutdown2.o)
    0x08000352   0x08000352   0x00000000   Code   RO          778    .ARM.Collect$$libshutdown$$00000004  c_w.l(libshutdown2.o)
    0x08000352   0x08000352   0x00000000   Code   RO          781    .ARM.Collect$$libshutdown$$00000007  c_w.l(libshutdown2.o)
    0x08000352   0x08000352   0x00000000   Code   RO          784    .ARM.Collect$$libshutdown$$0000000A  c_w.l(libshutdown2.o)
    0x08000352   0x08000352   0x00000000   Code   RO          786    .ARM.Collect$$libshutdown$$0000000C  c_w.l(libshutdown2.o)
    0x08000352   0x08000352   0x00000000   Code   RO          789    .ARM.Collect$$libshutdown$$0000000F  c_w.l(libshutdown2.o)
    0x08000352   0x08000352   0x00000002   Code   RO          790    .ARM.Collect$$libshutdown$$00000010  c_w.l(libshutdown2.o)
    0x08000354   0x08000354   0x00000000   Code   RO          490    .ARM.Collect$$rtentry$$00000000  c_w.l(__rtentry.o)
    0x08000354   0x08000354   0x00000000   Code   RO          595    .ARM.Collect$$rtentry$$00000002  c_w.l(__rtentry2.o)
    0x08000354   0x08000354   0x00000006   Code   RO          607    .ARM.Collect$$rtentry$$00000004  c_w.l(__rtentry4.o)
    0x0800035a   0x0800035a   0x00000008   Code   RO          596    .ARM.Collect$$rtentry$$00000008  c_w.l(__rtentry2.o)
    0x08000362   0x08000362   0x00000004   Code   RO          598    .ARM.Collect$$rtentry$$0000000A  c_w.l(__rtentry2.o)
    0x08000366   0x08000366   0x00000000   Code   RO          600    .ARM.Collect$$rtentry$$0000000C  c_w.l(__rtentry2.o)
    0x08000366   0x08000366   0x00000008   Code   RO          601    .ARM.Collect$$rtentry$$0000000D  c_w.l(__rtentry2.o)
    0x0800036e   0x0800036e   0x00000002   Code   RO          686    .ARM.Collect$$rtexit$$00000000  c_w.l(rtexit.o)
    0x08000370   0x08000370   0x00000000   Code   RO          739    .ARM.Collect$$rtexit$$00000002  c_w.l(rtexit2.o)
    0x08000370   0x08000370   0x00000004   Code   RO          740    .ARM.Collect$$rtexit$$00000003  c_w.l(rtexit2.o)
    0x08000374   0x08000374   0x00000006   Code   RO          741    .ARM.Collect$$rtexit$$00000004  c_w.l(rtexit2.o)
    0x0800037a   0x0800037a   0x00000002   PAD
    0x0800037c   0x0800037c   0x0000003c   Code   RO           39    .text               startup_stm32h743xx.o
    0x080003b8   0x080003b8   0x000000c8   Code   RO          352    .text               RTX_CM4F.lib(irq_armv7m.o)
    0x08000480   0x08000480   0x00000024   Code   RO          470    .text               c_w.l(strstr.o)
    0x080004a4   0x080004a4   0x0000003e   Code   RO          472    .text               c_w.l(strlen.o)
    0x080004e2   0x080004e2   0x0000008a   Code   RO          476    .text               c_w.l(rt_memcpy_v6.o)
    0x0800056c   0x0800056c   0x00000044   Code   RO          478    .text               c_w.l(rt_memclr.o)
    0x080005b0   0x080005b0   0x0000004e   Code   RO          480    .text               c_w.l(rt_memclr_w.o)
    0x080005fe   0x080005fe   0x00000056   Code   RO          482    .text               c_w.l(strncpy.o)
    0x08000654   0x08000654   0x00000004   PAD
    0x08000658   0x08000658   0x0000007c   Code   RO          484    .text               c_w.l(strcmpv7m_pel.o)
    0x080006d4   0x080006d4   0x00000006   Code   RO          486    .text               c_w.l(heapauxi.o)
    0x080006da   0x080006da   0x00000064   Code   RO          584    .text               c_w.l(rt_memcpy_w.o)
    0x0800073e   0x0800073e   0x0000004a   Code   RO          629    .text               c_w.l(sys_stackheap_outer.o)
    0x08000788   0x08000788   0x00000012   Code   RO          672    .text               c_w.l(exit.o)
    0x0800079a   0x0800079a   0x00000002   PAD
    0x0800079c   0x0800079c   0x00000008   Code   RO          683    .text               c_w.l(libspace.o)
    0x080007a4   0x080007a4   0x0000000c   Code   RO          751    .text               c_w.l(sys_exit.o)
    0x080007b0   0x080007b0   0x00000002   Code   RO          766    .text               c_w.l(use_no_semi.o)
    0x080007b2   0x080007b2   0x00000000   Code   RO          768    .text               c_w.l(indicate_semi.o)
    0x080007b2   0x080007b2   0x000000f0   Code   RO         1170    .text               c_w.l(lludivv7m.o)
    0x080008a2   0x080008a2   0x00000084   Code   RO         1172    .text               c_w.l(rt_memmove_v6.o)
    0x08000926   0x08000926   0x0000007a   Code   RO         1174    .text               c_w.l(rt_memmove_w.o)
    0x080009a0   0x080009a0   0x00000002   Code   RO          856    .text.BusFault_Handler  lto-llvm-d3ecdc.o
    0x080009a2   0x080009a2   0x00000002   PAD
    0x080009a4   0x080009a4   0x00000008   Code   RO          862    .text.DMA1_Stream0_IRQHandler  lto-llvm-d3ecdc.o
    0x080009ac   0x080009ac   0x0000009c   Code   RO         1020    .text.DMA_CalcBaseAndBitshift  lto-llvm-d3ecdc.o
    0x08000a48   0x08000a48   0x00000002   Code   RO          860    .text.DebugMon_Handler  lto-llvm-d3ecdc.o
    0x08000a4a   0x08000a4a   0x00000002   PAD
    0x08000a4c   0x08000a4c   0x00000318   Code   RO         1022    .text.HAL_DMA_Abort  lto-llvm-d3ecdc.o
    0x08000d64   0x08000d64   0x00000548   Code   RO         1024    .text.HAL_DMA_IRQHandler  lto-llvm-d3ecdc.o
    0x080012ac   0x080012ac   0x00000158   Code   RO         1026    .text.HAL_GPIO_Init  lto-llvm-d3ecdc.o
    0x08001404   0x08001404   0x00000054   Code   RO         1014    .text.HAL_InitTick  lto-llvm-d3ecdc.o
    0x08001458   0x08001458   0x0000004c   Code   RO         1018    .text.HAL_MPU_ConfigRegion  lto-llvm-d3ecdc.o
    0x080014a4   0x080014a4   0x0000004c   Code   RO         1016    .text.HAL_NVIC_SetPriority  lto-llvm-d3ecdc.o
    0x080014f0   0x080014f0   0x0000008c   Code   RO         1040    .text.HAL_RCCEx_GetPLL2ClockFreq  lto-llvm-d3ecdc.o
    0x0800157c   0x0800157c   0x0000008c   Code   RO         1042    .text.HAL_RCCEx_GetPLL3ClockFreq  lto-llvm-d3ecdc.o
    0x08001608   0x08001608   0x00000034   Code   RO         1030    .text.HAL_RCC_GetHCLKFreq  lto-llvm-d3ecdc.o
    0x0800163c   0x0800163c   0x00000014   Code   RO         1032    .text.HAL_RCC_GetPCLK1Freq  lto-llvm-d3ecdc.o
    0x08001650   0x08001650   0x0000001c   Code   RO         1034    .text.HAL_RCC_GetPCLK2Freq  lto-llvm-d3ecdc.o
    0x0800166c   0x0800166c   0x000000f4   Code   RO         1028    .text.HAL_RCC_GetSysClockFreq  lto-llvm-d3ecdc.o
    0x08001760   0x08001760   0x0000006e   Code   RO         1064    .text.HAL_UART_DMAStop  lto-llvm-d3ecdc.o
    0x080017ce   0x080017ce   0x00000002   PAD
    0x080017d0   0x080017d0   0x00000338   Code   RO         1066    .text.HAL_UART_IRQHandler  lto-llvm-d3ecdc.o
    0x08001b08   0x08001b08   0x00000048   Code   RO          912    .text.HAL_UART_RxCpltCallback  lto-llvm-d3ecdc.o
    0x08001b50   0x08001b50   0x00000002   Code   RO          852    .text.HardFault_Handler  lto-llvm-d3ecdc.o
    0x08001b52   0x08001b52   0x00000002   Code   RO          854    .text.MemManage_Handler  lto-llvm-d3ecdc.o
    0x08001b54   0x08001b54   0x00000002   Code   RO          850    .text.NMI_Handler   lto-llvm-d3ecdc.o
    0x08001b56   0x08001b56   0x00000002   PAD
    0x08001b58   0x08001b58   0x00000008   Code   RO          446    .text.OS_Tick_AcknowledgeIRQ  RTX_CM4F.lib(os_systick.o)
    0x08001b60   0x08001b60   0x00000024   Code   RO          442    .text.OS_Tick_Enable  RTX_CM4F.lib(os_systick.o)
    0x08001b84   0x08001b84   0x00000006   Code   RO          448    .text.OS_Tick_GetIRQn  RTX_CM4F.lib(os_systick.o)
    0x08001b8a   0x08001b8a   0x00000002   PAD
    0x08001b8c   0x08001b8c   0x00000040   Code   RO          440    .text.OS_Tick_Setup  RTX_CM4F.lib(os_systick.o)
    0x08001bcc   0x08001bcc   0x0000000c   Code   RO          105    .text.OUTLINED_FUNCTION_0  RTX_CM4F.lib(rtx_kernel.o)
    0x08001bd8   0x08001bd8   0x00000006   Code   RO          247    .text.OUTLINED_FUNCTION_0  RTX_CM4F.lib(rtx_thread.o)
    0x08001bde   0x08001bde   0x00000008   Code   RO         1074    .text.OUTLINED_FUNCTION_0  lto-llvm-d3ecdc.o
    0x08001be6   0x08001be6   0x00000006   Code   RO          107    .text.OUTLINED_FUNCTION_1  RTX_CM4F.lib(rtx_kernel.o)
    0x08001bec   0x08001bec   0x00000032   Code   RO         1076    .text.OUTLINED_FUNCTION_1  lto-llvm-d3ecdc.o
    0x08001c1e   0x08001c1e   0x00000016   Code   RO         1094    .text.OUTLINED_FUNCTION_10  lto-llvm-d3ecdc.o
    0x08001c34   0x08001c34   0x00000016   Code   RO         1096    .text.OUTLINED_FUNCTION_11  lto-llvm-d3ecdc.o
    0x08001c4a   0x08001c4a   0x00000016   Code   RO         1098    .text.OUTLINED_FUNCTION_12  lto-llvm-d3ecdc.o
    0x08001c60   0x08001c60   0x0000000e   Code   RO         1100    .text.OUTLINED_FUNCTION_13  lto-llvm-d3ecdc.o
    0x08001c6e   0x08001c6e   0x00000006   Code   RO         1102    .text.OUTLINED_FUNCTION_14  lto-llvm-d3ecdc.o
    0x08001c74   0x08001c74   0x0000000a   Code   RO         1104    .text.OUTLINED_FUNCTION_15  lto-llvm-d3ecdc.o
    0x08001c7e   0x08001c7e   0x00000008   Code   RO         1106    .text.OUTLINED_FUNCTION_16  lto-llvm-d3ecdc.o
    0x08001c86   0x08001c86   0x00000008   Code   RO         1108    .text.OUTLINED_FUNCTION_17  lto-llvm-d3ecdc.o
    0x08001c8e   0x08001c8e   0x0000000c   Code   RO         1110    .text.OUTLINED_FUNCTION_18  lto-llvm-d3ecdc.o
    0x08001c9a   0x08001c9a   0x0000000e   Code   RO         1112    .text.OUTLINED_FUNCTION_19  lto-llvm-d3ecdc.o
    0x08001ca8   0x08001ca8   0x0000002e   Code   RO         1078    .text.OUTLINED_FUNCTION_2  lto-llvm-d3ecdc.o
    0x08001cd6   0x08001cd6   0x0000000a   Code   RO         1114    .text.OUTLINED_FUNCTION_20  lto-llvm-d3ecdc.o
    0x08001ce0   0x08001ce0   0x00000012   Code   RO         1116    .text.OUTLINED_FUNCTION_21  lto-llvm-d3ecdc.o
    0x08001cf2   0x08001cf2   0x0000000e   Code   RO         1118    .text.OUTLINED_FUNCTION_22  lto-llvm-d3ecdc.o
    0x08001d00   0x08001d00   0x00000006   Code   RO         1120    .text.OUTLINED_FUNCTION_23  lto-llvm-d3ecdc.o
    0x08001d06   0x08001d06   0x0000000c   Code   RO         1122    .text.OUTLINED_FUNCTION_24  lto-llvm-d3ecdc.o
    0x08001d12   0x08001d12   0x0000000c   Code   RO         1124    .text.OUTLINED_FUNCTION_25  lto-llvm-d3ecdc.o
    0x08001d1e   0x08001d1e   0x00000010   Code   RO         1126    .text.OUTLINED_FUNCTION_26  lto-llvm-d3ecdc.o
    0x08001d2e   0x08001d2e   0x00000008   Code   RO         1128    .text.OUTLINED_FUNCTION_27  lto-llvm-d3ecdc.o
    0x08001d36   0x08001d36   0x00000014   Code   RO         1130    .text.OUTLINED_FUNCTION_28  lto-llvm-d3ecdc.o
    0x08001d4a   0x08001d4a   0x00000006   Code   RO         1132    .text.OUTLINED_FUNCTION_29  lto-llvm-d3ecdc.o
    0x08001d50   0x08001d50   0x0000000a   Code   RO         1080    .text.OUTLINED_FUNCTION_3  lto-llvm-d3ecdc.o
    0x08001d5a   0x08001d5a   0x0000000a   Code   RO         1134    .text.OUTLINED_FUNCTION_30  lto-llvm-d3ecdc.o
    0x08001d64   0x08001d64   0x0000000e   Code   RO         1136    .text.OUTLINED_FUNCTION_31  lto-llvm-d3ecdc.o
    0x08001d72   0x08001d72   0x0000000a   Code   RO         1138    .text.OUTLINED_FUNCTION_32  lto-llvm-d3ecdc.o
    0x08001d7c   0x08001d7c   0x0000000e   Code   RO         1140    .text.OUTLINED_FUNCTION_33  lto-llvm-d3ecdc.o
    0x08001d8a   0x08001d8a   0x0000000a   Code   RO         1142    .text.OUTLINED_FUNCTION_34  lto-llvm-d3ecdc.o
    0x08001d94   0x08001d94   0x00000006   Code   RO         1144    .text.OUTLINED_FUNCTION_35  lto-llvm-d3ecdc.o
    0x08001d9a   0x08001d9a   0x0000000e   Code   RO         1146    .text.OUTLINED_FUNCTION_36  lto-llvm-d3ecdc.o
    0x08001da8   0x08001da8   0x0000001e   Code   RO         1082    .text.OUTLINED_FUNCTION_4  lto-llvm-d3ecdc.o
    0x08001dc6   0x08001dc6   0x0000001e   Code   RO         1084    .text.OUTLINED_FUNCTION_5  lto-llvm-d3ecdc.o
    0x08001de4   0x08001de4   0x0000001e   Code   RO         1086    .text.OUTLINED_FUNCTION_6  lto-llvm-d3ecdc.o
    0x08001e02   0x08001e02   0x0000001e   Code   RO         1088    .text.OUTLINED_FUNCTION_7  lto-llvm-d3ecdc.o
    0x08001e20   0x08001e20   0x0000001a   Code   RO         1090    .text.OUTLINED_FUNCTION_8  lto-llvm-d3ecdc.o
    0x08001e3a   0x08001e3a   0x00000018   Code   RO         1092    .text.OUTLINED_FUNCTION_9  lto-llvm-d3ecdc.o
    0x08001e52   0x08001e52   0x00000002   PAD
    0x08001e54   0x08001e54   0x000000c0   Code   RO         1036    .text.RCCEx_PLL2_Config  lto-llvm-d3ecdc.o
    0x08001f14   0x08001f14   0x000000c0   Code   RO         1038    .text.RCCEx_PLL3_Config  lto-llvm-d3ecdc.o
    0x08001fd4   0x08001fd4   0x0000002e   Code   RO          339    .text.SemaphoreTokenIncrement  RTX_CM4F.lib(rtx_semaphore.o)
    0x08002002   0x08002002   0x00000002   PAD
    0x08002004   0x08002004   0x000000bc   Code   RO         1072    .text.SystemInit    lto-llvm-d3ecdc.o
    0x080020c0   0x080020c0   0x00000064   Code   RO          199    .text.ThreadFlagsCheck  RTX_CM4F.lib(rtx_thread.o)
    0x08002124   0x08002124   0x00000044   Code   RO         1070    .text.UARTEx_SetNbDataToProcess  lto-llvm-d3ecdc.o
    0x08002168   0x08002168   0x0000000e   Code   RO         1068    .text.UART_DMAAbortOnError  lto-llvm-d3ecdc.o
    0x08002176   0x08002176   0x0000004e   Code   RO         1054    .text.UART_DMAError  lto-llvm-d3ecdc.o
    0x080021c4   0x080021c4   0x00000034   Code   RO         1060    .text.UART_DMAReceiveCplt  lto-llvm-d3ecdc.o
    0x080021f8   0x080021f8   0x00000002   Code   RO         1062    .text.UART_DMARxHalfCplt  lto-llvm-d3ecdc.o
    0x080021fa   0x080021fa   0x00000002   PAD
    0x080021fc   0x080021fc   0x00000020   Code   RO         1058    .text.UART_EndRxTransfer  lto-llvm-d3ecdc.o
    0x0800221c   0x0800221c   0x0000001a   Code   RO         1056    .text.UART_EndTxTransfer  lto-llvm-d3ecdc.o
    0x08002236   0x08002236   0x00000034   Code   RO         1052    .text.UART_RxISR_16BIT  lto-llvm-d3ecdc.o
    0x0800226a   0x0800226a   0x00000002   PAD
    0x0800226c   0x0800226c   0x0000006c   Code   RO         1048    .text.UART_RxISR_16BIT_FIFOEN  lto-llvm-d3ecdc.o
    0x080022d8   0x080022d8   0x00000038   Code   RO         1050    .text.UART_RxISR_8BIT  lto-llvm-d3ecdc.o
    0x08002310   0x08002310   0x00000074   Code   RO         1046    .text.UART_RxISR_8BIT_FIFOEN  lto-llvm-d3ecdc.o
    0x08002384   0x08002384   0x0000006c   Code   RO         1044    .text.UART_WaitOnFlagUntilTimeout  lto-llvm-d3ecdc.o
    0x080023f0   0x080023f0   0x00000028   Code   RO          864    .text.USART1_IRQHandler  lto-llvm-d3ecdc.o
    0x08002418   0x08002418   0x00000002   Code   RO          858    .text.UsageFault_Handler  lto-llvm-d3ecdc.o
    0x0800241a   0x0800241a   0x0000001a   Code   RO          996    .text._mutex_acquire  lto-llvm-d3ecdc.o
    0x08002434   0x08002434   0x00000006   Code   RO          998    .text._mutex_free   lto-llvm-d3ecdc.o
    0x0800243a   0x0800243a   0x0000001e   Code   RO         1000    .text._mutex_initialize  lto-llvm-d3ecdc.o
    0x08002458   0x08002458   0x00000016   Code   RO         1002    .text._mutex_release  lto-llvm-d3ecdc.o
    0x0800246e   0x0800246e   0x00000004   Code   RO         1006    .text._platform_post_stackheap_init  lto-llvm-d3ecdc.o
    0x08002472   0x08002472   0x0000001e   Code   RO          872    .text.adjust_request_size  lto-llvm-d3ecdc.o
    0x08002490   0x08002490   0x00000080   Code   RO          902    .text.block_absorb  lto-llvm-d3ecdc.o
    0x08002510   0x08002510   0x000000d4   Code   RO          876    .text.block_insert  lto-llvm-d3ecdc.o
    0x080025e4   0x080025e4   0x0000000c   Code   RO          878    .text.block_link_next  lto-llvm-d3ecdc.o
    0x080025f0   0x080025f0   0x00000164   Code   RO          884    .text.block_locate_free  lto-llvm-d3ecdc.o
    0x08002754   0x08002754   0x0000001a   Code   RO          892    .text.block_mark_as_free  lto-llvm-d3ecdc.o
    0x0800276e   0x0800276e   0x0000001a   Code   RO          890    .text.block_mark_as_used  lto-llvm-d3ecdc.o
    0x08002788   0x08002788   0x00000080   Code   RO          904    .text.block_merge_next  lto-llvm-d3ecdc.o
    0x08002808   0x08002808   0x00000058   Code   RO          880    .text.block_next    lto-llvm-d3ecdc.o
    0x08002860   0x08002860   0x000000ec   Code   RO          886    .text.block_prepare_used  lto-llvm-d3ecdc.o
    0x0800294c   0x0800294c   0x0000002c   Code   RO          900    .text.block_remove  lto-llvm-d3ecdc.o
    0x08002978   0x08002978   0x00000154   Code   RO          888    .text.block_split   lto-llvm-d3ecdc.o
    0x08002acc   0x08002acc   0x00000064   Code   RO          910    .text.com_recv_callback  lto-llvm-d3ecdc.o
    0x08002b30   0x08002b30   0x00000094   Code   RO          908    .text.com_send_sync  lto-llvm-d3ecdc.o
    0x08002bc4   0x08002bc4   0x0000002e   Code   RO          914    .text.ds_vector_at  lto-llvm-d3ecdc.o
    0x08002bf2   0x08002bf2   0x00000010   Code   RO          916    .text.ds_vector_lock  lto-llvm-d3ecdc.o
    0x08002c02   0x08002c02   0x00000010   Code   RO          918    .text.ds_vector_unlock  lto-llvm-d3ecdc.o
    0x08002c12   0x08002c12   0x00000002   PAD
    0x08002c14   0x08002c14   0x000000b8   Code   RO          870    .text.log_control   lto-llvm-d3ecdc.o
    0x08002ccc   0x08002ccc   0x000003e8   Code   RO          868    .text.log_out       lto-llvm-d3ecdc.o
    0x080030b4   0x080030b4   0x000002cc   Code   RO          866    .text.log_snprintf  lto-llvm-d3ecdc.o
    0x08003380   0x08003380   0x000015e0   Code   RO          848    .text.main          lto-llvm-d3ecdc.o
    0x08004960   0x08004960   0x00000060   Code   RO          882    .text.memory_alloc  lto-llvm-d3ecdc.o
    0x080049c0   0x080049c0   0x0000001a   Code   RO          896    .text.memory_calloc  lto-llvm-d3ecdc.o
    0x080049da   0x080049da   0x00000002   PAD
    0x080049dc   0x080049dc   0x000000f8   Code   RO          898    .text.memory_free   lto-llvm-d3ecdc.o
    0x08004ad4   0x08004ad4   0x0000017c   Code   RO          874    .text.memory_pool   lto-llvm-d3ecdc.o
    0x08004c50   0x08004c50   0x00000024   Code   RO          265    .text.osDelay       RTX_CM4F.lib(rtx_delay.o)
    0x08004c74   0x08004c74   0x0000002c   Code   RO           57    .text.osKernelGetState  RTX_CM4F.lib(rtx_kernel.o)
    0x08004ca0   0x08004ca0   0x00000024   Code   RO           73    .text.osKernelGetTickCount  RTX_CM4F.lib(rtx_kernel.o)
    0x08004cc4   0x08004cc4   0x0000002c   Code   RO           51    .text.osKernelInitialize  RTX_CM4F.lib(rtx_kernel.o)
    0x08004cf0   0x08004cf0   0x00000024   Code   RO           61    .text.osKernelStart  RTX_CM4F.lib(rtx_kernel.o)
    0x08004d14   0x08004d14   0x00000024   Code   RO          289    .text.osMutexAcquire  RTX_CM4F.lib(rtx_mutex.o)
    0x08004d38   0x08004d38   0x00000024   Code   RO          295    .text.osMutexDelete  RTX_CM4F.lib(rtx_mutex.o)
    0x08004d5c   0x08004d5c   0x00000024   Code   RO          285    .text.osMutexNew    RTX_CM4F.lib(rtx_mutex.o)
    0x08004d80   0x08004d80   0x00000024   Code   RO          291    .text.osMutexRelease  RTX_CM4F.lib(rtx_mutex.o)
    0x08004da4   0x08004da4   0x00000002   Code   RO         1012    .text.osRtxErrorNotify  lto-llvm-d3ecdc.o
    0x08004da6   0x08004da6   0x00000002   Code   RO         1010    .text.osRtxIdleThread  lto-llvm-d3ecdc.o
    0x08004da8   0x08004da8   0x00000004   Code   RO           49    .text.osRtxKernelErrorNotify  RTX_CM4F.lib(rtx_kernel.o)
    0x08004dac   0x08004dac   0x00000002   Code   RO           47    .text.osRtxKernelPreInit  RTX_CM4F.lib(rtx_kernel.o)
    0x08004dae   0x08004dae   0x0000006c   Code   RO          362    .text.osRtxMemoryAlloc  RTX_CM4F.lib(rtx_memory.o)
    0x08004e1a   0x08004e1a   0x00000042   Code   RO          364    .text.osRtxMemoryFree  RTX_CM4F.lib(rtx_memory.o)
    0x08004e5c   0x08004e5c   0x00000036   Code   RO          360    .text.osRtxMemoryInit  RTX_CM4F.lib(rtx_memory.o)
    0x08004e92   0x08004e92   0x0000003a   Code   RO          376    .text.osRtxMemoryPoolAlloc  RTX_CM4F.lib(rtx_mempool.o)
    0x08004ecc   0x08004ecc   0x0000004a   Code   RO          378    .text.osRtxMemoryPoolFree  RTX_CM4F.lib(rtx_mempool.o)
    0x08004f16   0x08004f16   0x00000038   Code   RO          374    .text.osRtxMemoryPoolInit  RTX_CM4F.lib(rtx_mempool.o)
    0x08004f4e   0x08004f4e   0x00000048   Code   RO          281    .text.osRtxMutexOwnerRelease  RTX_CM4F.lib(rtx_mutex.o)
    0x08004f96   0x08004f96   0x00000042   Code   RO          283    .text.osRtxMutexOwnerRestore  RTX_CM4F.lib(rtx_mutex.o)
    0x08004fd8   0x08004fd8   0x0000008c   Code   RO          428    .text.osRtxPendSV_Handler  RTX_CM4F.lib(rtx_system.o)
    0x08005064   0x08005064   0x00000070   Code   RO          430    .text.osRtxPostProcess  RTX_CM4F.lib(rtx_system.o)
    0x080050d4   0x080050d4   0x00000036   Code   RO          333    .text.osRtxSemaphorePostProcess  RTX_CM4F.lib(rtx_semaphore.o)
    0x0800510a   0x0800510a   0x00000002   PAD
    0x0800510c   0x0800510c   0x00000034   Code   RO          139    .text.osRtxThreadBlock  RTX_CM4F.lib(rtx_thread.o)
    0x08005140   0x08005140   0x0000007c   Code   RO          147    .text.osRtxThreadDelayInsert  RTX_CM4F.lib(rtx_thread.o)
    0x080051bc   0x080051bc   0x0000003c   Code   RO          143    .text.osRtxThreadDelayRemove  RTX_CM4F.lib(rtx_thread.o)
    0x080051f8   0x080051f8   0x00000048   Code   RO          129    .text.osRtxThreadDelayTick  RTX_CM4F.lib(rtx_thread.o)
    0x08005240   0x08005240   0x00000020   Code   RO          231    .text.osRtxThreadDestroy  RTX_CM4F.lib(rtx_thread.o)
    0x08005260   0x08005260   0x00000050   Code   RO          137    .text.osRtxThreadDispatch  RTX_CM4F.lib(rtx_thread.o)
    0x080052b0   0x080052b0   0x00000058   Code   RO          223    .text.osRtxThreadFree  RTX_CM4F.lib(rtx_thread.o)
    0x08005308   0x08005308   0x0000001e   Code   RO          229    .text.osRtxThreadJoinWakeup  RTX_CM4F.lib(rtx_thread.o)
    0x08005326   0x08005326   0x00000012   Code   RO          121    .text.osRtxThreadListGet  RTX_CM4F.lib(rtx_thread.o)
    0x08005338   0x08005338   0x0000002c   Code   RO          119    .text.osRtxThreadListPut  RTX_CM4F.lib(rtx_thread.o)
    0x08005364   0x08005364   0x00000014   Code   RO          125    .text.osRtxThreadListRemove  RTX_CM4F.lib(rtx_thread.o)
    0x08005378   0x08005378   0x0000000c   Code   RO          131    .text.osRtxThreadListRoot  RTX_CM4F.lib(rtx_thread.o)
    0x08005384   0x08005384   0x00000026   Code   RO          123    .text.osRtxThreadListSort  RTX_CM4F.lib(rtx_thread.o)
    0x080053aa   0x080053aa   0x00000028   Code   RO          197    .text.osRtxThreadPostProcess  RTX_CM4F.lib(rtx_thread.o)
    0x080053d2   0x080053d2   0x00000002   PAD
    0x080053d4   0x080053d4   0x00000010   Code   RO          127    .text.osRtxThreadReadyPut  RTX_CM4F.lib(rtx_thread.o)
    0x080053e4   0x080053e4   0x00000038   Code   RO          149    .text.osRtxThreadStartup  RTX_CM4F.lib(rtx_thread.o)
    0x0800541c   0x0800541c   0x00000010   Code   RO          135    .text.osRtxThreadSwitch  RTX_CM4F.lib(rtx_thread.o)
    0x0800542c   0x0800542c   0x0000003c   Code   RO          145    .text.osRtxThreadWaitEnter  RTX_CM4F.lib(rtx_thread.o)
    0x08005468   0x08005468   0x00000030   Code   RO          141    .text.osRtxThreadWaitExit  RTX_CM4F.lib(rtx_thread.o)
    0x08005498   0x08005498   0x00000078   Code   RO          426    .text.osRtxTick_Handler  RTX_CM4F.lib(rtx_system.o)
    0x08005510   0x08005510   0x00000054   Code   RO          321    .text.osSemaphoreAcquire  RTX_CM4F.lib(rtx_semaphore.o)
    0x08005564   0x08005564   0x00000024   Code   RO          317    .text.osSemaphoreNew  RTX_CM4F.lib(rtx_semaphore.o)
    0x08005588   0x08005588   0x0000004c   Code   RO          323    .text.osSemaphoreRelease  RTX_CM4F.lib(rtx_semaphore.o)
    0x080055d4   0x080055d4   0x0000000c   Code   RO          181    .text.osThreadExit  RTX_CM4F.lib(rtx_thread.o)
    0x080055e0   0x080055e0   0x00000024   Code   RO          153    .text.osThreadNew   RTX_CM4F.lib(rtx_thread.o)
    0x08005604   0x08005604   0x00000024   Code   RO          167    .text.osThreadSetPriority  RTX_CM4F.lib(rtx_thread.o)
    0x08005628   0x08005628   0x00000020   Code   RO         1004    .text.os_kernel_is_active  lto-llvm-d3ecdc.o
    0x08005648   0x08005648   0x000000b0   Code   RO          894    .text.remove_free_block  lto-llvm-d3ecdc.o
    0x080056f8   0x080056f8   0x00000008   Code   RO          832    .text.rte_calloc    lto-llvm-d3ecdc.o
    0x08005700   0x08005700   0x0000000e   Code   RO          844    .text.rte_data_out  lto-llvm-d3ecdc.o
    0x0800570e   0x0800570e   0x00000004   Code   RO          836    .text.rte_free      lto-llvm-d3ecdc.o
    0x08005712   0x08005712   0x00000004   Code   RO          828    .text.rte_get_tick  lto-llvm-d3ecdc.o
    0x08005716   0x08005716   0x00000008   Code   RO          830    .text.rte_malloc    lto-llvm-d3ecdc.o
    0x0800571e   0x0800571e   0x00000014   Code   RO          824    .text.rte_mutex_lock  lto-llvm-d3ecdc.o
    0x08005732   0x08005732   0x00000010   Code   RO          826    .text.rte_mutex_unlock  lto-llvm-d3ecdc.o
    0x08005742   0x08005742   0x00000002   PAD
    0x08005744   0x08005744   0x000001b4   Code   RO          834    .text.rte_realloc   lto-llvm-d3ecdc.o
    0x080058f8   0x080058f8   0x00000018   Code   RO          846    .text.running_timer  lto-llvm-d3ecdc.o
    0x08005910   0x08005910   0x00000006   Code   RO          968    .text.shellBackspace  lto-llvm-d3ecdc.o
    0x08005916   0x08005916   0x00000036   Code   RO          938    .text.shellCheckPermission  lto-llvm-d3ecdc.o
    0x0800594c   0x0800594c   0x0000001c   Code   RO          990    .text.shellClear    lto-llvm-d3ecdc.o
    0x08005968   0x08005968   0x00000028   Code   RO          946    .text.shellClearCommandLine  lto-llvm-d3ecdc.o
    0x08005990   0x08005990   0x00000012   Code   RO          984    .text.shellCmds     lto-llvm-d3ecdc.o
    0x080059a2   0x080059a2   0x00000008   Code   RO          972    .text.shellDelete   lto-llvm-d3ecdc.o
    0x080059aa   0x080059aa   0x000000d2   Code   RO          970    .text.shellDeleteByte  lto-llvm-d3ecdc.o
    0x08005a7c   0x08005a7c   0x00000020   Code   RO          948    .text.shellDeleteCommandLine  lto-llvm-d3ecdc.o
    0x08005a9c   0x08005a9c   0x00000008   Code   RO          950    .text.shellDown     lto-llvm-d3ecdc.o
    0x08005aa4   0x08005aa4   0x00000490   Code   RO          974    .text.shellEnter    lto-llvm-d3ecdc.o
    0x08005f34   0x08005f34   0x00000032   Code   RO          994    .text.shellExtParseChar  lto-llvm-d3ecdc.o
    0x08005f66   0x08005f66   0x00000002   PAD
    0x08005f68   0x08005f68   0x00000038   Code   RO          940    .text.shellGetCommandName  lto-llvm-d3ecdc.o
    0x08005fa0   0x08005fa0   0x00000024   Code   RO          922    .text.shellGetCurrent  lto-llvm-d3ecdc.o
    0x08005fc4   0x08005fc4   0x0000003c   Code   RO          932    .text.shellGetVarValue  lto-llvm-d3ecdc.o
    0x08006000   0x08006000   0x00000028   Code   RO          980    .text.shellHelp     lto-llvm-d3ecdc.o
    0x08006028   0x08006028   0x0000008e   Code   RO          944    .text.shellHistory  lto-llvm-d3ecdc.o
    0x080060b6   0x080060b6   0x00000002   PAD
    0x080060b8   0x080060b8   0x00000044   Code   RO          988    .text.shellKeys     lto-llvm-d3ecdc.o
    0x080060fc   0x080060fc   0x00000020   Code   RO          954    .text.shellLeft     lto-llvm-d3ecdc.o
    0x0800611c   0x0800611c   0x00000048   Code   RO          958    .text.shellListCommand  lto-llvm-d3ecdc.o
    0x08006164   0x08006164   0x0000011c   Code   RO          964    .text.shellListItem  lto-llvm-d3ecdc.o
    0x08006280   0x08006280   0x00000022   Code   RO          952    .text.shellRight    lto-llvm-d3ecdc.o
    0x080062a2   0x080062a2   0x00000048   Code   RO          924    .text.shellSeekCommand  lto-llvm-d3ecdc.o
    0x080062ea   0x080062ea   0x00000002   PAD
    0x080062ec   0x080062ec   0x0000005c   Code   RO          978    .text.shellSetUser  lto-llvm-d3ecdc.o
    0x08006348   0x08006348   0x000000f4   Code   RO          920    .text.shellSetVar   lto-llvm-d3ecdc.o
    0x0800643c   0x0800643c   0x000000ac   Code   RO          930    .text.shellShowVar  lto-llvm-d3ecdc.o
    0x080064e8   0x080064e8   0x0000001a   Code   RO          962    .text.shellStringCompare  lto-llvm-d3ecdc.o
    0x08006502   0x08006502   0x00000018   Code   RO          928    .text.shellStringCopy  lto-llvm-d3ecdc.o
    0x0800651a   0x0800651a   0x00000002   PAD
    0x0800651c   0x0800651c   0x00000154   Code   RO          956    .text.shellTab      lto-llvm-d3ecdc.o
    0x08006670   0x08006670   0x00000204   Code   RO          992    .text.shellTask     lto-llvm-d3ecdc.o
    0x08006874   0x08006874   0x00000048   Code   RO          934    .text.shellToDec    lto-llvm-d3ecdc.o
    0x080068bc   0x080068bc   0x00000026   Code   RO          936    .text.shellToHex    lto-llvm-d3ecdc.o
    0x080068e2   0x080068e2   0x00000006   Code   RO          942    .text.shellUp       lto-llvm-d3ecdc.o
    0x080068e8   0x080068e8   0x00000044   Code   RO          982    .text.shellUsers    lto-llvm-d3ecdc.o
    0x0800692c   0x0800692c   0x00000048   Code   RO          986    .text.shellVars     lto-llvm-d3ecdc.o
    0x08006974   0x08006974   0x00000060   Code   RO          966    .text.shellWriteCommandHelp  lto-llvm-d3ecdc.o
    0x080069d4   0x080069d4   0x00000078   Code   RO          960    .text.shellWritePrompt  lto-llvm-d3ecdc.o
    0x08006a4c   0x08006a4c   0x0000007c   Code   RO          976    .text.shellWriteReturnValue  lto-llvm-d3ecdc.o
    0x08006ac8   0x08006ac8   0x00000028   Code   RO          926    .text.shellWriteString  lto-llvm-d3ecdc.o
    0x08006af0   0x08006af0   0x00000070   Code   RO          906    .text.single_timer_free_cb  lto-llvm-d3ecdc.o
    0x08006b60   0x08006b60   0x00000016   Code   RO          269    .text.svcRtxDelay   RTX_CM4F.lib(rtx_delay.o)
    0x08006b76   0x08006b76   0x00000002   PAD
    0x08006b78   0x08006b78   0x00000008   Code   RO           59    .text.svcRtxKernelGetState  RTX_CM4F.lib(rtx_kernel.o)
    0x08006b80   0x08006b80   0x00000008   Code   RO           75    .text.svcRtxKernelGetTickCount  RTX_CM4F.lib(rtx_kernel.o)
    0x08006b88   0x08006b88   0x000000f8   Code   RO           89    .text.svcRtxKernelInitialize  RTX_CM4F.lib(rtx_kernel.o)
    0x08006c80   0x08006c80   0x00000084   Code   RO           91    .text.svcRtxKernelStart  RTX_CM4F.lib(rtx_kernel.o)
    0x08006d04   0x08006d04   0x0000008c   Code   RO          301    .text.svcRtxMutexAcquire  RTX_CM4F.lib(rtx_mutex.o)
    0x08006d90   0x08006d90   0x000000ac   Code   RO          307    .text.svcRtxMutexDelete  RTX_CM4F.lib(rtx_mutex.o)
    0x08006e3c   0x08006e3c   0x00000064   Code   RO          297    .text.svcRtxMutexNew  RTX_CM4F.lib(rtx_mutex.o)
    0x08006ea0   0x08006ea0   0x000000b4   Code   RO          303    .text.svcRtxMutexRelease  RTX_CM4F.lib(rtx_mutex.o)
    0x08006f54   0x08006f54   0x00000054   Code   RO          337    .text.svcRtxSemaphoreAcquire  RTX_CM4F.lib(rtx_semaphore.o)
    0x08006fa8   0x08006fa8   0x0000007c   Code   RO          331    .text.svcRtxSemaphoreNew  RTX_CM4F.lib(rtx_semaphore.o)
    0x08007024   0x08007024   0x00000038   Code   RO          341    .text.svcRtxSemaphoreRelease  RTX_CM4F.lib(rtx_semaphore.o)
    0x0800705c   0x0800705c   0x0000004c   Code   RO          227    .text.svcRtxThreadExit  RTX_CM4F.lib(rtx_thread.o)
    0x080070a8   0x080070a8   0x000001ec   Code   RO          151    .text.svcRtxThreadNew  RTX_CM4F.lib(rtx_thread.o)
    0x08007294   0x08007294   0x00000048   Code   RO          209    .text.svcRtxThreadSetPriority  RTX_CM4F.lib(rtx_thread.o)
    0x080072dc   0x080072dc   0x00000798   Code   RO          842    .text.system_thread  lto-llvm-d3ecdc.o
    0x08007a74   0x08007a74   0x00000660   Code   RO          840    .text.userShellRead  lto-llvm-d3ecdc.o
    0x080080d4   0x080080d4   0x0000000c   Code   RO          838    .text.userShellWrite  lto-llvm-d3ecdc.o
    0x080080e0   0x080080e0   0x0000001a   Code   RO          749    x$fpl$fpinit        fz_wv.l(fpinit.o)
    0x080080fa   0x080080fa   0x00000002   PAD
    0x080080fc   0x080080fc   0x00000234   Data   RO         1148    .rodata             lto-llvm-d3ecdc.o
    0x08008330   0x08008330   0x00000010   Data   RO         1161    .rodata.cst16       lto-llvm-d3ecdc.o
    0x08008340   0x08008340   0x00000018   Data   RO         1160    .rodata.cst8        lto-llvm-d3ecdc.o
    0x08008358   0x08008358   0x0000042c   Data   RO         1151    .rodata.str1.1      lto-llvm-d3ecdc.o
    0x08008784   0x08008784   0x0000000b   Data   RO          109    .rodata.str1.4      RTX_CM4F.lib(rtx_kernel.o)
    0x0800878f   0x0800878f   0x00000001   PAD
    0x08008790   0x08008790   0x0000000c   Data   RO         1155    .rodata.str1.4      lto-llvm-d3ecdc.o
    0x0800879c   0x0800879c   0x00000040   Data   RO         1187    Region$$Table       anon$$obj.o
    0x080087dc   0x080087dc   0x00000120   Data   RO         1154    shellCommand        lto-llvm-d3ecdc.o


    Execution Region IRAM_MATH (Exec base: 0x20000000, Load base: 0x08008a08, Size: 0x00000000, Max: 0x00020000, ABSOLUTE)

    **** No section assigned to this execution region ****


    Execution Region IRAM_CAM (Exec base: 0x24000000, Load base: 0x08008a08, Size: 0x00000000, Max: 0x00080000, ABSOLUTE)

    **** No section assigned to this execution region ****


    Execution Region IRAM_GUI (Exec base: 0x30000000, Load base: 0x08008a08, Size: 0x00000000, Max: 0x00040000, ABSOLUTE)

    **** No section assigned to this execution region ****


    Execution Region IRAM_JPEG (Exec base: 0x30040000, Load base: 0x08008a08, Size: 0x00008000, Max: 0x00008000, ABSOLUTE, COMPRESSED[0x00000104])

    Exec Addr    Load Addr    Size         Type   Attr      Idx    E Section Name        Object

    0x30040000   COMPRESSED   0x00008000   Data   RW         1150    .RAM_DMA            lto-llvm-d3ecdc.o


    Execution Region IRAM_RTE (Exec base: 0x38000000, Load base: 0x08008b0c, Size: 0x00010000, Max: 0x00010000, ABSOLUTE, COMPRESSED[0x00000208])

    Exec Addr    Load Addr    Size         Type   Attr      Idx    E Section Name        Object

    0x38000000   COMPRESSED   0x00010000   Data   RW         1149    .RAM_RTE            lto-llvm-d3ecdc.o


==============================================================================

Image component sizes


      Code (inc. data)   RO Data    RW Data    ZI Data      Debug   Object Name

     25780       2916       1972      98400      11652     161735   lto-llvm-d3ecdc.o
        60         22        664          0       1536        888   startup_stm32h743xx.o

    ----------------------------------------------------------------------
     25868       2938       2700      98400      13192     162623   Object Totals
         0          0         64          0          0          0   (incl. Generated)
        28          0          0          0          4          0   (incl. Padding)

    ----------------------------------------------------------------------

      Code (inc. data)   RO Data    RW Data    ZI Data      Debug   Library Member Name

       200         12          0          0          0        634   irq_armv7m.o
       114         20          0          0          1       3200   os_systick.o
        58          4          0          0          0       2791   rtx_delay.o
       580         32         11        164          0      16501   rtx_kernel.o
       228          0          0          0          0       2537   rtx_memory.o
       188          0          0          0          0      16008   rtx_mempool.o
       874         20          0          0          0       9962   rtx_mutex.o
       560         20          0          0          0      10527   rtx_semaphore.o
       372         22          0          0          0       5296   rtx_system.o
      1736         56          0          0          0      31847   rtx_thread.o
        58          0          0          0          0          0   __dczerorl.o
         8          0          0          0          0         68   __main.o
         0          0          0          0          0          0   __rtentry.o
        20          0          0          0          0          0   __rtentry2.o
         6          0          0          0          0          0   __rtentry4.o
        52          8          0          0          0          0   __scatter.o
        26          0          0          0          0          0   __scatter_copy.o
        28          0          0          0          0          0   __scatter_zi.o
        18          0          0          0          0         80   exit.o
         6          0          0          0          0        152   heapauxi.o
         0          0          0          0          0          0   indicate_semi.o
         2          0          0          0          0          0   libinit.o
         6          0          0          0          0          0   libinit2.o
         2          0          0          0          0          0   libshutdown.o
         2          0          0          0          0          0   libshutdown2.o
         8          4          0          0         96         68   libspace.o
       240          0          0          0          0        100   lludivv7m.o
        68          0          0          0          0         68   rt_memclr.o
        78          0          0          0          0         80   rt_memclr_w.o
       138          0          0          0          0         68   rt_memcpy_v6.o
       100          0          0          0          0         80   rt_memcpy_w.o
       132          0          0          0          0         68   rt_memmove_v6.o
       122          0          0          0          0         80   rt_memmove_w.o
         2          0          0          0          0          0   rtexit.o
        10          0          0          0          0          0   rtexit2.o
       124          0          0          0          0         88   strcmpv7m_pel.o
        62          0          0          0          0         76   strlen.o
        86          0          0          0          0         76   strncpy.o
        36          0          0          0          0         80   strstr.o
        12          4          0          0          0         68   sys_exit.o
        74          0          0          0          0         80   sys_stackheap_outer.o
         2          0          0          0          0         68   use_no_semi.o
        26          0          0          0          0        116   fpinit.o

    ----------------------------------------------------------------------
      6488        202         12        164        108     100867   Library Totals
        24          0          1          0         11          0   (incl. Padding)

    ----------------------------------------------------------------------

      Code (inc. data)   RO Data    RW Data    ZI Data      Debug   Library Name

      4910        186         11        164          1      99303   RTX_CM4F.lib
      1528         16          0          0         96       1448   c_w.l
        26          0          0          0          0        116   fz_wv.l

    ----------------------------------------------------------------------
      6488        202         12        164        108     100867   Library Totals

    ----------------------------------------------------------------------

==============================================================================


      Code (inc. data)   RO Data    RW Data    ZI Data      Debug   

     32356       3140       2712      98564      13300     262702   Grand Totals
     32356       3140       2712       1040      13300     262702   ELF Image Totals (compressed)
     32356       3140       2712       1040          0          0   ROM Totals

==============================================================================

    Total RO  Size (Code + RO Data)                35068 (  34.25kB)
    Total RW  Size (RW Data + ZI Data)            111864 ( 109.24kB)
    Total ROM Size (Code + RO Data + RW Data)      36108 (  35.26kB)

==============================================================================

