Component: ARM Compiler 6.16 Tool: armlink [5dfeaa00]

==============================================================================

Section Cross References

    startup_stm32h743xx.o(STACK) refers (Special) to heapauxi.o(.text) for __use_two_region_memory
    startup_stm32h743xx.o(HEAP) refers (Special) to heapauxi.o(.text) for __use_two_region_memory
    startup_stm32h743xx.o(RESET) refers (Special) to heapauxi.o(.text) for __use_two_region_memory
    startup_stm32h743xx.o(RESET) refers to startup_stm32h743xx.o(STACK) for __initial_sp
    startup_stm32h743xx.o(RESET) refers to startup_stm32h743xx.o(.text) for Reset_Handler
    startup_stm32h743xx.o(RESET) refers to lto-llvm-217697.o(.text.NMI_Handler) for NMI_Handler
    startup_stm32h743xx.o(RESET) refers to lto-llvm-217697.o(.text.HardFault_Handler) for HardFault_Handler
    startup_stm32h743xx.o(RESET) refers to lto-llvm-217697.o(.text.MemManage_Handler) for MemManage_Handler
    startup_stm32h743xx.o(RESET) refers to lto-llvm-217697.o(.text.BusFault_Handler) for BusFault_Handler
    startup_stm32h743xx.o(RESET) refers to lto-llvm-217697.o(.text.UsageFault_Handler) for UsageFault_Handler
    startup_stm32h743xx.o(RESET) refers to irq_armv7m.o(.text) for SVC_Handler
    startup_stm32h743xx.o(RESET) refers to lto-llvm-217697.o(.text.DebugMon_Handler) for DebugMon_Handler
    startup_stm32h743xx.o(RESET) refers to lto-llvm-217697.o(.text.DMA1_Stream0_IRQHandler) for DMA1_Stream0_IRQHandler
    startup_stm32h743xx.o(RESET) refers to lto-llvm-217697.o(.text.USART1_IRQHandler) for USART1_IRQHandler
    startup_stm32h743xx.o(.text) refers (Special) to heapauxi.o(.text) for __use_two_region_memory
    startup_stm32h743xx.o(.text) refers to lto-llvm-217697.o(.text.SystemInit) for SystemInit
    startup_stm32h743xx.o(.text) refers to __main.o(!!!main) for __main
    startup_stm32h743xx.o(.text) refers to startup_stm32h743xx.o(HEAP) for Heap_Mem
    startup_stm32h743xx.o(.text) refers to startup_stm32h743xx.o(STACK) for Stack_Mem
    rtx_kernel.o(.ARM.exidx.text.osRtxKernelPreInit) refers to rtx_kernel.o(.text.osRtxKernelPreInit) for [Anonymous Symbol]
    rtx_kernel.o(.text.osRtxKernelErrorNotify) refers to lto-llvm-217697.o(.text.osRtxErrorNotify) for osRtxErrorNotify
    rtx_kernel.o(.ARM.exidx.text.osRtxKernelErrorNotify) refers to rtx_kernel.o(.text.osRtxKernelErrorNotify) for [Anonymous Symbol]
    rtx_kernel.o(.text.osKernelInitialize) refers to rtx_kernel.o(.text.osRtxKernelPreInit) for osRtxKernelPreInit
    rtx_kernel.o(.text.osKernelInitialize) refers to rtx_kernel.o(.text.svcRtxKernelInitialize) for svcRtxKernelInitialize
    rtx_kernel.o(.ARM.exidx.text.osKernelInitialize) refers to rtx_kernel.o(.text.osKernelInitialize) for [Anonymous Symbol]
    rtx_kernel.o(.text.osKernelGetInfo) refers to rtx_kernel.o(.text.svcRtxKernelGetInfo) for svcRtxKernelGetInfo
    rtx_kernel.o(.ARM.exidx.text.osKernelGetInfo) refers to rtx_kernel.o(.text.osKernelGetInfo) for [Anonymous Symbol]
    rtx_kernel.o(.text.svcRtxKernelGetInfo) refers to rt_memcpy_v6.o(.text) for __aeabi_memcpy
    rtx_kernel.o(.text.svcRtxKernelGetInfo) refers to rtx_kernel.o(.rodata.str1.4) for [Anonymous Symbol]
    rtx_kernel.o(.ARM.exidx.text.svcRtxKernelGetInfo) refers to rtx_kernel.o(.text.svcRtxKernelGetInfo) for [Anonymous Symbol]
    rtx_kernel.o(.text.osKernelGetState) refers to rtx_kernel.o(.text.svcRtxKernelGetState) for svcRtxKernelGetState
    rtx_kernel.o(.text.osKernelGetState) refers to rtx_kernel.o(.data.os) for osRtxInfo
    rtx_kernel.o(.ARM.exidx.text.osKernelGetState) refers to rtx_kernel.o(.text.osKernelGetState) for [Anonymous Symbol]
    rtx_kernel.o(.text.svcRtxKernelGetState) refers to rtx_kernel.o(.data.os) for osRtxInfo
    rtx_kernel.o(.ARM.exidx.text.svcRtxKernelGetState) refers to rtx_kernel.o(.text.svcRtxKernelGetState) for [Anonymous Symbol]
    rtx_kernel.o(.text.osKernelStart) refers to rtx_kernel.o(.text.OUTLINED_FUNCTION_1) for OUTLINED_FUNCTION_1
    rtx_kernel.o(.text.osKernelStart) refers to rtx_kernel.o(.text.svcRtxKernelStart) for svcRtxKernelStart
    rtx_kernel.o(.ARM.exidx.text.osKernelStart) refers to rtx_kernel.o(.text.osKernelStart) for [Anonymous Symbol]
    rtx_kernel.o(.text.osKernelLock) refers to rtx_kernel.o(.text.OUTLINED_FUNCTION_1) for OUTLINED_FUNCTION_1
    rtx_kernel.o(.text.osKernelLock) refers to rtx_kernel.o(.text.svcRtxKernelLock) for svcRtxKernelLock
    rtx_kernel.o(.ARM.exidx.text.osKernelLock) refers to rtx_kernel.o(.text.osKernelLock) for [Anonymous Symbol]
    rtx_kernel.o(.text.osKernelUnlock) refers to rtx_kernel.o(.text.OUTLINED_FUNCTION_1) for OUTLINED_FUNCTION_1
    rtx_kernel.o(.text.osKernelUnlock) refers to rtx_kernel.o(.text.svcRtxKernelUnlock) for svcRtxKernelUnlock
    rtx_kernel.o(.ARM.exidx.text.osKernelUnlock) refers to rtx_kernel.o(.text.osKernelUnlock) for [Anonymous Symbol]
    rtx_kernel.o(.text.osKernelRestoreLock) refers to rtx_kernel.o(.text.OUTLINED_FUNCTION_1) for OUTLINED_FUNCTION_1
[...]
    [Anonymous Symbol]                       0x080049c8   Section        0  rtx_kernel.o(.text.osRtxKernelPreInit)
    [Anonymous Symbol]                       0x080049ca   Section        0  rtx_memory.o(.text.osRtxMemoryAlloc)
    [Anonymous Symbol]                       0x08004a36   Section        0  rtx_memory.o(.text.osRtxMemoryFree)
    [Anonymous Symbol]                       0x08004a78   Section        0  rtx_memory.o(.text.osRtxMemoryInit)
    [Anonymous Symbol]                       0x08004aae   Section        0  rtx_mempool.o(.text.osRtxMemoryPoolAlloc)
    [Anonymous Symbol]                       0x08004ae8   Section        0  rtx_mempool.o(.text.osRtxMemoryPoolFree)
    [Anonymous Symbol]                       0x08004b32   Section        0  rtx_mempool.o(.text.osRtxMemoryPoolInit)
    [Anonymous Symbol]                       0x08004b6a   Section        0  rtx_mutex.o(.text.osRtxMutexOwnerRelease)
    [Anonymous Symbol]                       0x08004bb2   Section        0  rtx_mutex.o(.text.osRtxMutexOwnerRestore)
    [Anonymous Symbol]                       0x08004bf4   Section        0  rtx_system.o(.text.osRtxPendSV_Handler)
    __arm_cp.1_0                             0x08004c7c   Number         4  rtx_system.o(.text.osRtxPendSV_Handler)
    [Anonymous Symbol]                       0x08004c80   Section        0  rtx_system.o(.text.osRtxPostProcess)
    __arm_cp.2_1                             0x08004cec   Number         4  rtx_system.o(.text.osRtxPostProcess)
    osRtxSemaphorePostProcess                0x08004cf1   Thumb Code    54  rtx_semaphore.o(.text.osRtxSemaphorePostProcess)
    [Anonymous Symbol]                       0x08004cf0   Section        0  rtx_semaphore.o(.text.osRtxSemaphorePostProcess)
    osRtxThreadBlock                         0x08004d29   Thumb Code    52  rtx_thread.o(.text.osRtxThreadBlock)
    [Anonymous Symbol]                       0x08004d28   Section        0  rtx_thread.o(.text.osRtxThreadBlock)
    osRtxThreadDelayInsert                   0x08004d5d   Thumb Code   124  rtx_thread.o(.text.osRtxThreadDelayInsert)
    [Anonymous Symbol]                       0x08004d5c   Section        0  rtx_thread.o(.text.osRtxThreadDelayInsert)
    osRtxThreadDelayRemove                   0x08004dd9   Thumb Code    60  rtx_thread.o(.text.osRtxThreadDelayRemove)
    [Anonymous Symbol]                       0x08004dd8   Section        0  rtx_thread.o(.text.osRtxThreadDelayRemove)
    [Anonymous Symbol]                       0x08004e14   Section        0  rtx_thread.o(.text.osRtxThreadDelayTick)
    osRtxThreadDestroy                       0x08004e5d   Thumb Code    32  rtx_thread.o(.text.osRtxThreadDestroy)
    [Anonymous Symbol]                       0x08004e5c   Section        0  rtx_thread.o(.text.osRtxThreadDestroy)
    [Anonymous Symbol]                       0x08004e7c   Section        0  rtx_thread.o(.text.osRtxThreadDispatch)
    osRtxThreadFree                          0x08004ecd   Thumb Code    84  rtx_thread.o(.text.osRtxThreadFree)
    [Anonymous Symbol]                       0x08004ecc   Section        0  rtx_thread.o(.text.osRtxThreadFree)
    __arm_cp.52_0                            0x08004f20   Number         4  rtx_thread.o(.text.osRtxThreadFree)
    osRtxThreadJoinWakeup                    0x08004f25   Thumb Code    30  rtx_thread.o(.text.osRtxThreadJoinWakeup)
    [Anonymous Symbol]                       0x08004f24   Section        0  rtx_thread.o(.text.osRtxThreadJoinWakeup)
    [Anonymous Symbol]                       0x08004f42   Section        0  rtx_thread.o(.text.osRtxThreadListGet)
    [Anonymous Symbol]                       0x08004f54   Section        0  rtx_thread.o(.text.osRtxThreadListPut)
    [Anonymous Symbol]                       0x08004f80   Section        0  rtx_thread.o(.text.osRtxThreadListRemove)
    osRtxThreadListRoot                      0x08004f95   Thumb Code    12  rtx_thread.o(.text.osRtxThreadListRoot)
    [Anonymous Symbol]                       0x08004f94   Section        0  rtx_thread.o(.text.osRtxThreadListRoot)
    [Anonymous Symbol]                       0x08004fa0   Section        0  rtx_thread.o(.text.osRtxThreadListSort)
    osRtxThreadPostProcess                   0x08004fc7   Thumb Code    40  rtx_thread.o(.text.osRtxThreadPostProcess)
    [Anonymous Symbol]                       0x08004fc6   Section        0  rtx_thread.o(.text.osRtxThreadPostProcess)
    [Anonymous Symbol]                       0x08004ff0   Section        0  rtx_thread.o(.text.osRtxThreadReadyPut)
    [Anonymous Symbol]                       0x08005000   Section        0  rtx_thread.o(.text.osRtxThreadStartup)
    __arm_cp.15_0                            0x08005030   Number         4  rtx_thread.o(.text.osRtxThreadStartup)
    __arm_cp.15_1                            0x08005034   Number         4  rtx_thread.o(.text.osRtxThreadStartup)
    [Anonymous Symbol]                       0x08005038   Section        0  rtx_thread.o(.text.osRtxThreadSwitch)
    __arm_cp.8_0                             0x08005044   Number         4  rtx_thread.o(.text.osRtxThreadSwitch)
    [Anonymous Symbol]                       0x08005048   Section        0  rtx_thread.o(.text.osRtxThreadWaitEnter)
    __arm_cp.13_0                            0x08005080   Number         4  rtx_thread.o(.text.osRtxThreadWaitEnter)
    [Anonymous Symbol]                       0x08005084   Section        0  rtx_thread.o(.text.osRtxThreadWaitExit)
    [Anonymous Symbol]                       0x080050b4   Section        0  rtx_system.o(.text.osRtxTick_Handler)
    __arm_cp.0_0                             0x08005128   Number         4  rtx_system.o(.text.osRtxTick_Handler)
    [Anonymous Symbol]                       0x0800512c   Section        0  rtx_semaphore.o(.text.osSemaphoreNew)
    __arm_cp.0_0                             0x0800514c   Number         4  rtx_semaphore.o(.text.osSemaphoreNew)
    [Anonymous Symbol]                       0x08005150   Section        0  rtx_semaphore.o(.text.osSemaphoreRelease)
    __arm_cp.3_0                             0x08005198   Number         4  rtx_semaphore.o(.text.osSemaphoreRelease)
    [Anonymous Symbol]                       0x0800519c   Section        0  rtx_thread.o(.text.osThreadExit)
    __arm_cp.31_0                            0x080051a4   Number         4  rtx_thread.o(.text.osThreadExit)
    [Anonymous Symbol]                       0x080051a8   Section        0  rtx_thread.o(.text.osThreadNew)
    __arm_cp.17_0                            0x080051c8   Number         4  rtx_thread.o(.text.osThreadNew)
    [Anonymous Symbol]                       0x080051cc   Section        0  rtx_thread.o(.text.osThreadSetPriority)
    __arm_cp.24_0                            0x080051ec   Number         4  rtx_thread.o(.text.osThreadSetPriority)
    os_kernel_is_active                      0x080051f1   Thumb Code    28  lto-llvm-217697.o(.text.os_kernel_is_active)
    [Anonymous Symbol]                       0x080051f0   Section        0  lto-llvm-217697.o(.text.os_kernel_is_active)
    __arm_cp.47_0                            0x0800520c   Number         4  lto-llvm-217697.o(.text.os_kernel_is_active)
    remove_free_block                        0x08005211   Thumb Code   164  lto-llvm-217697.o(.text.remove_free_block)
    [Anonymous Symbol]                       0x08005210   Section        0  lto-llvm-217697.o(.text.remove_free_block)
    __arm_cp.33_1                            0x080052b4   Number         4  lto-llvm-217697.o(.text.remove_free_block)
    __arm_cp.33_4                            0x080052b8   Number         4  lto-llvm-217697.o(.text.remove_free_block)
    __arm_cp.33_5                            0x080052bc   Number         4  lto-llvm-217697.o(.text.remove_free_block)
    rte_calloc                               0x080052c1   Thumb Code     8  lto-llvm-217697.o(.text.rte_calloc)
    [Anonymous Symbol]                       0x080052c0   Section        0  lto-llvm-217697.o(.text.rte_calloc)
    rte_data_out                             0x080052c9   Thumb Code   152  lto-llvm-217697.o(.text.rte_data_out)
    [Anonymous Symbol]                       0x080052c8   Section        0  lto-llvm-217697.o(.text.rte_data_out)
    rte_free                                 0x08005361   Thumb Code     4  lto-llvm-217697.o(.text.rte_free)
    [Anonymous Symbol]                       0x08005360   Section        0  lto-llvm-217697.o(.text.rte_free)
    rte_get_tick                             0x08005365   Thumb Code     4  lto-llvm-217697.o(.text.rte_get_tick)
    [Anonymous Symbol]                       0x08005364   Section        0  lto-llvm-217697.o(.text.rte_get_tick)
    rte_malloc                               0x08005369   Thumb Code     8  lto-llvm-217697.o(.text.rte_malloc)
    [Anonymous Symbol]                       0x08005368   Section        0  lto-llvm-217697.o(.text.rte_malloc)
    rte_mutex_lock                           0x08005371   Thumb Code    20  lto-llvm-217697.o(.text.rte_mutex_lock)
    [Anonymous Symbol]                       0x08005370   Section        0  lto-llvm-217697.o(.text.rte_mutex_lock)
    rte_mutex_unlock                         0x08005385   Thumb Code    16  lto-llvm-217697.o(.text.rte_mutex_unlock)
    [Anonymous Symbol]                       0x08005384   Section        0  lto-llvm-217697.o(.text.rte_mutex_unlock)
    rte_realloc                              0x08005395   Thumb Code   384  lto-llvm-217697.o(.text.rte_realloc)
    [Anonymous Symbol]                       0x08005394   Section        0  lto-llvm-217697.o(.text.rte_realloc)
    __arm_cp.5_0                             0x08005514   Number         4  lto-llvm-217697.o(.text.rte_realloc)
    __arm_cp.5_1                             0x08005518   Number         4  lto-llvm-217697.o(.text.rte_realloc)
    __arm_cp.5_2                             0x0800551c   Number         4  lto-llvm-217697.o(.text.rte_realloc)
    __arm_cp.5_3                             0x08005520   Number         4  lto-llvm-217697.o(.text.rte_realloc)
    __arm_cp.5_4                             0x08005524   Number         4  lto-llvm-217697.o(.text.rte_realloc)
    running_timer                            0x08005549   Thumb Code    20  lto-llvm-217697.o(.text.running_timer)
    [Anonymous Symbol]                       0x08005548   Section        0  lto-llvm-217697.o(.text.running_timer)
    __arm_cp.9_0                             0x0800555c   Number         4  lto-llvm-217697.o(.text.running_timer)
    single_timer_free_cb                     0x08005561   Thumb Code    68  lto-llvm-217697.o(.text.single_timer_free_cb)
    [Anonymous Symbol]                       0x08005560   Section        0  lto-llvm-217697.o(.text.single_timer_free_cb)
    __arm_cp.39_0                            0x080055a4   Number         4  lto-llvm-217697.o(.text.single_timer_free_cb)
    __arm_cp.39_1                            0x080055a8   Number         4  lto-llvm-217697.o(.text.single_timer_free_cb)
    __arm_cp.39_2                            0x080055ac   Number         4  lto-llvm-217697.o(.text.single_timer_free_cb)
    __arm_cp.39_3                            0x080055b0   Number         4  lto-llvm-217697.o(.text.single_timer_free_cb)
    __arm_cp.39_4                            0x080055b4   Number         4  lto-llvm-217697.o(.text.single_timer_free_cb)
    svcRtxDelay                              0x080055d1   Thumb Code    22  rtx_delay.o(.text.svcRtxDelay)
    [Anonymous Symbol]                       0x080055d0   Section        0  rtx_delay.o(.text.svcRtxDelay)
    svcRtxKernelGetState                     0x080055e9   Thumb Code     8  rtx_kernel.o(.text.svcRtxKernelGetState)
    [Anonymous Symbol]                       0x080055e8   Section        0  rtx_kernel.o(.text.svcRtxKernelGetState)
    svcRtxKernelGetTickCount                 0x080055f1   Thumb Code     8  rtx_kernel.o(.text.svcRtxKernelGetTickCount)
    [Anonymous Symbol]                       0x080055f0   Section        0  rtx_kernel.o(.text.svcRtxKernelGetTickCount)
    svcRtxKernelInitialize                   0x080055f9   Thumb Code   244  rtx_kernel.o(.text.svcRtxKernelInitialize)
    [Anonymous Symbol]                       0x080055f8   Section        0  rtx_kernel.o(.text.svcRtxKernelInitialize)
    __arm_cp.21_2                            0x080056ec   Number         4  rtx_kernel.o(.text.svcRtxKernelInitialize)
    svcRtxKernelStart                        0x080056f1   Thumb Code   120  rtx_kernel.o(.text.svcRtxKernelStart)
    [Anonymous Symbol]                       0x080056f0   Section        0  rtx_kernel.o(.text.svcRtxKernelStart)
    __arm_cp.22_1                            0x08005768   Number         4  rtx_kernel.o(.text.svcRtxKernelStart)
    __arm_cp.22_2                            0x0800576c   Number         4  rtx_kernel.o(.text.svcRtxKernelStart)
    __arm_cp.22_3                            0x08005770   Number         4  rtx_kernel.o(.text.svcRtxKernelStart)
    svcRtxMutexAcquire                       0x08005775   Thumb Code   140  rtx_mutex.o(.text.svcRtxMutexAcquire)
    [Anonymous Symbol]                       0x08005774   Section        0  rtx_mutex.o(.text.svcRtxMutexAcquire)
    svcRtxMutexDelete                        0x08005801   Thumb Code   172  rtx_mutex.o(.text.svcRtxMutexDelete)
    [Anonymous Symbol]                       0x08005800   Section        0  rtx_mutex.o(.text.svcRtxMutexDelete)
    svcRtxMutexNew                           0x080058ad   Thumb Code   100  rtx_mutex.o(.text.svcRtxMutexNew)
    [Anonymous Symbol]                       0x080058ac   Section        0  rtx_mutex.o(.text.svcRtxMutexNew)
    svcRtxMutexRelease                       0x08005911   Thumb Code   176  rtx_mutex.o(.text.svcRtxMutexRelease)
    [Anonymous Symbol]                       0x08005910   Section        0  rtx_mutex.o(.text.svcRtxMutexRelease)
    __arm_cp.11_0                            0x080059c0   Number         4  rtx_mutex.o(.text.svcRtxMutexRelease)
    svcRtxSemaphoreNew                       0x080059c5   Thumb Code   116  rtx_semaphore.o(.text.svcRtxSemaphoreNew)
    [Anonymous Symbol]                       0x080059c4   Section        0  rtx_semaphore.o(.text.svcRtxSemaphoreNew)
    __arm_cp.7_1                             0x08005a38   Number         4  rtx_semaphore.o(.text.svcRtxSemaphoreNew)
    svcRtxSemaphoreRelease                   0x08005a3d   Thumb Code    56  rtx_semaphore.o(.text.svcRtxSemaphoreRelease)
    [Anonymous Symbol]                       0x08005a3c   Section        0  rtx_semaphore.o(.text.svcRtxSemaphoreRelease)
    svcRtxThreadExit                         0x08005a75   Thumb Code    72  rtx_thread.o(.text.svcRtxThreadExit)
    [Anonymous Symbol]                       0x08005a74   Section        0  rtx_thread.o(.text.svcRtxThreadExit)
    __arm_cp.54_0                            0x08005abc   Number         4  rtx_thread.o(.text.svcRtxThreadExit)
    svcRtxThreadNew                          0x08005ac1   Thumb Code   472  rtx_thread.o(.text.svcRtxThreadNew)
    [Anonymous Symbol]                       0x08005ac0   Section        0  rtx_thread.o(.text.svcRtxThreadNew)
    __arm_cp.16_0                            0x08005c98   Number         4  rtx_thread.o(.text.svcRtxThreadNew)
    __arm_cp.16_1                            0x08005c9c   Number         4  rtx_thread.o(.text.svcRtxThreadNew)
    __arm_cp.16_2                            0x08005ca0   Number         4  rtx_thread.o(.text.svcRtxThreadNew)
    __arm_cp.16_3                            0x08005ca4   Number         4  rtx_thread.o(.text.svcRtxThreadNew)
    __arm_cp.16_4                            0x08005ca8   Number         4  rtx_thread.o(.text.svcRtxThreadNew)
    svcRtxThreadSetPriority                  0x08005cad   Thumb Code    72  rtx_thread.o(.text.svcRtxThreadSetPriority)
    [Anonymous Symbol]                       0x08005cac   Section        0  rtx_thread.o(.text.svcRtxThreadSetPriority)
    system_thread                            0x08005cf5   Thumb Code  1512  lto-llvm-217697.o(.text.system_thread)
    [Anonymous Symbol]                       0x08005cf4   Section        0  lto-llvm-217697.o(.text.system_thread)
    __arm_cp.7_0                             0x080062dc   Number         4  lto-llvm-217697.o(.text.system_thread)
    __arm_cp.7_1                             0x080062e0   Number         4  lto-llvm-217697.o(.text.system_thread)
    __arm_cp.7_2                             0x080062e4   Number         4  lto-llvm-217697.o(.text.system_thread)
    __arm_cp.7_3                             0x080062e8   Number         4  lto-llvm-217697.o(.text.system_thread)
    __arm_cp.7_4                             0x080062ec   Number         4  lto-llvm-217697.o(.text.system_thread)
    __arm_cp.7_5                             0x080062f0   Number         4  lto-llvm-217697.o(.text.system_thread)
    __arm_cp.7_6                             0x080062f4   Number         4  lto-llvm-217697.o(.text.system_thread)
    __arm_cp.7_7                             0x080062f8   Number         4  lto-llvm-217697.o(.text.system_thread)
    __arm_cp.7_8                             0x080062fc   Number         4  lto-llvm-217697.o(.text.system_thread)
    __arm_cp.7_9                             0x08006300   Number         4  lto-llvm-217697.o(.text.system_thread)
    __arm_cp.7_10                            0x08006304   Number         4  lto-llvm-217697.o(.text.system_thread)
    __arm_cp.7_11                            0x08006308   Number         4  lto-llvm-217697.o(.text.system_thread)
    __arm_cp.7_12                            0x0800630c   Number         4  lto-llvm-217697.o(.text.system_thread)
    __arm_cp.7_14                            0x08006334   Number         4  lto-llvm-217697.o(.text.system_thread)
    __arm_cp.7_15                            0x08006338   Number         4  lto-llvm-217697.o(.text.system_thread)
    __arm_cp.7_16                            0x0800633c   Number         4  lto-llvm-217697.o(.text.system_thread)
    __arm_cp.7_17                            0x08006340   Number         4  lto-llvm-217697.o(.text.system_thread)
    __arm_cp.7_19                            0x08006370   Number         4  lto-llvm-217697.o(.text.system_thread)
    __arm_cp.7_20                            0x08006374   Number         4  lto-llvm-217697.o(.text.system_thread)
    __arm_cp.7_21                            0x08006378   Number         4  lto-llvm-217697.o(.text.system_thread)
    __arm_cp.7_22                            0x0800637c   Number         4  lto-llvm-217697.o(.text.system_thread)
    __arm_cp.7_23                            0x08006380   Number         4  lto-llvm-217697.o(.text.system_thread)
    __arm_cp.7_25                            0x08006398   Number         4  lto-llvm-217697.o(.text.system_thread)
    __arm_cp.7_28                            0x080063b0   Number         4  lto-llvm-217697.o(.text.system_thread)
    $v0                                      0x080063d4   Number         0  fpinit.o(x$fpl$fpinit)
    x$fpl$fpinit                             0x080063d4   Section       26  fpinit.o(x$fpl$fpinit)
    mem_mutex_attr                           0x080063f0   Data          32  lto-llvm-217697.o(.rodata)
    [Anonymous Symbol]                       0x080063f0   Section        0  lto-llvm-217697.o(.rodata)
    log_level_tbl                            0x08006410   Data          72  lto-llvm-217697.o(.rodata)
    __tagsym$$used.4                         0x08006458   Number         0  lto-llvm-217697.o(.rodata)
    os_idle_thread_attr                      0x080064c8   Data          36  lto-llvm-217697.o(.rodata)
    __tagsym$$used.5                         0x080064f0   Number         0  lto-llvm-217697.o(.rodata)
    UARTPrescTable                           0x08006528   Data          24  lto-llvm-217697.o(.rodata)
    D1CorePrescTable                         0x08006540   Data          16  lto-llvm-217697.o(.rodata.cst16)
    [Anonymous Symbol]                       0x08006540   Section        0  lto-llvm-217697.o(.rodata.cst16)
    DMA_CalcBaseAndBitshift.flagBitshiftOffset 0x08006550   Data           8  lto-llvm-217697.o(.rodata.cst8)
    [Anonymous Symbol]                       0x08006550   Section        0  lto-llvm-217697.o(.rodata.cst8)
    [Anonymous Symbol]                       0x08006568   Section        0  lto-llvm-217697.o(.rodata.str1.1)
    [Anonymous Symbol]                       0x08006814   Section        0  rtx_kernel.o(.rodata.str1.4)
    dma_buffer                               0x30040000   Data       32768  lto-llvm-217697.o(.RAM_DMA)
    [Anonymous Symbol]                       0x30040000   Section        0  lto-llvm-217697.o(.RAM_DMA)
    mempool_buffer                           0x38000000   Data       65536  lto-llvm-217697.o(.RAM_RTE)
    [Anonymous Symbol]                       0x38000000   Section        0  lto-llvm-217697.o(.RAM_RTE)
    FPCCR                                    0xe000ef34   Number         0  irq_armv7m.o ABSOLUTE

    Global Symbols

    Symbol Name                              Value     Ov Type        Size  Object(Section)

    BuildAttributes$$THM_ISAv4$E$P$D$K$B$S$7EM$VFPv5_D16$PE$PLD8$A:L22UL41UL21$X:L11$S22US41US21$IEEE1$IW$~IW$USESV6$~STKCKD$USESV7$~SHL$OSPACE$ROPI$IEEEF$EBA8$UX$STANDARDLIB$REQ8$PRES8$EABIv2 0x00000000   Number         0  anon$$obj.o ABSOLUTE
    SystemCoreClock                          0x00000000   Data           4  lto-llvm-217697.o(.data)
    .bss.os.evflags.cb$$Base                  - Undefined Weak Reference
    .bss.os.evflags.cb$$Limit                 - Undefined Weak Reference
    .bss.os.mempool.cb$$Base                  - Undefined Weak Reference
    .bss.os.mempool.cb$$Limit                 - Undefined Weak Reference
    .bss.os.msgqueue.cb$$Base                 - Undefined Weak Reference
    .bss.os.msgqueue.cb$$Limit                - Undefined Weak Reference
    .bss.os.mutex.cb$$Base                    - Undefined Weak Reference
    .bss.os.mutex.cb$$Limit                   - Undefined Weak Reference
    .bss.os.semaphore.cb$$Base                - Undefined Weak Reference
    .bss.os.semaphore.cb$$Limit               - Undefined Weak Reference
    .bss.os.timer.cb$$Base                    - Undefined Weak Reference
    .bss.os.timer.cb$$Limit                   - Undefined Weak Reference
    __ARM_exceptions_init                     - Undefined Weak Reference
    __alloca_initialize                       - Undefined Weak Reference
    __arm_preinit_                            - Undefined Weak Reference
    __cpp_initialize__aeabi_                  - Undefined Weak Reference
    __cxa_finalize                            - Undefined Weak Reference
    __rt_locale                               - Undefined Weak Reference
    __sigvec_lookup                           - Undefined Weak Reference
    _atexit_init                              - Undefined Weak Reference
    _call_atexit_fns                          - Undefined Weak Reference
    _clock_init                               - Undefined Weak Reference
    _fp_trap_init                             - Undefined Weak Reference
    _fp_trap_shutdown                         - Undefined Weak Reference
    _get_lc_collate                           - Undefined Weak Reference
    _get_lc_ctype                             - Undefined Weak Reference
    _get_lc_monetary                          - Undefined Weak Reference
    _get_lc_numeric                           - Undefined Weak Reference
    _get_lc_time                              - Undefined Weak Reference
    _getenv_init                              - Undefined Weak Reference
    _handle_redirection                       - Undefined Weak Reference
    _init_alloc                               - Undefined Weak Reference
    _init_user_alloc                          - Undefined Weak Reference
    _initio                                   - Undefined Weak Reference
    _rand_init                                - Undefined Weak Reference
    _signal_finish                            - Undefined Weak Reference
    _signal_init                              - Undefined Weak Reference
    _terminate_alloc                          - Undefined Weak Reference
    _terminate_user_alloc                     - Undefined Weak Reference
    _terminateio                              - Undefined Weak Reference
    osRtxInfo                                0x00000038   Data         164  rtx_kernel.o(.data.os)
    __libspace_start                         0x000000e0   Data          96  libspace.o(.bss)
    __temporary_stack_top$libspace           0x00000140   Data           0  libspace.o(.bss)
    __Vectors_Size                           0x00000298   Number         0  startup_stm32h743xx.o ABSOLUTE
    .bss.os.thread.cb$$Base                  0x00002b20   Number         0  lto-llvm-217697.o(.bss.os.thread.cb)
    .bss.os.thread.cb$$Limit                 0x00002b64   Number         0  lto-llvm-217697.o(.bss.os.thread.cb)
    __Vectors                                0x08000000   Data           4  startup_stm32h743xx.o(RESET)
    __Vectors_End                            0x08000298   Data           0  startup_stm32h743xx.o(RESET)
    __main                                   0x08000299   Thumb Code     8  __main.o(!!!main)
    __scatterload                            0x080002a1   Thumb Code     0  __scatter.o(!!!scatter)
    __scatterload_rt2                        0x080002a1   Thumb Code    44  __scatter.o(!!!scatter)
    __scatterload_rt2_thumb_only             0x080002a1   Thumb Code     0  __scatter.o(!!!scatter)
    __scatterload_null                       0x080002af   Thumb Code     0  __scatter.o(!!!scatter)
    __decompress                             0x080002d5   Thumb Code    58  __dczerorl.o(!!dczerorl)
    __decompress0                            0x080002d5   Thumb Code     0  __dczerorl.o(!!dczerorl)
    __scatterload_copy                       0x08000311   Thumb Code    26  __scatter_copy.o(!!handler_copy)
    __scatterload_zeroinit                   0x0800032d   Thumb Code    28  __scatter_zi.o(!!handler_zi)
    __rt_lib_init                            0x08000349   Thumb Code     0  libinit.o(.ARM.Collect$$libinit$$00000000)
    __rt_lib_init_fp_1                       0x0800034b   Thumb Code     0  libinit2.o(.ARM.Collect$$libinit$$00000001)
    __rt_lib_init_alloca_1                   0x0800034f   Thumb Code     0  libinit2.o(.ARM.Collect$$libinit$$0000002E)
    __rt_lib_init_argv_1                     0x0800034f   Thumb Code     0  libinit2.o(.ARM.Collect$$libinit$$0000002C)
    __rt_lib_init_atexit_1                   0x0800034f   Thumb Code     0  libinit2.o(.ARM.Collect$$libinit$$0000001B)
    __rt_lib_init_clock_1                    0x0800034f   Thumb Code     0  libinit2.o(.ARM.Collect$$libinit$$00000021)
    __rt_lib_init_cpp_1                      0x0800034f   Thumb Code     0  libinit2.o(.ARM.Collect$$libinit$$00000032)
    __rt_lib_init_exceptions_1               0x0800034f   Thumb Code     0  libinit2.o(.ARM.Collect$$libinit$$00000030)
    __rt_lib_init_fp_trap_1                  0x0800034f   Thumb Code     0  libinit2.o(.ARM.Collect$$libinit$$0000001F)
    __rt_lib_init_getenv_1                   0x0800034f   Thumb Code     0  libinit2.o(.ARM.Collect$$libinit$$00000023)
    __rt_lib_init_heap_1                     0x0800034f   Thumb Code     0  libinit2.o(.ARM.Collect$$libinit$$0000000A)
    __rt_lib_init_lc_collate_1               0x0800034f   Thumb Code     0  libinit2.o(.ARM.Collect$$libinit$$00000011)
    __rt_lib_init_lc_ctype_1                 0x0800034f   Thumb Code     0  libinit2.o(.ARM.Collect$$libinit$$00000013)
    __rt_lib_init_lc_monetary_1              0x0800034f   Thumb Code     0  libinit2.o(.ARM.Collect$$libinit$$00000015)
    __rt_lib_init_lc_numeric_1               0x0800034f   Thumb Code     0  libinit2.o(.ARM.Collect$$libinit$$00000017)
    __rt_lib_init_lc_time_1                  0x0800034f   Thumb Code     0  libinit2.o(.ARM.Collect$$libinit$$00000019)
    __rt_lib_init_preinit_1                  0x0800034f   Thumb Code     0  libinit2.o(.ARM.Collect$$libinit$$00000004)
    __rt_lib_init_rand_1                     0x0800034f   Thumb Code     0  libinit2.o(.ARM.Collect$$libinit$$0000000E)
    __rt_lib_init_return                     0x0800034f   Thumb Code     0  libinit2.o(.ARM.Collect$$libinit$$00000033)
    __rt_lib_init_signal_1                   0x0800034f   Thumb Code     0  libinit2.o(.ARM.Collect$$libinit$$0000001D)
    __rt_lib_init_stdio_1                    0x0800034f   Thumb Code     0  libinit2.o(.ARM.Collect$$libinit$$00000025)
    __rt_lib_init_user_alloc_1               0x0800034f   Thumb Code     0  libinit2.o(.ARM.Collect$$libinit$$0000000C)
    __rt_lib_shutdown                        0x08000351   Thumb Code     0  libshutdown.o(.ARM.Collect$$libshutdown$$00000000)
    __rt_lib_shutdown_cpp_1                  0x08000353   Thumb Code     0  libshutdown2.o(.ARM.Collect$$libshutdown$$00000002)
    __rt_lib_shutdown_fp_trap_1              0x08000353   Thumb Code     0  libshutdown2.o(.ARM.Collect$$libshutdown$$00000007)
    __rt_lib_shutdown_heap_1                 0x08000353   Thumb Code     0  libshutdown2.o(.ARM.Collect$$libshutdown$$0000000F)
    __rt_lib_shutdown_return                 0x08000353   Thumb Code     0  libshutdown2.o(.ARM.Collect$$libshutdown$$00000010)
    __rt_lib_shutdown_signal_1               0x08000353   Thumb Code     0  libshutdown2.o(.ARM.Collect$$libshutdown$$0000000A)
    __rt_lib_shutdown_stdio_1                0x08000353   Thumb Code     0  libshutdown2.o(.ARM.Collect$$libshutdown$$00000004)
    __rt_lib_shutdown_user_alloc_1           0x08000353   Thumb Code     0  libshutdown2.o(.ARM.Collect$$libshutdown$$0000000C)
    __rt_entry                               0x08000355   Thumb Code     0  __rtentry.o(.ARM.Collect$$rtentry$$00000000)
    __rt_entry_presh_1                       0x08000355   Thumb Code     0  __rtentry2.o(.ARM.Collect$$rtentry$$00000002)
    __rt_entry_sh                            0x08000355   Thumb Code     0  __rtentry4.o(.ARM.Collect$$rtentry$$00000004)
    __rt_entry_postsh_1                      0x0800035b   Thumb Code     0  __rtentry2.o(.ARM.Collect$$rtentry$$00000008)
    __rt_entry_li                            0x08000363   Thumb Code     0  __rtentry2.o(.ARM.Collect$$rtentry$$0000000A)
    __rt_entry_main                          0x08000367   Thumb Code     0  __rtentry2.o(.ARM.Collect$$rtentry$$0000000D)
    __rt_entry_postli_1                      0x08000367   Thumb Code     0  __rtentry2.o(.ARM.Collect$$rtentry$$0000000C)
    __rt_exit                                0x0800036f   Thumb Code     0  rtexit.o(.ARM.Collect$$rtexit$$00000000)
    __rt_exit_ls                             0x08000371   Thumb Code     0  rtexit2.o(.ARM.Collect$$rtexit$$00000003)
    __rt_exit_prels_1                        0x08000371   Thumb Code     0  rtexit2.o(.ARM.Collect$$rtexit$$00000002)
    __rt_exit_exit                           0x08000375   Thumb Code     0  rtexit2.o(.ARM.Collect$$rtexit$$00000004)
    Reset_Handler                            0x0800037d   Thumb Code     8  startup_stm32h743xx.o(.text)
    ADC3_IRQHandler                          0x08000397   Thumb Code     0  startup_stm32h743xx.o(.text)
    ADC_IRQHandler                           0x08000397   Thumb Code     0  startup_stm32h743xx.o(.text)
    BDMA_Channel0_IRQHandler                 0x08000397   Thumb Code     0  startup_stm32h743xx.o(.text)
    BDMA_Channel1_IRQHandler                 0x08000397   Thumb Code     0  startup_stm32h743xx.o(.text)
    BDMA_Channel2_IRQHandler                 0x08000397   Thumb Code     0  startup_stm32h743xx.o(.text)
    BDMA_Channel3_IRQHandler                 0x08000397   Thumb Code     0  startup_stm32h743xx.o(.text)
    BDMA_Channel4_IRQHandler                 0x08000397   Thumb Code     0  startup_stm32h743xx.o(.text)
    BDMA_Channel5_IRQHandler                 0x08000397   Thumb Code     0  startup_stm32h743xx.o(.text)
    BDMA_Channel6_IRQHandler                 0x08000397   Thumb Code     0  startup_stm32h743xx.o(.text)
    BDMA_Channel7_IRQHandler                 0x08000397   Thumb Code     0  startup_stm32h743xx.o(.text)
    CEC_IRQHandler                           0x08000397   Thumb Code     0  startup_stm32h743xx.o(.text)
    COMP1_IRQHandler                         0x08000397   Thumb Code     0  startup_stm32h743xx.o(.text)
    CRS_IRQHandler                           0x08000397   Thumb Code     0  startup_stm32h743xx.o(.text)
    DCMI_IRQHandler                          0x08000397   Thumb Code     0  startup_stm32h743xx.o(.text)
    DFSDM1_FLT0_IRQHandler                   0x08000397   Thumb Code     0  startup_stm32h743xx.o(.text)
    DFSDM1_FLT1_IRQHandler                   0x08000397   Thumb Code     0  startup_stm32h743xx.o(.text)
    DFSDM1_FLT2_IRQHandler                   0x08000397   Thumb Code     0  startup_stm32h743xx.o(.text)
    DFSDM1_FLT3_IRQHandler                   0x08000397   Thumb Code     0  startup_stm32h743xx.o(.text)
    DMA1_Stream1_IRQHandler                  0x08000397   Thumb Code     0  startup_stm32h743xx.o(.text)
    DMA1_Stream2_IRQHandler                  0x08000397   Thumb Code     0  startup_stm32h743xx.o(.text)
    DMA1_Stream3_IRQHandler                  0x08000397   Thumb Code     0  startup_stm32h743xx.o(.text)
    DMA1_Stream4_IRQHandler                  0x08000397   Thumb Code     0  startup_stm32h743xx.o(.text)
    DMA1_Stream5_IRQHandler                  0x08000397   Thumb Code     0  startup_stm32h743xx.o(.text)
    DMA1_Stream6_IRQHandler                  0x08000397   Thumb Code     0  startup_stm32h743xx.o(.text)
    DMA1_Stream7_IRQHandler                  0x08000397   Thumb Code     0  startup_stm32h743xx.o(.text)
    DMA2D_IRQHandler                         0x08000397   Thumb Code     0  startup_stm32h743xx.o(.text)
    DMA2_Stream0_IRQHandler                  0x08000397   Thumb Code     0  startup_stm32h743xx.o(.text)
    DMA2_Stream1_IRQHandler                  0x08000397   Thumb Code     0  startup_stm32h743xx.o(.text)
    DMA2_Stream2_IRQHandler                  0x08000397   Thumb Code     0  startup_stm32h743xx.o(.text)
    DMA2_Stream3_IRQHandler                  0x08000397   Thumb Code     0  startup_stm32h743xx.o(.text)
    DMA2_Stream4_IRQHandler                  0x08000397   Thumb Code     0  startup_stm32h743xx.o(.text)
    DMA2_Stream5_IRQHandler                  0x08000397   Thumb Code     0  startup_stm32h743xx.o(.text)
    DMA2_Stream6_IRQHandler                  0x08000397   Thumb Code     0  startup_stm32h743xx.o(.text)
    DMA2_Stream7_IRQHandler                  0x08000397   Thumb Code     0  startup_stm32h743xx.o(.text)
    DMAMUX1_OVR_IRQHandler                   0x08000397   Thumb Code     0  startup_stm32h743xx.o(.text)
    DMAMUX2_OVR_IRQHandler                   0x08000397   Thumb Code     0  startup_stm32h743xx.o(.text)
    ECC_IRQHandler                           0x08000397   Thumb Code     0  startup_stm32h743xx.o(.text)
    ETH_IRQHandler                           0x08000397   Thumb Code     0  startup_stm32h743xx.o(.text)
    ETH_WKUP_IRQHandler                      0x08000397   Thumb Code     0  startup_stm32h743xx.o(.text)
    EXTI0_IRQHandler                         0x08000397   Thumb Code     0  startup_stm32h743xx.o(.text)
    EXTI15_10_IRQHandler                     0x08000397   Thumb Code     0  startup_stm32h743xx.o(.text)
    EXTI1_IRQHandler                         0x08000397   Thumb Code     0  startup_stm32h743xx.o(.text)
    EXTI2_IRQHandler                         0x08000397   Thumb Code     0  startup_stm32h743xx.o(.text)
    EXTI3_IRQHandler                         0x08000397   Thumb Code     0  startup_stm32h743xx.o(.text)
    EXTI4_IRQHandler                         0x08000397   Thumb Code     0  startup_stm32h743xx.o(.text)
    EXTI9_5_IRQHandler                       0x08000397   Thumb Code     0  startup_stm32h743xx.o(.text)
    FDCAN1_IT0_IRQHandler                    0x08000397   Thumb Code     0  startup_stm32h743xx.o(.text)
    FDCAN1_IT1_IRQHandler                    0x08000397   Thumb Code     0  startup_stm32h743xx.o(.text)
    FDCAN2_IT0_IRQHandler                    0x08000397   Thumb Code     0  startup_stm32h743xx.o(.text)
    FDCAN2_IT1_IRQHandler                    0x08000397   Thumb Code     0  startup_stm32h743xx.o(.text)
    FDCAN_CAL_IRQHandler                     0x08000397   Thumb Code     0  startup_stm32h743xx.o(.text)
    FLASH_IRQHandler                         0x08000397   Thumb Code     0  startup_stm32h743xx.o(.text)
    FMC_IRQHandler                           0x08000397   Thumb Code     0  startup_stm32h743xx.o(.text)
    FPU_IRQHandler                           0x08000397   Thumb Code     0  startup_stm32h743xx.o(.text)
    HRTIM1_FLT_IRQHandler                    0x08000397   Thumb Code     0  startup_stm32h743xx.o(.text)
    HRTIM1_Master_IRQHandler                 0x08000397   Thumb Code     0  startup_stm32h743xx.o(.text)
    HRTIM1_TIMA_IRQHandler                   0x08000397   Thumb Code     0  startup_stm32h743xx.o(.text)
    HRTIM1_TIMB_IRQHandler                   0x08000397   Thumb Code     0  startup_stm32h743xx.o(.text)
    HRTIM1_TIMC_IRQHandler                   0x08000397   Thumb Code     0  startup_stm32h743xx.o(.text)
    HRTIM1_TIMD_IRQHandler                   0x08000397   Thumb Code     0  startup_stm32h743xx.o(.text)
    HRTIM1_TIME_IRQHandler                   0x08000397   Thumb Code     0  startup_stm32h743xx.o(.text)
    HSEM1_IRQHandler                         0x08000397   Thumb Code     0  startup_stm32h743xx.o(.text)
    I2C1_ER_IRQHandler                       0x08000397   Thumb Code     0  startup_stm32h743xx.o(.text)
    I2C1_EV_IRQHandler                       0x08000397   Thumb Code     0  startup_stm32h743xx.o(.text)
    I2C2_ER_IRQHandler                       0x08000397   Thumb Code     0  startup_stm32h743xx.o(.text)
    I2C2_EV_IRQHandler                       0x08000397   Thumb Code     0  startup_stm32h743xx.o(.text)
    I2C3_ER_IRQHandler                       0x08000397   Thumb Code     0  startup_stm32h743xx.o(.text)
    I2C3_EV_IRQHandler                       0x08000397   Thumb Code     0  startup_stm32h743xx.o(.text)
    I2C4_ER_IRQHandler                       0x08000397   Thumb Code     0  startup_stm32h743xx.o(.text)
    I2C4_EV_IRQHandler                       0x08000397   Thumb Code     0  startup_stm32h743xx.o(.text)
    JPEG_IRQHandler                          0x08000397   Thumb Code     0  startup_stm32h743xx.o(.text)
    LPTIM1_IRQHandler                        0x08000397   Thumb Code     0  startup_stm32h743xx.o(.text)
    LPTIM2_IRQHandler                        0x08000397   Thumb Code     0  startup_stm32h743xx.o(.text)
    LPTIM3_IRQHandler                        0x08000397   Thumb Code     0  startup_stm32h743xx.o(.text)
    LPTIM4_IRQHandler                        0x08000397   Thumb Code     0  startup_stm32h743xx.o(.text)
    LPTIM5_IRQHandler                        0x08000397   Thumb Code     0  startup_stm32h743xx.o(.text)
    LPUART1_IRQHandler                       0x08000397   Thumb Code     0  startup_stm32h743xx.o(.text)
    LTDC_ER_IRQHandler                       0x08000397   Thumb Code     0  startup_stm32h743xx.o(.text)
    LTDC_IRQHandler                          0x08000397   Thumb Code     0  startup_stm32h743xx.o(.text)
    MDIOS_IRQHandler                         0x08000397   Thumb Code     0  startup_stm32h743xx.o(.text)
    MDIOS_WKUP_IRQHandler                    0x08000397   Thumb Code     0  startup_stm32h743xx.o(.text)
    MDMA_IRQHandler                          0x08000397   Thumb Code     0  startup_stm32h743xx.o(.text)
    OTG_FS_EP1_IN_IRQHandler                 0x08000397   Thumb Code     0  startup_stm32h743xx.o(.text)
    OTG_FS_EP1_OUT_IRQHandler                0x08000397   Thumb Code     0  startup_stm32h743xx.o(.text)
    OTG_FS_IRQHandler                        0x08000397   Thumb Code     0  startup_stm32h743xx.o(.text)
    OTG_FS_WKUP_IRQHandler                   0x08000397   Thumb Code     0  startup_stm32h743xx.o(.text)
    OTG_HS_EP1_IN_IRQHandler                 0x08000397   Thumb Code     0  startup_stm32h743xx.o(.text)
    OTG_HS_EP1_OUT_IRQHandler                0x08000397   Thumb Code     0  startup_stm32h743xx.o(.text)
    OTG_HS_IRQHandler                        0x08000397   Thumb Code     0  startup_stm32h743xx.o(.text)
    OTG_HS_WKUP_IRQHandler                   0x08000397   Thumb Code     0  startup_stm32h743xx.o(.text)
    PVD_AVD_IRQHandler                       0x08000397   Thumb Code     0  startup_stm32h743xx.o(.text)
    QUADSPI_IRQHandler                       0x08000397   Thumb Code     0  startup_stm32h743xx.o(.text)
    RCC_IRQHandler                           0x08000397   Thumb Code     0  startup_stm32h743xx.o(.text)
    RNG_IRQHandler                           0x08000397   Thumb Code     0  startup_stm32h743xx.o(.text)
    RTC_Alarm_IRQHandler                     0x08000397   Thumb Code     0  startup_stm32h743xx.o(.text)
    RTC_WKUP_IRQHandler                      0x08000397   Thumb Code     0  startup_stm32h743xx.o(.text)
    SAI1_IRQHandler                          0x08000397   Thumb Code     0  startup_stm32h743xx.o(.text)
    SAI2_IRQHandler                          0x08000397   Thumb Code     0  startup_stm32h743xx.o(.text)
    SAI3_IRQHandler                          0x08000397   Thumb Code     0  startup_stm32h743xx.o(.text)
    SAI4_IRQHandler                          0x08000397   Thumb Code     0  startup_stm32h743xx.o(.text)
    SDMMC1_IRQHandler                        0x08000397   Thumb Code     0  startup_stm32h743xx.o(.text)
    SDMMC2_IRQHandler                        0x08000397   Thumb Code     0  startup_stm32h743xx.o(.text)
    SPDIF_RX_IRQHandler                      0x08000397   Thumb Code     0  startup_stm32h743xx.o(.text)
    SPI1_IRQHandler                          0x08000397   Thumb Code     0  startup_stm32h743xx.o(.text)
    SPI2_IRQHandler                          0x08000397   Thumb Code     0  startup_stm32h743xx.o(.text)
    SPI3_IRQHandler                          0x08000397   Thumb Code     0  startup_stm32h743xx.o(.text)
    SPI4_IRQHandler                          0x08000397   Thumb Code     0  startup_stm32h743xx.o(.text)
    SPI5_IRQHandler                          0x08000397   Thumb Code     0  startup_stm32h743xx.o(.text)
    SPI6_IRQHandler                          0x08000397   Thumb Code     0  startup_stm32h743xx.o(.text)
    SWPMI1_IRQHandler                        0x08000397   Thumb Code     0  startup_stm32h743xx.o(.text)
    TAMP_STAMP_IRQHandler                    0x08000397   Thumb Code     0  startup_stm32h743xx.o(.text)
    TIM15_IRQHandler                         0x08000397   Thumb Code     0  startup_stm32h743xx.o(.text)
    TIM16_IRQHandler                         0x08000397   Thumb Code     0  startup_stm32h743xx.o(.text)
    TIM17_IRQHandler                         0x08000397   Thumb Code     0  startup_stm32h743xx.o(.text)
    TIM1_BRK_IRQHandler                      0x08000397   Thumb Code     0  startup_stm32h743xx.o(.text)
    TIM1_CC_IRQHandler                       0x08000397   Thumb Code     0  startup_stm32h743xx.o(.text)
    TIM1_TRG_COM_IRQHandler                  0x08000397   Thumb Code     0  startup_stm32h743xx.o(.text)
    TIM1_UP_IRQHandler                       0x08000397   Thumb Code     0  startup_stm32h743xx.o(.text)
    TIM2_IRQHandler                          0x08000397   Thumb Code     0  startup_stm32h743xx.o(.text)
    TIM3_IRQHandler                          0x08000397   Thumb Code     0  startup_stm32h743xx.o(.text)
    TIM4_IRQHandler                          0x08000397   Thumb Code     0  startup_stm32h743xx.o(.text)
    TIM5_IRQHandler                          0x08000397   Thumb Code     0  startup_stm32h743xx.o(.text)
    TIM6_DAC_IRQHandler                      0x08000397   Thumb Code     0  startup_stm32h743xx.o(.text)
    TIM7_IRQHandler                          0x08000397   Thumb Code     0  startup_stm32h743xx.o(.text)
    TIM8_BRK_TIM12_IRQHandler                0x08000397   Thumb Code     0  startup_stm32h743xx.o(.text)
    TIM8_CC_IRQHandler                       0x08000397   Thumb Code     0  startup_stm32h743xx.o(.text)
    TIM8_TRG_COM_TIM14_IRQHandler            0x08000397   Thumb Code     0  startup_stm32h743xx.o(.text)
    TIM8_UP_TIM13_IRQHandler                 0x08000397   Thumb Code     0  startup_stm32h743xx.o(.text)
    UART4_IRQHandler                         0x08000397   Thumb Code     0  startup_stm32h743xx.o(.text)
    UART5_IRQHandler                         0x08000397   Thumb Code     0  startup_stm32h743xx.o(.text)
    UART7_IRQHandler                         0x08000397   Thumb Code     0  startup_stm32h743xx.o(.text)
    UART8_IRQHandler                         0x08000397   Thumb Code     0  startup_stm32h743xx.o(.text)
    USART2_IRQHandler                        0x08000397   Thumb Code     0  startup_stm32h743xx.o(.text)
    USART3_IRQHandler                        0x08000397   Thumb Code     0  startup_stm32h743xx.o(.text)
    USART6_IRQHandler                        0x08000397   Thumb Code     0  startup_stm32h743xx.o(.text)
    WAKEUP_PIN_IRQHandler                    0x08000397   Thumb Code     0  startup_stm32h743xx.o(.text)
    WWDG_IRQHandler                          0x08000397   Thumb Code     0  startup_stm32h743xx.o(.text)
    __user_initial_stackheap                 0x08000399   Thumb Code     0  startup_stm32h743xx.o(.text)
    SVC_Handler                              0x080003b9   Thumb Code   154  irq_armv7m.o(.text)
    PendSV_Handler                           0x08000453   Thumb Code    16  irq_armv7m.o(.text)
    SysTick_Handler                          0x08000463   Thumb Code    16  irq_armv7m.o(.text)
    strstr                                   0x08000481   Thumb Code    36  strstr.o(.text)
    __aeabi_memcpy                           0x080004a5   Thumb Code     0  rt_memcpy_v6.o(.text)
    __rt_memcpy                              0x080004a5   Thumb Code   138  rt_memcpy_v6.o(.text)
    _memcpy_lastbytes                        0x0800050b   Thumb Code     0  rt_memcpy_v6.o(.text)
    __aeabi_memclr                           0x0800052f   Thumb Code     0  rt_memclr.o(.text)
    __rt_memclr                              0x0800052f   Thumb Code     0  rt_memclr.o(.text)
    _memset                                  0x08000533   Thumb Code    64  rt_memclr.o(.text)
    __aeabi_memclr4                          0x08000573   Thumb Code     0  rt_memclr_w.o(.text)
    __aeabi_memclr8                          0x08000573   Thumb Code     0  rt_memclr_w.o(.text)
    __rt_memclr_w                            0x08000573   Thumb Code     0  rt_memclr_w.o(.text)
    _memset_w                                0x08000577   Thumb Code    74  rt_memclr_w.o(.text)
    strncpy                                  0x080005c1   Thumb Code    86  strncpy.o(.text)
    strcmp                                   0x08000619   Thumb Code   124  strcmpv7m_pel.o(.text)
    __use_two_region_memory                  0x08000695   Thumb Code     2  heapauxi.o(.text)
    __rt_heap_escrow$2region                 0x08000697   Thumb Code     2  heapauxi.o(.text)
    __rt_heap_expand$2region                 0x08000699   Thumb Code     2  heapauxi.o(.text)
    __aeabi_memcpy4                          0x0800069b   Thumb Code     0  rt_memcpy_w.o(.text)
    __aeabi_memcpy8                          0x0800069b   Thumb Code     0  rt_memcpy_w.o(.text)
    __rt_memcpy_w                            0x0800069b   Thumb Code   100  rt_memcpy_w.o(.text)
    _memcpy_lastbytes_aligned                0x080006e3   Thumb Code     0  rt_memcpy_w.o(.text)
    __user_setup_stackheap                   0x080006ff   Thumb Code    74  sys_stackheap_outer.o(.text)
    exit                                     0x08000749   Thumb Code    18  exit.o(.text)
    __user_libspace                          0x0800075d   Thumb Code     8  libspace.o(.text)
    __user_perproc_libspace                  0x0800075d   Thumb Code     0  libspace.o(.text)
    _sys_exit                                0x08000765   Thumb Code     8  sys_exit.o(.text)
    __I$use$semihosting                      0x08000771   Thumb Code     0  use_no_semi.o(.text)
    __use_no_semihosting_swi                 0x08000771   Thumb Code     2  use_no_semi.o(.text)
    __aeabi_uldivmod                         0x08000773   Thumb Code     0  lludivv7m.o(.text)
    __semihosting_library_function           0x08000773   Thumb Code     0  indicate_semi.o(.text)
    _ll_udiv                                 0x08000773   Thumb Code   240  lludivv7m.o(.text)
    __aeabi_memmove                          0x08000863   Thumb Code     0  rt_memmove_v6.o(.text)
    __rt_memmove                             0x08000863   Thumb Code   132  rt_memmove_v6.o(.text)
    __memmove_lastfew                        0x080008c3   Thumb Code     0  rt_memmove_v6.o(.text)
    __aeabi_memmove4                         0x080008e7   Thumb Code     0  rt_memmove_w.o(.text)
    __aeabi_memmove8                         0x080008e7   Thumb Code     0  rt_memmove_w.o(.text)
    __rt_memmove_w                           0x080008e7   Thumb Code   122  rt_memmove_w.o(.text)
    __memmove_aligned                        0x0800090d   Thumb Code     0  rt_memmove_w.o(.text)
    __memmove_lastfew_aligned                0x08000945   Thumb Code     0  rt_memmove_w.o(.text)
    BusFault_Handler                         0x08000961   Thumb Code     2  lto-llvm-217697.o(.text.BusFault_Handler)
    DMA1_Stream0_IRQHandler                  0x08000965   Thumb Code     8  lto-llvm-217697.o(.text.DMA1_Stream0_IRQHandler)
    DebugMon_Handler                         0x08000a09   Thumb Code     2  lto-llvm-217697.o(.text.DebugMon_Handler)
    HardFault_Handler                        0x08001a59   Thumb Code     2  lto-llvm-217697.o(.text.HardFault_Handler)
    MemManage_Handler                        0x08001a5b   Thumb Code     2  lto-llvm-217697.o(.text.MemManage_Handler)
    NMI_Handler                              0x08001a5d   Thumb Code     2  lto-llvm-217697.o(.text.NMI_Handler)
    OS_Tick_AcknowledgeIRQ                   0x08001a61   Thumb Code     8  os_systick.o(.text.OS_Tick_AcknowledgeIRQ)
    OS_Tick_Enable                           0x08001a69   Thumb Code    32  os_systick.o(.text.OS_Tick_Enable)
    OS_Tick_GetIRQn                          0x08001a8d   Thumb Code     6  os_systick.o(.text.OS_Tick_GetIRQn)
    OS_Tick_Setup                            0x08001a95   Thumb Code    48  os_systick.o(.text.OS_Tick_Setup)
    SystemInit                               0x08001e51   Thumb Code   148  lto-llvm-217697.o(.text.SystemInit)
    USART1_IRQHandler                        0x08002055   Thumb Code   220  lto-llvm-217697.o(.text.USART1_IRQHandler)
    UsageFault_Handler                       0x0800213d   Thumb Code     2  lto-llvm-217697.o(.text.UsageFault_Handler)
    _mutex_acquire                           0x0800213f   Thumb Code    26  lto-llvm-217697.o(.text._mutex_acquire)
    _mutex_free                              0x08002159   Thumb Code     6  lto-llvm-217697.o(.text._mutex_free)
    _mutex_initialize                        0x0800215f   Thumb Code    30  lto-llvm-217697.o(.text._mutex_initialize)
    _mutex_release                           0x0800217d   Thumb Code    22  lto-llvm-217697.o(.text._mutex_release)
    _platform_post_stackheap_init            0x08002193   Thumb Code     4  lto-llvm-217697.o(.text._platform_post_stackheap_init)
    main                                     0x08002f9d   Thumb Code  5460  lto-llvm-217697.o(.text.main)
    osDelay                                  0x0800486d   Thumb Code    32  rtx_delay.o(.text.osDelay)
    osKernelGetState                         0x08004891   Thumb Code    40  rtx_kernel.o(.text.osKernelGetState)
    osKernelGetTickCount                     0x080048bd   Thumb Code    32  rtx_kernel.o(.text.osKernelGetTickCount)
    osKernelInitialize                       0x080048e1   Thumb Code    40  rtx_kernel.o(.text.osKernelInitialize)
    osKernelStart                            0x0800490d   Thumb Code    32  rtx_kernel.o(.text.osKernelStart)
    osMutexAcquire                           0x08004931   Thumb Code    32  rtx_mutex.o(.text.osMutexAcquire)
    osMutexDelete                            0x08004955   Thumb Code    32  rtx_mutex.o(.text.osMutexDelete)
    osMutexNew                               0x08004979   Thumb Code    32  rtx_mutex.o(.text.osMutexNew)
    osMutexRelease                           0x0800499d   Thumb Code    32  rtx_mutex.o(.text.osMutexRelease)
    osRtxErrorNotify                         0x080049c1   Thumb Code     2  lto-llvm-217697.o(.text.osRtxErrorNotify)
    osRtxIdleThread                          0x080049c3   Thumb Code     2  lto-llvm-217697.o(.text.osRtxIdleThread)
    osRtxKernelErrorNotify                   0x080049c5   Thumb Code     4  rtx_kernel.o(.text.osRtxKernelErrorNotify)
    osRtxKernelPreInit                       0x080049c9   Thumb Code     2  rtx_kernel.o(.text.osRtxKernelPreInit)
    osRtxMemoryAlloc                         0x080049cb   Thumb Code   108  rtx_memory.o(.text.osRtxMemoryAlloc)
    osRtxMemoryFree                          0x08004a37   Thumb Code    66  rtx_memory.o(.text.osRtxMemoryFree)
    osRtxMemoryInit                          0x08004a79   Thumb Code    54  rtx_memory.o(.text.osRtxMemoryInit)
    osRtxMemoryPoolAlloc                     0x08004aaf   Thumb Code    58  rtx_mempool.o(.text.osRtxMemoryPoolAlloc)
    osRtxMemoryPoolFree                      0x08004ae9   Thumb Code    74  rtx_mempool.o(.text.osRtxMemoryPoolFree)
    osRtxMemoryPoolInit                      0x08004b33   Thumb Code    56  rtx_mempool.o(.text.osRtxMemoryPoolInit)
    osRtxMutexOwnerRelease                   0x08004b6b   Thumb Code    72  rtx_mutex.o(.text.osRtxMutexOwnerRelease)
    osRtxMutexOwnerRestore                   0x08004bb3   Thumb Code    66  rtx_mutex.o(.text.osRtxMutexOwnerRestore)
    osRtxPendSV_Handler                      0x08004bf5   Thumb Code   136  rtx_system.o(.text.osRtxPendSV_Handler)
    osRtxPostProcess                         0x08004c81   Thumb Code   108  rtx_system.o(.text.osRtxPostProcess)
    osRtxThreadDelayTick                     0x08004e15   Thumb Code    72  rtx_thread.o(.text.osRtxThreadDelayTick)
    osRtxThreadDispatch                      0x08004e7d   Thumb Code    80  rtx_thread.o(.text.osRtxThreadDispatch)
    osRtxThreadListGet                       0x08004f43   Thumb Code    18  rtx_thread.o(.text.osRtxThreadListGet)
    osRtxThreadListPut                       0x08004f55   Thumb Code    44  rtx_thread.o(.text.osRtxThreadListPut)
    osRtxThreadListRemove                    0x08004f81   Thumb Code    20  rtx_thread.o(.text.osRtxThreadListRemove)
    osRtxThreadListSort                      0x08004fa1   Thumb Code    38  rtx_thread.o(.text.osRtxThreadListSort)
    osRtxThreadReadyPut                      0x08004ff1   Thumb Code    16  rtx_thread.o(.text.osRtxThreadReadyPut)
    osRtxThreadStartup                       0x08005001   Thumb Code    48  rtx_thread.o(.text.osRtxThreadStartup)
    osRtxThreadSwitch                        0x08005039   Thumb Code    12  rtx_thread.o(.text.osRtxThreadSwitch)
    osRtxThreadWaitEnter                     0x08005049   Thumb Code    56  rtx_thread.o(.text.osRtxThreadWaitEnter)
    osRtxThreadWaitExit                      0x08005085   Thumb Code    48  rtx_thread.o(.text.osRtxThreadWaitExit)
    osRtxTick_Handler                        0x080050b5   Thumb Code   116  rtx_system.o(.text.osRtxTick_Handler)
    osSemaphoreNew                           0x0800512d   Thumb Code    32  rtx_semaphore.o(.text.osSemaphoreNew)
    osSemaphoreRelease                       0x08005151   Thumb Code    72  rtx_semaphore.o(.text.osSemaphoreRelease)
    osThreadExit                             0x0800519d   Thumb Code     8  rtx_thread.o(.text.osThreadExit)
    osThreadNew                              0x080051a9   Thumb Code    32  rtx_thread.o(.text.osThreadNew)
    osThreadSetPriority                      0x080051cd   Thumb Code    32  rtx_thread.o(.text.osThreadSetPriority)
    _fp_init                                 0x080063d5   Thumb Code    26  fpinit.o(x$fpl$fpinit)
    __fplib_config_fpu_vfp                   0x080063ed   Thumb Code     0  fpinit.o(x$fpl$fpinit)
    __fplib_config_pureend_doubles           0x080063ed   Thumb Code     0  fpinit.o(x$fpl$fpinit)
    osRtxConfig                              0x08006458   Data         112  lto-llvm-217697.o(.rodata)
    osRtxUserSVC                             0x080064ec   Data           4  lto-llvm-217697.o(.rodata)
    os_cb_sections                           0x080064f0   Data          56  lto-llvm-217697.o(.rodata)
    Region$$Table$$Base                      0x08006820   Number         0  anon$$obj.o(Region$$Table)
    Region$$Table$$Limit                     0x08006860   Number         0  anon$$obj.o(Region$$Table)



==============================================================================

Memory Map of the image

  Image Entry point : 0x08000299

  Load Region LR_IROM1 (Base: 0x08000000, Size: 0x0001e940, Max: 0x00200000, ABSOLUTE, COMPRESSED[0x00006c4c])

    Execution Region IRAM_MAIN (Exec base: 0x00000000, Load base: 0x08006860, Size: 0x00003268, Max: 0x00010000, ABSOLUTE)

    Exec Addr    Load Addr    Size         Type   Attr      Idx    E Section Name        Object

    0x00000000   0x08006860   0x00000038   Data   RW          848    .data               lto-llvm-217697.o
    0x00000038   0x08006898   0x000000a4   Data   RW          106    .data.os            RTX_CM4F.lib(rtx_kernel.o)
    0x000000dc   0x0800693c   0x00000004   PAD
    0x000000e0        -       0x00000060   Zero   RW          509    .bss                c_w.l(libspace.o)
    0x00000140        -       0x00000198   Zero   RW          840    .bss                lto-llvm-217697.o
    0x000002d8        -       0x00000001   Zero   RW          454    .bss.os             RTX_CM4F.lib(os_systick.o)
    0x000002d9   0x0800693c   0x00000007   PAD
    0x000002e0        -       0x00002840   Zero   RW          842    .bss.os             lto-llvm-217697.o
    0x00002b20        -       0x00000044   Zero   RW          843    .bss.os.thread.cb   lto-llvm-217697.o
    0x00002b64   0x0800693c   0x00000004   PAD
    0x00002b68        -       0x00000100   Zero   RW          844    .bss.os.thread.idle.stack  lto-llvm-217697.o
    0x00002c68        -       0x00000000   Zero   RW           33    HEAP                startup_stm32h743xx.o
    0x00002c68        -       0x00000600   Zero   RW           32    STACK               startup_stm32h743xx.o


    Execution Region ER_IROM1 (Exec base: 0x08000000, Load base: 0x08000000, Size: 0x00006860, Max: 0x00200000, ABSOLUTE)

    Exec Addr    Load Addr    Size         Type   Attr      Idx    E Section Name        Object

    0x08000000   0x08000000   0x00000298   Data   RO           34    RESET               startup_stm32h743xx.o
    0x08000298   0x08000298   0x00000008   Code   RO          480  * !!!main             c_w.l(__main.o)
    0x080002a0   0x080002a0   0x00000034   Code   RO          876    !!!scatter          c_w.l(__scatter.o)
    0x080002d4   0x080002d4   0x0000003a   Code   RO          874    !!dczerorl          c_w.l(__dczerorl.o)
    0x0800030e   0x0800030e   0x00000002   PAD
    0x08000310   0x08000310   0x0000001a   Code   RO          878    !!handler_copy      c_w.l(__scatter_copy.o)
    0x0800032a   0x0800032a   0x00000002   PAD
    0x0800032c   0x0800032c   0x0000001c   Code   RO          880    !!handler_zi        c_w.l(__scatter_zi.o)
    0x08000348   0x08000348   0x00000002   Code   RO          507    .ARM.Collect$$libinit$$00000000  c_w.l(libinit.o)
    0x0800034a   0x0800034a   0x00000004   Code   RO          513    .ARM.Collect$$libinit$$00000001  c_w.l(libinit2.o)
    0x0800034e   0x0800034e   0x00000000   Code   RO          516    .ARM.Collect$$libinit$$00000004  c_w.l(libinit2.o)
    0x0800034e   0x0800034e   0x00000000   Code   RO          519    .ARM.Collect$$libinit$$0000000A  c_w.l(libinit2.o)
    0x0800034e   0x0800034e   0x00000000   Code   RO          521    .ARM.Collect$$libinit$$0000000C  c_w.l(libinit2.o)
    0x0800034e   0x0800034e   0x00000000   Code   RO          523    .ARM.Collect$$libinit$$0000000E  c_w.l(libinit2.o)
    0x0800034e   0x0800034e   0x00000000   Code   RO          526    .ARM.Collect$$libinit$$00000011  c_w.l(libinit2.o)
    0x0800034e   0x0800034e   0x00000000   Code   RO          528    .ARM.Collect$$libinit$$00000013  c_w.l(libinit2.o)
    0x0800034e   0x0800034e   0x00000000   Code   RO          530    .ARM.Collect$$libinit$$00000015  c_w.l(libinit2.o)
    0x0800034e   0x0800034e   0x00000000   Code   RO          532    .ARM.Collect$$libinit$$00000017  c_w.l(libinit2.o)
    0x0800034e   0x0800034e   0x00000000   Code   RO          534    .ARM.Collect$$libinit$$00000019  c_w.l(libinit2.o)
    0x0800034e   0x0800034e   0x00000000   Code   RO          536    .ARM.Collect$$libinit$$0000001B  c_w.l(libinit2.o)
    0x0800034e   0x0800034e   0x00000000   Code   RO          538    .ARM.Collect$$libinit$$0000001D  c_w.l(libinit2.o)
    0x0800034e   0x0800034e   0x00000000   Code   RO          540    .ARM.Collect$$libinit$$0000001F  c_w.l(libinit2.o)
    0x0800034e   0x0800034e   0x00000000   Code   RO          542    .ARM.Collect$$libinit$$00000021  c_w.l(libinit2.o)
    0x0800034e   0x0800034e   0x00000000   Code   RO          544    .ARM.Collect$$libinit$$00000023  c_w.l(libinit2.o)
    0x0800034e   0x0800034e   0x00000000   Code   RO          546    .ARM.Collect$$libinit$$00000025  c_w.l(libinit2.o)
    0x0800034e   0x0800034e   0x00000000   Code   RO          550    .ARM.Collect$$libinit$$0000002C  c_w.l(libinit2.o)
    0x0800034e   0x0800034e   0x00000000   Code   RO          552    .ARM.Collect$$libinit$$0000002E  c_w.l(libinit2.o)
    0x0800034e   0x0800034e   0x00000000   Code   RO          554    .ARM.Collect$$libinit$$00000030  c_w.l(libinit2.o)
    0x0800034e   0x0800034e   0x00000000   Code   RO          556    .ARM.Collect$$libinit$$00000032  c_w.l(libinit2.o)
    0x0800034e   0x0800034e   0x00000002   Code   RO          557    .ARM.Collect$$libinit$$00000033  c_w.l(libinit2.o)
    0x08000350   0x08000350   0x00000002   Code   RO          579    .ARM.Collect$$libshutdown$$00000000  c_w.l(libshutdown.o)
    0x08000352   0x08000352   0x00000000   Code   RO          594    .ARM.Collect$$libshutdown$$00000002  c_w.l(libshutdown2.o)
    0x08000352   0x08000352   0x00000000   Code   RO          596    .ARM.Collect$$libshutdown$$00000004  c_w.l(libshutdown2.o)
    0x08000352   0x08000352   0x00000000   Code   RO          599    .ARM.Collect$$libshutdown$$00000007  c_w.l(libshutdown2.o)
    0x08000352   0x08000352   0x00000000   Code   RO          602    .ARM.Collect$$libshutdown$$0000000A  c_w.l(libshutdown2.o)
    0x08000352   0x08000352   0x00000000   Code   RO          604    .ARM.Collect$$libshutdown$$0000000C  c_w.l(libshutdown2.o)
    0x08000352   0x08000352   0x00000000   Code   RO          607    .ARM.Collect$$libshutdown$$0000000F  c_w.l(libshutdown2.o)
    0x08000352   0x08000352   0x00000002   Code   RO          608    .ARM.Collect$$libshutdown$$00000010  c_w.l(libshutdown2.o)
    0x08000354   0x08000354   0x00000000   Code   RO          482    .ARM.Collect$$rtentry$$00000000  c_w.l(__rtentry.o)
    0x08000354   0x08000354   0x00000000   Code   RO          486    .ARM.Collect$$rtentry$$00000002  c_w.l(__rtentry2.o)
    0x08000354   0x08000354   0x00000006   Code   RO          498    .ARM.Collect$$rtentry$$00000004  c_w.l(__rtentry4.o)
    0x0800035a   0x0800035a   0x00000008   Code   RO          487    .ARM.Collect$$rtentry$$00000008  c_w.l(__rtentry2.o)
    0x08000362   0x08000362   0x00000004   Code   RO          489    .ARM.Collect$$rtentry$$0000000A  c_w.l(__rtentry2.o)
    0x08000366   0x08000366   0x00000000   Code   RO          491    .ARM.Collect$$rtentry$$0000000C  c_w.l(__rtentry2.o)
    0x08000366   0x08000366   0x00000008   Code   RO          492    .ARM.Collect$$rtentry$$0000000D  c_w.l(__rtentry2.o)
    0x0800036e   0x0800036e   0x00000002   Code   RO          511    .ARM.Collect$$rtexit$$00000000  c_w.l(rtexit.o)
    0x08000370   0x08000370   0x00000000   Code   RO          559    .ARM.Collect$$rtexit$$00000002  c_w.l(rtexit2.o)
    0x08000370   0x08000370   0x00000004   Code   RO          560    .ARM.Collect$$rtexit$$00000003  c_w.l(rtexit2.o)
    0x08000374   0x08000374   0x00000006   Code   RO          561    .ARM.Collect$$rtexit$$00000004  c_w.l(rtexit2.o)
    0x0800037a   0x0800037a   0x00000002   PAD
    0x0800037c   0x0800037c   0x0000003c   Code   RO           35    .text               startup_stm32h743xx.o
    0x080003b8   0x080003b8   0x000000c8   Code   RO          348    .text               RTX_CM4F.lib(irq_armv7m.o)
    0x08000480   0x08000480   0x00000024   Code   RO          464    .text               c_w.l(strstr.o)
    0x080004a4   0x080004a4   0x0000008a   Code   RO          468    .text               c_w.l(rt_memcpy_v6.o)
    0x0800052e   0x0800052e   0x00000044   Code   RO          470    .text               c_w.l(rt_memclr.o)
    0x08000572   0x08000572   0x0000004e   Code   RO          472    .text               c_w.l(rt_memclr_w.o)
    0x080005c0   0x080005c0   0x00000056   Code   RO          474    .text               c_w.l(strncpy.o)
    0x08000616   0x08000616   0x00000002   PAD
    0x08000618   0x08000618   0x0000007c   Code   RO          476    .text               c_w.l(strcmpv7m_pel.o)
    0x08000694   0x08000694   0x00000006   Code   RO          478    .text               c_w.l(heapauxi.o)
    0x0800069a   0x0800069a   0x00000064   Code   RO          483    .text               c_w.l(rt_memcpy_w.o)
    0x080006fe   0x080006fe   0x0000004a   Code   RO          500    .text               c_w.l(sys_stackheap_outer.o)
    0x08000748   0x08000748   0x00000012   Code   RO          502    .text               c_w.l(exit.o)
    0x0800075a   0x0800075a   0x00000002   PAD
    0x0800075c   0x0800075c   0x00000008   Code   RO          508    .text               c_w.l(libspace.o)
    0x08000764   0x08000764   0x0000000c   Code   RO          569    .text               c_w.l(sys_exit.o)
    0x08000770   0x08000770   0x00000002   Code   RO          584    .text               c_w.l(use_no_semi.o)
    0x08000772   0x08000772   0x00000000   Code   RO          586    .text               c_w.l(indicate_semi.o)
    0x08000772   0x08000772   0x000000f0   Code   RO          856    .text               c_w.l(lludivv7m.o)
    0x08000862   0x08000862   0x00000084   Code   RO          858    .text               c_w.l(rt_memmove_v6.o)
    0x080008e6   0x080008e6   0x0000007a   Code   RO          860    .text               c_w.l(rt_memmove_w.o)
    0x08000960   0x08000960   0x00000002   Code   RO          670    .text.BusFault_Handler  lto-llvm-217697.o
    0x08000962   0x08000962   0x00000002   PAD
    0x08000964   0x08000964   0x00000008   Code   RO          676    .text.DMA1_Stream0_IRQHandler  lto-llvm-217697.o
    0x0800096c   0x0800096c   0x0000009c   Code   RO          752    .text.DMA_CalcBaseAndBitshift  lto-llvm-217697.o
    0x08000a08   0x08000a08   0x00000002   Code   RO          674    .text.DebugMon_Handler  lto-llvm-217697.o
    0x08000a0a   0x08000a0a   0x00000002   PAD
    0x08000a0c   0x08000a0c   0x00000318   Code   RO          754    .text.HAL_DMA_Abort  lto-llvm-217697.o
    0x08000d24   0x08000d24   0x00000548   Code   RO          756    .text.HAL_DMA_IRQHandler  lto-llvm-217697.o
    0x0800126c   0x0800126c   0x00000158   Code   RO          758    .text.HAL_GPIO_Init  lto-llvm-217697.o
    0x080013c4   0x080013c4   0x00000054   Code   RO          746    .text.HAL_InitTick  lto-llvm-217697.o
    0x08001418   0x08001418   0x0000004c   Code   RO          750    .text.HAL_MPU_ConfigRegion  lto-llvm-217697.o
    0x08001464   0x08001464   0x0000004c   Code   RO          748    .text.HAL_NVIC_SetPriority  lto-llvm-217697.o
    0x080014b0   0x080014b0   0x0000008c   Code   RO          772    .text.HAL_RCCEx_GetPLL2ClockFreq  lto-llvm-217697.o
    0x0800153c   0x0800153c   0x0000008c   Code   RO          774    .text.HAL_RCCEx_GetPLL3ClockFreq  lto-llvm-217697.o
    0x080015c8   0x080015c8   0x00000034   Code   RO          762    .text.HAL_RCC_GetHCLKFreq  lto-llvm-217697.o
    0x080015fc   0x080015fc   0x00000014   Code   RO          764    .text.HAL_RCC_GetPCLK1Freq  lto-llvm-217697.o
    0x08001610   0x08001610   0x0000001c   Code   RO          766    .text.HAL_RCC_GetPCLK2Freq  lto-llvm-217697.o
    0x0800162c   0x0800162c   0x000000f4   Code   RO          760    .text.HAL_RCC_GetSysClockFreq  lto-llvm-217697.o
    0x08001720   0x08001720   0x00000338   Code   RO          780    .text.HAL_UART_IRQHandler  lto-llvm-217697.o
    0x08001a58   0x08001a58   0x00000002   Code   RO          666    .text.HardFault_Handler  lto-llvm-217697.o
    0x08001a5a   0x08001a5a   0x00000002   Code   RO          668    .text.MemManage_Handler  lto-llvm-217697.o
    0x08001a5c   0x08001a5c   0x00000002   Code   RO          664    .text.NMI_Handler   lto-llvm-217697.o
    0x08001a5e   0x08001a5e   0x00000002   PAD
    0x08001a60   0x08001a60   0x00000008   Code   RO          442    .text.OS_Tick_AcknowledgeIRQ  RTX_CM4F.lib(os_systick.o)
    0x08001a68   0x08001a68   0x00000024   Code   RO          438    .text.OS_Tick_Enable  RTX_CM4F.lib(os_systick.o)
    0x08001a8c   0x08001a8c   0x00000006   Code   RO          444    .text.OS_Tick_GetIRQn  RTX_CM4F.lib(os_systick.o)
    0x08001a92   0x08001a92   0x00000002   PAD
    0x08001a94   0x08001a94   0x00000040   Code   RO          436    .text.OS_Tick_Setup  RTX_CM4F.lib(os_systick.o)
    0x08001ad4   0x08001ad4   0x0000000c   Code   RO          101    .text.OUTLINED_FUNCTION_0  RTX_CM4F.lib(rtx_kernel.o)
    0x08001ae0   0x08001ae0   0x00000006   Code   RO          243    .text.OUTLINED_FUNCTION_0  RTX_CM4F.lib(rtx_thread.o)
    0x08001ae6   0x08001ae6   0x00000008   Code   RO          788    .text.OUTLINED_FUNCTION_0  lto-llvm-217697.o
    0x08001aee   0x08001aee   0x00000006   Code   RO          103    .text.OUTLINED_FUNCTION_1  RTX_CM4F.lib(rtx_kernel.o)
    0x08001af4   0x08001af4   0x00000032   Code   RO          790    .text.OUTLINED_FUNCTION_1  lto-llvm-217697.o
    0x08001b26   0x08001b26   0x00000016   Code   RO          808    .text.OUTLINED_FUNCTION_10  lto-llvm-217697.o
    0x08001b3c   0x08001b3c   0x0000000e   Code   RO          810    .text.OUTLINED_FUNCTION_11  lto-llvm-217697.o
    0x08001b4a   0x08001b4a   0x0000000a   Code   RO          812    .text.OUTLINED_FUNCTION_12  lto-llvm-217697.o
    0x08001b54   0x08001b54   0x00000008   Code   RO          814    .text.OUTLINED_FUNCTION_13  lto-llvm-217697.o
    0x08001b5c   0x08001b5c   0x00000012   Code   RO          816    .text.OUTLINED_FUNCTION_14  lto-llvm-217697.o
    0x08001b6e   0x08001b6e   0x00000006   Code   RO          818    .text.OUTLINED_FUNCTION_15  lto-llvm-217697.o
    0x08001b74   0x08001b74   0x0000000e   Code   RO          820    .text.OUTLINED_FUNCTION_16  lto-llvm-217697.o
    0x08001b82   0x08001b82   0x00000010   Code   RO          822    .text.OUTLINED_FUNCTION_17  lto-llvm-217697.o
    0x08001b92   0x08001b92   0x0000000c   Code   RO          824    .text.OUTLINED_FUNCTION_18  lto-llvm-217697.o
    0x08001b9e   0x08001b9e   0x00000008   Code   RO          826    .text.OUTLINED_FUNCTION_19  lto-llvm-217697.o
    0x08001ba6   0x08001ba6   0x0000002e   Code   RO          792    .text.OUTLINED_FUNCTION_2  lto-llvm-217697.o
    0x08001bd4   0x08001bd4   0x00000006   Code   RO          828    .text.OUTLINED_FUNCTION_20  lto-llvm-217697.o
    0x08001bda   0x08001bda   0x0000000a   Code   RO          830    .text.OUTLINED_FUNCTION_21  lto-llvm-217697.o
    0x08001be4   0x08001be4   0x0000000a   Code   RO          832    .text.OUTLINED_FUNCTION_22  lto-llvm-217697.o
    0x08001bee   0x08001bee   0x0000000e   Code   RO          834    .text.OUTLINED_FUNCTION_23  lto-llvm-217697.o
    0x08001bfc   0x08001bfc   0x0000000a   Code   RO          794    .text.OUTLINED_FUNCTION_3  lto-llvm-217697.o
    0x08001c06   0x08001c06   0x0000001e   Code   RO          796    .text.OUTLINED_FUNCTION_4  lto-llvm-217697.o
    0x08001c24   0x08001c24   0x0000001e   Code   RO          798    .text.OUTLINED_FUNCTION_5  lto-llvm-217697.o
    0x08001c42   0x08001c42   0x0000001a   Code   RO          800    .text.OUTLINED_FUNCTION_6  lto-llvm-217697.o
    0x08001c5c   0x08001c5c   0x00000018   Code   RO          802    .text.OUTLINED_FUNCTION_7  lto-llvm-217697.o
    0x08001c74   0x08001c74   0x00000016   Code   RO          804    .text.OUTLINED_FUNCTION_8  lto-llvm-217697.o
    0x08001c8a   0x08001c8a   0x00000016   Code   RO          806    .text.OUTLINED_FUNCTION_9  lto-llvm-217697.o
    0x08001ca0   0x08001ca0   0x000000c0   Code   RO          768    .text.RCCEx_PLL2_Config  lto-llvm-217697.o
    0x08001d60   0x08001d60   0x000000c0   Code   RO          770    .text.RCCEx_PLL3_Config  lto-llvm-217697.o
    0x08001e20   0x08001e20   0x0000002e   Code   RO          335    .text.SemaphoreTokenIncrement  RTX_CM4F.lib(rtx_semaphore.o)
    0x08001e4e   0x08001e4e   0x00000002   PAD
    0x08001e50   0x08001e50   0x000000bc   Code   RO          786    .text.SystemInit    lto-llvm-217697.o
    0x08001f0c   0x08001f0c   0x00000064   Code   RO          195    .text.ThreadFlagsCheck  RTX_CM4F.lib(rtx_thread.o)
    0x08001f70   0x08001f70   0x00000044   Code   RO          784    .text.UARTEx_SetNbDataToProcess  lto-llvm-217697.o
    0x08001fb4   0x08001fb4   0x0000000e   Code   RO          782    .text.UART_DMAAbortOnError  lto-llvm-217697.o
    0x08001fc2   0x08001fc2   0x00000002   PAD
    0x08001fc4   0x08001fc4   0x00000024   Code   RO          778    .text.UART_EndRxTransfer  lto-llvm-217697.o
    0x08001fe8   0x08001fe8   0x0000006c   Code   RO          776    .text.UART_WaitOnFlagUntilTimeout  lto-llvm-217697.o
    0x08002054   0x08002054   0x000000e8   Code   RO          678    .text.USART1_IRQHandler  lto-llvm-217697.o
    0x0800213c   0x0800213c   0x00000002   Code   RO          672    .text.UsageFault_Handler  lto-llvm-217697.o
    0x0800213e   0x0800213e   0x0000001a   Code   RO          728    .text._mutex_acquire  lto-llvm-217697.o
    0x08002158   0x08002158   0x00000006   Code   RO          730    .text._mutex_free   lto-llvm-217697.o
    0x0800215e   0x0800215e   0x0000001e   Code   RO          732    .text._mutex_initialize  lto-llvm-217697.o
    0x0800217c   0x0800217c   0x00000016   Code   RO          734    .text._mutex_release  lto-llvm-217697.o
    0x08002192   0x08002192   0x00000004   Code   RO          738    .text._platform_post_stackheap_init  lto-llvm-217697.o
    0x08002196   0x08002196   0x0000001e   Code   RO          686    .text.adjust_request_size  lto-llvm-217697.o
    0x080021b4   0x080021b4   0x00000080   Code   RO          716    .text.block_absorb  lto-llvm-217697.o
    0x08002234   0x08002234   0x000000d4   Code   RO          690    .text.block_insert  lto-llvm-217697.o
    0x08002308   0x08002308   0x0000000c   Code   RO          692    .text.block_link_next  lto-llvm-217697.o
    0x08002314   0x08002314   0x00000164   Code   RO          698    .text.block_locate_free  lto-llvm-217697.o
    0x08002478   0x08002478   0x0000001a   Code   RO          706    .text.block_mark_as_free  lto-llvm-217697.o
    0x08002492   0x08002492   0x0000001a   Code   RO          704    .text.block_mark_as_used  lto-llvm-217697.o
    0x080024ac   0x080024ac   0x00000080   Code   RO          718    .text.block_merge_next  lto-llvm-217697.o
    0x0800252c   0x0800252c   0x00000058   Code   RO          694    .text.block_next    lto-llvm-217697.o
    0x08002584   0x08002584   0x000000ec   Code   RO          700    .text.block_prepare_used  lto-llvm-217697.o
    0x08002670   0x08002670   0x0000002c   Code   RO          714    .text.block_remove  lto-llvm-217697.o
    0x0800269c   0x0800269c   0x00000154   Code   RO          702    .text.block_split   lto-llvm-217697.o
    0x080027f0   0x080027f0   0x0000002e   Code   RO          722    .text.ds_vector_at  lto-llvm-217697.o
    0x0800281e   0x0800281e   0x00000010   Code   RO          724    .text.ds_vector_lock  lto-llvm-217697.o
    0x0800282e   0x0800282e   0x00000010   Code   RO          726    .text.ds_vector_unlock  lto-llvm-217697.o
    0x0800283e   0x0800283e   0x00000002   PAD
    0x08002840   0x08002840   0x000000b0   Code   RO          684    .text.log_control   lto-llvm-217697.o
    0x080028f0   0x080028f0   0x000003e0   Code   RO          682    .text.log_out       lto-llvm-217697.o
    0x08002cd0   0x08002cd0   0x000002cc   Code   RO          680    .text.log_snprintf  lto-llvm-217697.o
    0x08002f9c   0x08002f9c   0x000015e0   Code   RO          662    .text.main          lto-llvm-217697.o
    0x0800457c   0x0800457c   0x00000060   Code   RO          696    .text.memory_alloc  lto-llvm-217697.o
    0x080045dc   0x080045dc   0x0000001a   Code   RO          710    .text.memory_calloc  lto-llvm-217697.o
    0x080045f6   0x080045f6   0x00000002   PAD
    0x080045f8   0x080045f8   0x000000f8   Code   RO          712    .text.memory_free   lto-llvm-217697.o
    0x080046f0   0x080046f0   0x0000017c   Code   RO          688    .text.memory_pool   lto-llvm-217697.o
    0x0800486c   0x0800486c   0x00000024   Code   RO          261    .text.osDelay       RTX_CM4F.lib(rtx_delay.o)
    0x08004890   0x08004890   0x0000002c   Code   RO           53    .text.osKernelGetState  RTX_CM4F.lib(rtx_kernel.o)
    0x080048bc   0x080048bc   0x00000024   Code   RO           69    .text.osKernelGetTickCount  RTX_CM4F.lib(rtx_kernel.o)
    0x080048e0   0x080048e0   0x0000002c   Code   RO           47    .text.osKernelInitialize  RTX_CM4F.lib(rtx_kernel.o)
    0x0800490c   0x0800490c   0x00000024   Code   RO           57    .text.osKernelStart  RTX_CM4F.lib(rtx_kernel.o)
    0x08004930   0x08004930   0x00000024   Code   RO          285    .text.osMutexAcquire  RTX_CM4F.lib(rtx_mutex.o)
    0x08004954   0x08004954   0x00000024   Code   RO          291    .text.osMutexDelete  RTX_CM4F.lib(rtx_mutex.o)
    0x08004978   0x08004978   0x00000024   Code   RO          281    .text.osMutexNew    RTX_CM4F.lib(rtx_mutex.o)
    0x0800499c   0x0800499c   0x00000024   Code   RO          287    .text.osMutexRelease  RTX_CM4F.lib(rtx_mutex.o)
    0x080049c0   0x080049c0   0x00000002   Code   RO          744    .text.osRtxErrorNotify  lto-llvm-217697.o
    0x080049c2   0x080049c2   0x00000002   Code   RO          742    .text.osRtxIdleThread  lto-llvm-217697.o
    0x080049c4   0x080049c4   0x00000004   Code   RO           45    .text.osRtxKernelErrorNotify  RTX_CM4F.lib(rtx_kernel.o)
    0x080049c8   0x080049c8   0x00000002   Code   RO           43    .text.osRtxKernelPreInit  RTX_CM4F.lib(rtx_kernel.o)
    0x080049ca   0x080049ca   0x0000006c   Code   RO          358    .text.osRtxMemoryAlloc  RTX_CM4F.lib(rtx_memory.o)
    0x08004a36   0x08004a36   0x00000042   Code   RO          360    .text.osRtxMemoryFree  RTX_CM4F.lib(rtx_memory.o)
    0x08004a78   0x08004a78   0x00000036   Code   RO          356    .text.osRtxMemoryInit  RTX_CM4F.lib(rtx_memory.o)
    0x08004aae   0x08004aae   0x0000003a   Code   RO          372    .text.osRtxMemoryPoolAlloc  RTX_CM4F.lib(rtx_mempool.o)
    0x08004ae8   0x08004ae8   0x0000004a   Code   RO          374    .text.osRtxMemoryPoolFree  RTX_CM4F.lib(rtx_mempool.o)
    0x08004b32   0x08004b32   0x00000038   Code   RO          370    .text.osRtxMemoryPoolInit  RTX_CM4F.lib(rtx_mempool.o)
    0x08004b6a   0x08004b6a   0x00000048   Code   RO          277    .text.osRtxMutexOwnerRelease  RTX_CM4F.lib(rtx_mutex.o)
    0x08004bb2   0x08004bb2   0x00000042   Code   RO          279    .text.osRtxMutexOwnerRestore  RTX_CM4F.lib(rtx_mutex.o)
    0x08004bf4   0x08004bf4   0x0000008c   Code   RO          424    .text.osRtxPendSV_Handler  RTX_CM4F.lib(rtx_system.o)
    0x08004c80   0x08004c80   0x00000070   Code   RO          426    .text.osRtxPostProcess  RTX_CM4F.lib(rtx_system.o)
    0x08004cf0   0x08004cf0   0x00000036   Code   RO          329    .text.osRtxSemaphorePostProcess  RTX_CM4F.lib(rtx_semaphore.o)
    0x08004d26   0x08004d26   0x00000002   PAD
    0x08004d28   0x08004d28   0x00000034   Code   RO          135    .text.osRtxThreadBlock  RTX_CM4F.lib(rtx_thread.o)
    0x08004d5c   0x08004d5c   0x0000007c   Code   RO          143    .text.osRtxThreadDelayInsert  RTX_CM4F.lib(rtx_thread.o)
    0x08004dd8   0x08004dd8   0x0000003c   Code   RO          139    .text.osRtxThreadDelayRemove  RTX_CM4F.lib(rtx_thread.o)
    0x08004e14   0x08004e14   0x00000048   Code   RO          125    .text.osRtxThreadDelayTick  RTX_CM4F.lib(rtx_thread.o)
    0x08004e5c   0x08004e5c   0x00000020   Code   RO          227    .text.osRtxThreadDestroy  RTX_CM4F.lib(rtx_thread.o)
    0x08004e7c   0x08004e7c   0x00000050   Code   RO          133    .text.osRtxThreadDispatch  RTX_CM4F.lib(rtx_thread.o)
    0x08004ecc   0x08004ecc   0x00000058   Code   RO          219    .text.osRtxThreadFree  RTX_CM4F.lib(rtx_thread.o)
    0x08004f24   0x08004f24   0x0000001e   Code   RO          225    .text.osRtxThreadJoinWakeup  RTX_CM4F.lib(rtx_thread.o)
    0x08004f42   0x08004f42   0x00000012   Code   RO          117    .text.osRtxThreadListGet  RTX_CM4F.lib(rtx_thread.o)
    0x08004f54   0x08004f54   0x0000002c   Code   RO          115    .text.osRtxThreadListPut  RTX_CM4F.lib(rtx_thread.o)
    0x08004f80   0x08004f80   0x00000014   Code   RO          121    .text.osRtxThreadListRemove  RTX_CM4F.lib(rtx_thread.o)
    0x08004f94   0x08004f94   0x0000000c   Code   RO          127    .text.osRtxThreadListRoot  RTX_CM4F.lib(rtx_thread.o)
    0x08004fa0   0x08004fa0   0x00000026   Code   RO          119    .text.osRtxThreadListSort  RTX_CM4F.lib(rtx_thread.o)
    0x08004fc6   0x08004fc6   0x00000028   Code   RO          193    .text.osRtxThreadPostProcess  RTX_CM4F.lib(rtx_thread.o)
    0x08004fee   0x08004fee   0x00000002   PAD
    0x08004ff0   0x08004ff0   0x00000010   Code   RO          123    .text.osRtxThreadReadyPut  RTX_CM4F.lib(rtx_thread.o)
    0x08005000   0x08005000   0x00000038   Code   RO          145    .text.osRtxThreadStartup  RTX_CM4F.lib(rtx_thread.o)
    0x08005038   0x08005038   0x00000010   Code   RO          131    .text.osRtxThreadSwitch  RTX_CM4F.lib(rtx_thread.o)
    0x08005048   0x08005048   0x0000003c   Code   RO          141    .text.osRtxThreadWaitEnter  RTX_CM4F.lib(rtx_thread.o)
    0x08005084   0x08005084   0x00000030   Code   RO          137    .text.osRtxThreadWaitExit  RTX_CM4F.lib(rtx_thread.o)
    0x080050b4   0x080050b4   0x00000078   Code   RO          422    .text.osRtxTick_Handler  RTX_CM4F.lib(rtx_system.o)
    0x0800512c   0x0800512c   0x00000024   Code   RO          313    .text.osSemaphoreNew  RTX_CM4F.lib(rtx_semaphore.o)
    0x08005150   0x08005150   0x0000004c   Code   RO          319    .text.osSemaphoreRelease  RTX_CM4F.lib(rtx_semaphore.o)
    0x0800519c   0x0800519c   0x0000000c   Code   RO          177    .text.osThreadExit  RTX_CM4F.lib(rtx_thread.o)
    0x080051a8   0x080051a8   0x00000024   Code   RO          149    .text.osThreadNew   RTX_CM4F.lib(rtx_thread.o)
    0x080051cc   0x080051cc   0x00000024   Code   RO          163    .text.osThreadSetPriority  RTX_CM4F.lib(rtx_thread.o)
    0x080051f0   0x080051f0   0x00000020   Code   RO          736    .text.os_kernel_is_active  lto-llvm-217697.o
    0x08005210   0x08005210   0x000000b0   Code   RO          708    .text.remove_free_block  lto-llvm-217697.o
    0x080052c0   0x080052c0   0x00000008   Code   RO          650    .text.rte_calloc    lto-llvm-217697.o
    0x080052c8   0x080052c8   0x00000098   Code   RO          658    .text.rte_data_out  lto-llvm-217697.o
    0x08005360   0x08005360   0x00000004   Code   RO          654    .text.rte_free      lto-llvm-217697.o
    0x08005364   0x08005364   0x00000004   Code   RO          646    .text.rte_get_tick  lto-llvm-217697.o
    0x08005368   0x08005368   0x00000008   Code   RO          648    .text.rte_malloc    lto-llvm-217697.o
    0x08005370   0x08005370   0x00000014   Code   RO          642    .text.rte_mutex_lock  lto-llvm-217697.o
    0x08005384   0x08005384   0x00000010   Code   RO          644    .text.rte_mutex_unlock  lto-llvm-217697.o
    0x08005394   0x08005394   0x000001b4   Code   RO          652    .text.rte_realloc   lto-llvm-217697.o
    0x08005548   0x08005548   0x00000018   Code   RO          660    .text.running_timer  lto-llvm-217697.o
    0x08005560   0x08005560   0x00000070   Code   RO          720    .text.single_timer_free_cb  lto-llvm-217697.o
    0x080055d0   0x080055d0   0x00000016   Code   RO          265    .text.svcRtxDelay   RTX_CM4F.lib(rtx_delay.o)
    0x080055e6   0x080055e6   0x00000002   PAD
    0x080055e8   0x080055e8   0x00000008   Code   RO           55    .text.svcRtxKernelGetState  RTX_CM4F.lib(rtx_kernel.o)
    0x080055f0   0x080055f0   0x00000008   Code   RO           71    .text.svcRtxKernelGetTickCount  RTX_CM4F.lib(rtx_kernel.o)
    0x080055f8   0x080055f8   0x000000f8   Code   RO           85    .text.svcRtxKernelInitialize  RTX_CM4F.lib(rtx_kernel.o)
    0x080056f0   0x080056f0   0x00000084   Code   RO           87    .text.svcRtxKernelStart  RTX_CM4F.lib(rtx_kernel.o)
    0x08005774   0x08005774   0x0000008c   Code   RO          297    .text.svcRtxMutexAcquire  RTX_CM4F.lib(rtx_mutex.o)
    0x08005800   0x08005800   0x000000ac   Code   RO          303    .text.svcRtxMutexDelete  RTX_CM4F.lib(rtx_mutex.o)
    0x080058ac   0x080058ac   0x00000064   Code   RO          293    .text.svcRtxMutexNew  RTX_CM4F.lib(rtx_mutex.o)
    0x08005910   0x08005910   0x000000b4   Code   RO          299    .text.svcRtxMutexRelease  RTX_CM4F.lib(rtx_mutex.o)
    0x080059c4   0x080059c4   0x00000078   Code   RO          327    .text.svcRtxSemaphoreNew  RTX_CM4F.lib(rtx_semaphore.o)
    0x08005a3c   0x08005a3c   0x00000038   Code   RO          337    .text.svcRtxSemaphoreRelease  RTX_CM4F.lib(rtx_semaphore.o)
    0x08005a74   0x08005a74   0x0000004c   Code   RO          223    .text.svcRtxThreadExit  RTX_CM4F.lib(rtx_thread.o)
    0x08005ac0   0x08005ac0   0x000001ec   Code   RO          147    .text.svcRtxThreadNew  RTX_CM4F.lib(rtx_thread.o)
    0x08005cac   0x08005cac   0x00000048   Code   RO          205    .text.svcRtxThreadSetPriority  RTX_CM4F.lib(rtx_thread.o)
    0x08005cf4   0x08005cf4   0x000006e0   Code   RO          656    .text.system_thread  lto-llvm-217697.o
    0x080063d4   0x080063d4   0x0000001a   Code   RO          567    x$fpl$fpinit        fz_wv.l(fpinit.o)
    0x080063ee   0x080063ee   0x00000002   PAD
    0x080063f0   0x080063f0   0x00000150   Data   RO          836    .rodata             lto-llvm-217697.o
    0x08006540   0x08006540   0x00000010   Data   RO          847    .rodata.cst16       lto-llvm-217697.o
    0x08006550   0x08006550   0x00000018   Data   RO          846    .rodata.cst8        lto-llvm-217697.o
    0x08006568   0x08006568   0x000002ac   Data   RO          839    .rodata.str1.1      lto-llvm-217697.o
    0x08006814   0x08006814   0x0000000b   Data   RO          105    .rodata.str1.4      RTX_CM4F.lib(rtx_kernel.o)
    0x0800681f   0x0800681f   0x00000001   PAD
    0x08006820   0x08006820   0x00000040   Data   RO          873    Region$$Table       anon$$obj.o


    Execution Region IRAM_MATH (Exec base: 0x20000000, Load base: 0x08006940, Size: 0x00000000, Max: 0x00020000, ABSOLUTE)

    **** No section assigned to this execution region ****


    Execution Region IRAM_CAM (Exec base: 0x24000000, Load base: 0x08006940, Size: 0x00000000, Max: 0x00080000, ABSOLUTE)

    **** No section assigned to this execution region ****


    Execution Region IRAM_GUI (Exec base: 0x30000000, Load base: 0x08006940, Size: 0x00000000, Max: 0x00040000, ABSOLUTE)

    **** No section assigned to this execution region ****


    Execution Region IRAM_JPEG (Exec base: 0x30040000, Load base: 0x08006940, Size: 0x00008000, Max: 0x00008000, ABSOLUTE, COMPRESSED[0x00000104])

    Exec Addr    Load Addr    Size         Type   Attr      Idx    E Section Name        Object

    0x30040000   COMPRESSED   0x00008000   Data   RW          838    .RAM_DMA            lto-llvm-217697.o


    Execution Region IRAM_RTE (Exec base: 0x38000000, Load base: 0x08006a44, Size: 0x00010000, Max: 0x00010000, ABSOLUTE, COMPRESSED[0x00000208])

    Exec Addr    Load Addr    Size         Type   Attr      Idx    E Section Name        Object

    0x38000000   COMPRESSED   0x00010000   Data   RW          837    .RAM_RTE            lto-llvm-217697.o


==============================================================================

Image component sizes


      Code (inc. data)   RO Data    RW Data    ZI Data      Debug   Object Name

     18596       2232       1060      98360      11036     127939   lto-llvm-217697.o
        60         22        664          0       1536        888   startup_stm32h743xx.o

    ----------------------------------------------------------------------
     18668       2254       1788      98360      12576     128827   Object Totals
         0          0         64          0          0          0   (incl. Generated)
        12          0          0          0          4          0   (incl. Padding)

    ----------------------------------------------------------------------

      Code (inc. data)   RO Data    RW Data    ZI Data      Debug   Library Member Name

       200         12          0          0          0        634   irq_armv7m.o
       114         20          0          0          1       3200   os_systick.o
        58          4          0          0          0       2791   rtx_delay.o
       580         32         11        164          0      16501   rtx_kernel.o
       228          0          0          0          0       2537   rtx_memory.o
       188          0          0          0          0      16008   rtx_mempool.o
       874         20          0          0          0       9962   rtx_mutex.o
       388         12          0          0          0      10527   rtx_semaphore.o
       372         22          0          0          0       5296   rtx_system.o
      1736         56          0          0          0      31847   rtx_thread.o
        58          0          0          0          0          0   __dczerorl.o
         8          0          0          0          0         68   __main.o
         0          0          0          0          0          0   __rtentry.o
        20          0          0          0          0          0   __rtentry2.o
         6          0          0          0          0          0   __rtentry4.o
        52          8          0          0          0          0   __scatter.o
        26          0          0          0          0          0   __scatter_copy.o
        28          0          0          0          0          0   __scatter_zi.o
        18          0          0          0          0         80   exit.o
         6          0          0          0          0        152   heapauxi.o
         0          0          0          0          0          0   indicate_semi.o
         2          0          0          0          0          0   libinit.o
         6          0          0          0          0          0   libinit2.o
         2          0          0          0          0          0   libshutdown.o
         2          0          0          0          0          0   libshutdown2.o
         8          4          0          0         96         68   libspace.o
       240          0          0          0          0        100   lludivv7m.o
        68          0          0          0          0         68   rt_memclr.o
        78          0          0          0          0         80   rt_memclr_w.o
       138          0          0          0          0         68   rt_memcpy_v6.o
       100          0          0          0          0         80   rt_memcpy_w.o
       132          0          0          0          0         68   rt_memmove_v6.o
       122          0          0          0          0         80   rt_memmove_w.o
         2          0          0          0          0          0   rtexit.o
        10          0          0          0          0          0   rtexit2.o
       124          0          0          0          0         88   strcmpv7m_pel.o
        86          0          0          0          0         76   strncpy.o
        36          0          0          0          0         80   strstr.o
        12          4          0          0          0         68   sys_exit.o
        74          0          0          0          0         80   sys_stackheap_outer.o
         2          0          0          0          0         68   use_no_semi.o
        26          0          0          0          0        116   fpinit.o

    ----------------------------------------------------------------------
      6252        194         12        164        108     100791   Library Totals
        22          0          1          0         11          0   (incl. Padding)

    ----------------------------------------------------------------------

      Code (inc. data)   RO Data    RW Data    ZI Data      Debug   Library Name

      4738        178         11        164          1      99303   RTX_CM4F.lib
      1466         16          0          0         96       1372   c_w.l
        26          0          0          0          0        116   fz_wv.l

    ----------------------------------------------------------------------
      6252        194         12        164        108     100791   Library Totals

    ----------------------------------------------------------------------

==============================================================================


      Code (inc. data)   RO Data    RW Data    ZI Data      Debug   

     24920       2448       1800      98524      12684     228882   Grand Totals
     24920       2448       1800       1000      12684     228882   ELF Image Totals (compressed)
     24920       2448       1800       1000          0          0   ROM Totals

==============================================================================

    Total RO  Size (Code + RO Data)                26720 (  26.09kB)
    Total RW  Size (RW Data + ZI Data)            111208 ( 108.60kB)
    Total ROM Size (Code + RO Data + RW Data)      27720 (  27.07kB)

==============================================================================

