<html>
<body>
<pre>
<h1>µVision Build Log</h1>
<h2>Tool Versions:</h2>
IDE-Version: ¦ÌVision V5.36.0.0
Copyright (C) 2021 ARM Ltd and ARM Germany GmbH. All rights reserved.
License Information: Leon Shan, sd, LIC=GMZI6-DB4L8-45LT5-GUHCR-9FM8I-J5I5Y
 
Tool Versions:
Toolchain:       MDK-ARM Plus  Version: 5.36.0.0
Toolchain Path:  C:\UserProfession\Keil_v5\ARM\ARMCLANG\Bin
C Compiler:      ArmClang.exe V6.16
Assembler:       Armasm.exe V6.16
Linker/Locator:  ArmLink.exe V6.16
Library Manager: ArmAr.exe V6.16
Hex Converter:   FromElf.exe V6.16
CPU DLL:         SARMCM3.DLL V5.36.0.0
Dialog DLL:      DCM.DLL V1.17.3.0
Target DLL:      STLink\ST-LINKIII-KEIL_SWO.dll V3.0.9.0
Dialog DLL:      TCM.DLL V1.53.0.0
 
<h2>Project:</h2>
F:\01Work\03SL_SDK\example\mdk_stm32h7_demo\cam_h7.uvprojx
Project File Date:  01/03/2022

<h2>Output:</h2>
*** Using Compiler 'V6.16', folder: 'C:\UserProfession\Keil_v5\ARM\ARMCLANG\Bin'
Build target 'Target 1'
compiling fota.c...
linking...
.\Objects\cam_h7.sct(13): warning: L6314W: No section matches pattern *(.RAM_BK1).
.\Objects\cam_h7.sct(16): warning: L6314W: No section matches pattern *(.RAM_MATH).
.\Objects\cam_h7.sct(31): warning: L6314W: No section matches pattern *(.RAM_BK2).
.\Objects\cam_h7.sct(38): warning: L6314W: No section matches pattern *.o(EXCODE).
.\Objects\cam_h7.sct(39): warning: L6314W: No section matches pattern *(.ROM_EX).
Program Size: Code=77568 RO-data=16348 RW-data=295364 ZI-data=68276  
Finished: 0 information, 5 warning and 0 error messages.
FromELF: creating hex file...
".\Objects\cam_h7.axf" - 0 Error(s), 5 Warning(s).

<h2>Software Packages used:</h2>

Package Vendor: Keil
                http://www.keil.com/pack/Keil.STM32H7xx_DFP.2.8.0.pack
                Keil.STM32H7xx_DFP.2.8.0
                STMicroelectronics STM32H7 Series Device Support and Examples

<h2>Collection of Component include folders:</h2>
  C:\UserProfession\Keil_v5\Packs\Keil\STM32H7xx_DFP\2.8.0\Drivers\CMSIS\Device\ST\STM32H7xx\Include

<h2>Collection of Component Files used:</h2>
Build Time Elapsed:  00:00:02
</pre>
</body>
</html>
