<html>
<body>
<pre>
<h1>µVision Build Log</h1>
<h2>Tool Versions:</h2>
IDE-Version: ¦ÌVision V5.26.0.0
Copyright (C) 2018 ARM Ltd and ARM Germany GmbH. All rights reserved.
License Information: sd sd, sd, LIC=HF856-D5WE0-UM49A-1XEQG-9UMX5-E54T2
 
Tool Versions:
Toolchain:       MDK-ARM Professional  Version: 5.26.0.0
Toolchain Path:  C:\Profession\Keil_v5\ARM\ARMCC\Bin
C Compiler:      Armcc.exe V5.06 update 6 (build 750)
Assembler:       Armasm.exe V5.06 update 6 (build 750)
Linker/Locator:  ArmLink.exe V5.06 update 6 (build 750)
Library Manager: ArmAr.exe V5.06 update 6 (build 750)
Hex Converter:   FromElf.exe V5.06 update 6 (build 750)
CPU DLL:         SARMCM3.DLL V5.26.0.0
Dialog DLL:      DCM.DLL V1.17.1.0
Target DLL:      lmidk-agdi.dll V???
Dialog DLL:      TCM.DLL V1.35.3.0
 
<h2>Project:</h2>
C:\Users\Shannon-PC\Desktop\AGV\AGVComBoard20180902\MDKPro\TM4CPro.uvprojx
Project File Date:  09/02/2018

<h2>Output:</h2>
*** Using Compiler 'V5.06 update 6 (build 750)', folder: 'C:\Profession\Keil_v5\ARM\ARMCC\Bin'
Rebuild target 'TM4C1294'
compiling eeprom.c...
compiling hibernate.c...
compiling cpu.c...
compiling systick.c...
compiling main.c...
compiling gpio.c...
compiling can.c...
compiling emac.c...
compiling interrupt.c...
compiling sw_crc.c...
compiling flash.c...
compiling sysctl.c...
compiling RTE_BGet.c...
compiling watchdog.c...
compiling uart.c...
compiling RTE_Core.c...
compiling RTE_RetargetIO.c...
compiling RTE_KVDB.c...
compiling RTE_RingQuene.c...
compiling RTE_StateMachine.c...
compiling RTE_Stdio.c...
compiling RTE_Stdlib.c...
compiling RTE_RoundRobin.c...
compiling RTE_Shell.c...
compiling BSP_Led.c...
compiling BSP_Interrupt.c...
compiling BSP_Systick.c...
compiling BSP_Com.c...
compiling BSP_Flash.c...
compiling BSP_CAN.c...
compiling BSP_WatchDog.c...
compiling BSP_Time.c...
compiling CAN_STATE.c...
compiling BSP_ETH.c...
compiling TCP_Client.c...
compiling TCP_Server.c...
compiling CAN_SEND.c...
compiling WebService_SoapFuncionName.c...
compiling AGV_SM.c...
..\AGV_APP\AGV_SM.c(9): warning:  #188-D: enumerated type mixed with another type
  AGV_SM_Arg_t AGV_RunningTask = {0};
..\AGV_APP\AGV_SM.c(267): warning:  #111-D: statement is unreachable
  	return RunArgs->AGVStateMachine.RunningState;	
..\AGV_APP\AGV_SM.c(358): warning:  #111-D: statement is unreachable
  	return RunArgs->AGVStateMachine.RunningState;	
..\AGV_APP\AGV_SM.c(449): warning:  #111-D: statement is unreachable
  	return RunArgs->AGVStateMachine.RunningState;	
..\AGV_APP\AGV_SM.c: 4 warnings, 0 errors
compiling WebService_Parser.c...
compiling Net_Config.c...
compiling mxml-attr.c...
compiling mxml-entity.c...
compiling WebService_Send.c...
compiling mxml-get.c...
compiling mxml-private.c...
compiling mxml-search.c...
compiling mxml-index.c...
compiling mxml-set.c...
compiling mxml-node.c...
compiling http_send.c...
compiling http_string.c...
assembling startup_TM4C129.s...
compiling mxml-string.c...
compiling rtx_lib.c...
compiling RTX_Config.c...
compiling mxml-file.c...
compiling system_TM4C129.c...
linking...
Program Size: Code=60876 RO-data=8992 RW-data=5736 ZI-data=85400  
".\Objects\TM4CPro.axf" - 0 Error(s), 4 Warning(s).

<h2>Software Packages used:</h2>

Package Vendor: ARM
                http://www.keil.com/pack/ARM.CMSIS.5.3.0.pack
                ARM.CMSIS.5.3.0
                CMSIS (Cortex Microcontroller Software Interface Standard)
   * Component: RTOS2 Version: 2.1.2
   * Component: CORE Version: 5.1.1
   * Component: Keil RTX5 Variant: Library Version: 5.3.0

Package Vendor: Keil
                http://www.keil.com/pack/Keil.TM4C_DFP.1.1.0.pack
                Keil.TM4C_DFP.1.1.0
                Texas Instruments Tiva C Series Device Support and Examples
   * Component: Startup Version: 1.0.0

<h2>Collection of Component include folders:</h2>
  .\RTE\CMSIS
  .\RTE\_TM4C1294
  C:\Profession\Keil_v5\ARM\PACK\ARM\CMSIS\5.3.0\CMSIS\Include
  C:\Profession\Keil_v5\ARM\PACK\ARM\CMSIS\5.3.0\CMSIS\RTOS2\Include
  C:\Profession\Keil_v5\ARM\PACK\ARM\CMSIS\5.3.0\CMSIS\RTOS2\RTX\Include
  C:\Profession\Keil_v5\ARM\PACK\Keil\TM4C_DFP\1.1.0\Device\Include\TM4C129

<h2>Collection of Component Files used:</h2>

   * Component: ::CMSIS:RTOS2:2.1.2 (API)
      Include file:  CMSIS\RTOS2\Include\cmsis_os2.h

   * Component: ARM::CMSIS:CORE:5.1.1

   * Component: ARM::CMSIS:RTOS2:Keil RTX5:Library:5.3.0
      Source file:   CMSIS\RTOS2\RTX\Template\main.c
      Source file:   CMSIS\RTOS2\RTX\Template\Events.c
      Include file:  CMSIS\RTOS2\RTX\Config\RTX_Config.h
      Include file:  CMSIS\RTOS2\RTX\Include\rtx_os.h
      Source file:   CMSIS\RTOS2\RTX\Config\RTX_Config.c
      Library file:  CMSIS\RTOS2\RTX\Library\ARM\RTX_CM4F.lib
      Source file:   CMSIS\RTOS2\RTX\Template\MemPool.c
      Source file:   CMSIS\RTOS2\RTX\Template\Mutex.c
      Source file:   CMSIS\RTOS2\RTX\Template\Thread.c
      Source file:   CMSIS\RTOS2\RTX\Source\rtx_lib.c
      Source file:   CMSIS\RTOS2\RTX\Template\svc_user.c
      Source file:   CMSIS\RTOS2\RTX\Template\Timer.c
      Source file:   CMSIS\RTOS2\RTX\Template\MsgQueue.c
      Source file:   CMSIS\RTOS2\RTX\Template\Semaphore.c

   * Component: Keil::Device:Startup:1.0.0
      Source file:   Device\Source\ARM\startup_TM4C129.s
      Source file:   Device\Source\system_TM4C129.c
      Include file:  Device\Include\TM4C129\TM4C129.h
Build Time Elapsed:  00:00:09
</pre>
</body>
</html>
